running egg_info
creating ../../build/flask_pkg/flask_pkg.egg-info
writing ../../build/flask_pkg/flask_pkg.egg-info/PKG-INFO
writing dependency_links to ../../build/flask_pkg/flask_pkg.egg-info/dependency_links.txt
writing entry points to ../../build/flask_pkg/flask_pkg.egg-info/entry_points.txt
writing requirements to ../../build/flask_pkg/flask_pkg.egg-info/requires.txt
writing top-level names to ../../build/flask_pkg/flask_pkg.egg-info/top_level.txt
writing manifest file '../../build/flask_pkg/flask_pkg.egg-info/SOURCES.txt'
reading manifest file '../../build/flask_pkg/flask_pkg.egg-info/SOURCES.txt'
writing manifest file '../../build/flask_pkg/flask_pkg.egg-info/SOURCES.txt'
running build
running build_py
creating /home/dron/Praca-magisterska/ros2_ws/build/flask_pkg/build
creating /home/dron/Praca-magisterska/ros2_ws/build/flask_pkg/build/lib
creating /home/dron/Praca-magisterska/ros2_ws/build/flask_pkg/build/lib/flask_pkg
copying flask_pkg/__init__.py -> /home/dron/Praca-magisterska/ros2_ws/build/flask_pkg/build/lib/flask_pkg
copying flask_pkg/flask_server.py -> /home/dron/Praca-magisterska/ros2_ws/build/flask_pkg/build/lib/flask_pkg
copying flask_pkg/flask_server_old.py -> /home/dron/Praca-magisterska/ros2_ws/build/flask_pkg/build/lib/flask_pkg
copying flask_pkg/flask_server copy.py -> /home/dron/Praca-magisterska/ros2_ws/build/flask_pkg/build/lib/flask_pkg
running install
running install_lib
creating /home/dron/Praca-magisterska/ros2_ws/install/flask_pkg/lib/python3.10/site-packages/flask_pkg
copying /home/dron/Praca-magisterska/ros2_ws/build/flask_pkg/build/lib/flask_pkg/__init__.py -> /home/dron/Praca-magisterska/ros2_ws/install/flask_pkg/lib/python3.10/site-packages/flask_pkg
copying /home/dron/Praca-magisterska/ros2_ws/build/flask_pkg/build/lib/flask_pkg/flask_server.py -> /home/dron/Praca-magisterska/ros2_ws/install/flask_pkg/lib/python3.10/site-packages/flask_pkg
copying /home/dron/Praca-magisterska/ros2_ws/build/flask_pkg/build/lib/flask_pkg/flask_server_old.py -> /home/dron/Praca-magisterska/ros2_ws/install/flask_pkg/lib/python3.10/site-packages/flask_pkg
copying /home/dron/Praca-magisterska/ros2_ws/build/flask_pkg/build/lib/flask_pkg/flask_server copy.py -> /home/dron/Praca-magisterska/ros2_ws/install/flask_pkg/lib/python3.10/site-packages/flask_pkg
byte-compiling /home/dron/Praca-magisterska/ros2_ws/install/flask_pkg/lib/python3.10/site-packages/flask_pkg/__init__.py to __init__.cpython-310.pyc
byte-compiling /home/dron/Praca-magisterska/ros2_ws/install/flask_pkg/lib/python3.10/site-packages/flask_pkg/flask_server.py to flask_server.cpython-310.pyc
byte-compiling /home/dron/Praca-magisterska/ros2_ws/install/flask_pkg/lib/python3.10/site-packages/flask_pkg/flask_server_old.py to flask_server_old.cpython-310.pyc
byte-compiling /home/dron/Praca-magisterska/ros2_ws/install/flask_pkg/lib/python3.10/site-packages/flask_pkg/flask_server copy.py to flask_server copy.cpython-310.pyc
running install_data
copying resource/flask_pkg -> /home/dron/Praca-magisterska/ros2_ws/install/flask_pkg/share/ament_index/resource_index/packages
copying package.xml -> /home/dron/Praca-magisterska/ros2_ws/install/flask_pkg/share/flask_pkg
running install_egg_info
Copying ../../build/flask_pkg/flask_pkg.egg-info to /home/dron/Praca-magisterska/ros2_ws/install/flask_pkg/lib/python3.10/site-packages/flask_pkg-0.0.0-py3.10.egg-info
running install_scripts
Installing flask_server script to /home/dron/Praca-magisterska/ros2_ws/install/flask_pkg/lib/flask_pkg
writing list of installed files to '/home/dron/Praca-magisterska/ros2_ws/build/flask_pkg/install.log'
