[6.813s] Invoking command in '/home/dron/Praca-magisterska/ros2_ws/src/flask_pkg': CMAKE_PREFIX_PATH=/home/dron/Praca-magisterska/ros2_ws/install/custom_msgs:/home/dron/Praca-magisterska/ros2_ws/install/my_cpp_pkg LD_LIBRARY_PATH=/home/dron/Praca-magisterska/ros2_ws/install/custom_msgs/lib:/opt/ros/humble/lib/aarch64-linux-gnu:/opt/ros/humble/lib PS1=(venv) \[\e]0;\u@\h: \w\a\]${debian_chroot:+($debian_chroot)}\u@\h:\w\$ PYTHONPATH=/home/dron/Praca-magisterska/ros2_ws/build/flask_pkg/prefix_override:/usr/lib/python3/dist-packages/colcon_core/task/python/colcon_distutils_commands:/home/dron/Praca-magisterska/ros2_ws/install/flask_pkg/lib/python3.10/site-packages:/home/dron/Praca-magisterska/ros2_ws/install/custom_msgs/local/lib/python3.10/dist-packages:${PYTHONPATH} VIRTUAL_ENV_PROMPT=(venv) /usr/bin/python3 -W ignore:setup.py install is deprecated -W ignore:easy_install command is deprecated setup.py egg_info --egg-base ../../build/flask_pkg build --build-base /home/dron/Praca-magisterska/ros2_ws/build/flask_pkg/build install --record /home/dron/Praca-magisterska/ros2_ws/build/flask_pkg/install.log --single-version-externally-managed install_data
[8.394s] running egg_info
[8.400s] creating ../../build/flask_pkg/flask_pkg.egg-info
[8.402s] writing ../../build/flask_pkg/flask_pkg.egg-info/PKG-INFO
[8.405s] writing dependency_links to ../../build/flask_pkg/flask_pkg.egg-info/dependency_links.txt
[8.407s] writing entry points to ../../build/flask_pkg/flask_pkg.egg-info/entry_points.txt
[8.409s] writing requirements to ../../build/flask_pkg/flask_pkg.egg-info/requires.txt
[8.411s] writing top-level names to ../../build/flask_pkg/flask_pkg.egg-info/top_level.txt
[8.414s] writing manifest file '../../build/flask_pkg/flask_pkg.egg-info/SOURCES.txt'
[8.424s] reading manifest file '../../build/flask_pkg/flask_pkg.egg-info/SOURCES.txt'
[8.430s] writing manifest file '../../build/flask_pkg/flask_pkg.egg-info/SOURCES.txt'
[8.432s] running build
[8.433s] running build_py
[8.436s] creating /home/dron/Praca-magisterska/ros2_ws/build/flask_pkg/build
[8.438s] creating /home/dron/Praca-magisterska/ros2_ws/build/flask_pkg/build/lib
[8.439s] creating /home/dron/Praca-magisterska/ros2_ws/build/flask_pkg/build/lib/flask_pkg
[8.441s] copying flask_pkg/__init__.py -> /home/dron/Praca-magisterska/ros2_ws/build/flask_pkg/build/lib/flask_pkg
[8.443s] copying flask_pkg/flask_server.py -> /home/dron/Praca-magisterska/ros2_ws/build/flask_pkg/build/lib/flask_pkg
[8.445s] copying flask_pkg/flask_server_old.py -> /home/dron/Praca-magisterska/ros2_ws/build/flask_pkg/build/lib/flask_pkg
[8.447s] copying flask_pkg/flask_server copy.py -> /home/dron/Praca-magisterska/ros2_ws/build/flask_pkg/build/lib/flask_pkg
[8.449s] running install
[8.452s] running install_lib
[8.457s] creating /home/dron/Praca-magisterska/ros2_ws/install/flask_pkg/lib/python3.10/site-packages/flask_pkg
[8.460s] copying /home/dron/Praca-magisterska/ros2_ws/build/flask_pkg/build/lib/flask_pkg/__init__.py -> /home/dron/Praca-magisterska/ros2_ws/install/flask_pkg/lib/python3.10/site-packages/flask_pkg
[8.464s] copying /home/dron/Praca-magisterska/ros2_ws/build/flask_pkg/build/lib/flask_pkg/flask_server.py -> /home/dron/Praca-magisterska/ros2_ws/install/flask_pkg/lib/python3.10/site-packages/flask_pkg
[8.468s] copying /home/dron/Praca-magisterska/ros2_ws/build/flask_pkg/build/lib/flask_pkg/flask_server_old.py -> /home/dron/Praca-magisterska/ros2_ws/install/flask_pkg/lib/python3.10/site-packages/flask_pkg
[8.473s] copying /home/dron/Praca-magisterska/ros2_ws/build/flask_pkg/build/lib/flask_pkg/flask_server copy.py -> /home/dron/Praca-magisterska/ros2_ws/install/flask_pkg/lib/python3.10/site-packages/flask_pkg
[8.477s] byte-compiling /home/dron/Praca-magisterska/ros2_ws/install/flask_pkg/lib/python3.10/site-packages/flask_pkg/__init__.py to __init__.cpython-310.pyc
[8.481s] byte-compiling /home/dron/Praca-magisterska/ros2_ws/install/flask_pkg/lib/python3.10/site-packages/flask_pkg/flask_server.py to flask_server.cpython-310.pyc
[8.498s] byte-compiling /home/dron/Praca-magisterska/ros2_ws/install/flask_pkg/lib/python3.10/site-packages/flask_pkg/flask_server_old.py to flask_server_old.cpython-310.pyc
[8.512s] byte-compiling /home/dron/Praca-magisterska/ros2_ws/install/flask_pkg/lib/python3.10/site-packages/flask_pkg/flask_server copy.py to flask_server copy.cpython-310.pyc
[8.520s] running install_data
[8.532s] copying resource/flask_pkg -> /home/dron/Praca-magisterska/ros2_ws/install/flask_pkg/share/ament_index/resource_index/packages
[8.535s] copying package.xml -> /home/dron/Praca-magisterska/ros2_ws/install/flask_pkg/share/flask_pkg
[8.538s] running install_egg_info
[8.556s] Copying ../../build/flask_pkg/flask_pkg.egg-info to /home/dron/Praca-magisterska/ros2_ws/install/flask_pkg/lib/python3.10/site-packages/flask_pkg-0.0.0-py3.10.egg-info
[8.571s] running install_scripts
[8.711s] Installing flask_server script to /home/dron/Praca-magisterska/ros2_ws/install/flask_pkg/lib/flask_pkg
[8.724s] writing list of installed files to '/home/dron/Praca-magisterska/ros2_ws/build/flask_pkg/install.log'
[10.169s] Invoked command in '/home/dron/Praca-magisterska/ros2_ws/src/flask_pkg' returned '0': CMAKE_PREFIX_PATH=/home/dron/Praca-magisterska/ros2_ws/install/custom_msgs:/home/dron/Praca-magisterska/ros2_ws/install/my_cpp_pkg LD_LIBRARY_PATH=/home/dron/Praca-magisterska/ros2_ws/install/custom_msgs/lib:/opt/ros/humble/lib/aarch64-linux-gnu:/opt/ros/humble/lib PS1=(venv) \[\e]0;\u@\h: \w\a\]${debian_chroot:+($debian_chroot)}\u@\h:\w\$ PYTHONPATH=/home/dron/Praca-magisterska/ros2_ws/build/flask_pkg/prefix_override:/usr/lib/python3/dist-packages/colcon_core/task/python/colcon_distutils_commands:/home/dron/Praca-magisterska/ros2_ws/install/flask_pkg/lib/python3.10/site-packages:/home/dron/Praca-magisterska/ros2_ws/install/custom_msgs/local/lib/python3.10/dist-packages:${PYTHONPATH} VIRTUAL_ENV_PROMPT=(venv) /usr/bin/python3 -W ignore:setup.py install is deprecated -W ignore:easy_install command is deprecated setup.py egg_info --egg-base ../../build/flask_pkg build --build-base /home/dron/Praca-magisterska/ros2_ws/build/flask_pkg/build install --record /home/dron/Praca-magisterska/ros2_ws/build/flask_pkg/install.log --single-version-externally-managed install_data
