[6.799s] Invoking command in '/home/dron/Praca-magisterska/ros2_ws/src/flight_controller_pkg': CMAKE_PREFIX_PATH=/home/dron/Praca-magisterska/ros2_ws/install/custom_msgs:/home/dron/Praca-magisterska/ros2_ws/install/my_cpp_pkg PS1=(venv) \[\e]0;\u@\h: \w\a\]${debian_chroot:+($debian_chroot)}\u@\h:\w\$ PYTHONPATH=/home/dron/Praca-magisterska/ros2_ws/build/flight_controller_pkg/prefix_override:/usr/lib/python3/dist-packages/colcon_core/task/python/colcon_distutils_commands:/home/dron/Praca-magisterska/ros2_ws/install/flight_controller_pkg/lib/python3.10/site-packages:${PYTHONPATH} VIRTUAL_ENV_PROMPT=(venv) /usr/bin/python3 -W ignore:setup.py install is deprecated -W ignore:easy_install command is deprecated setup.py egg_info --egg-base ../../build/flight_controller_pkg build --build-base /home/dron/Praca-magisterska/ros2_ws/build/flight_controller_pkg/build install --record /home/dron/Praca-magisterska/ros2_ws/build/flight_controller_pkg/install.log --single-version-externally-managed install_data
[8.262s] running egg_info
[8.266s] writing ../../build/flight_controller_pkg/flight_controller_pkg.egg-info/PKG-INFO
[8.266s] writing dependency_links to ../../build/flight_controller_pkg/flight_controller_pkg.egg-info/dependency_links.txt
[8.268s] writing entry points to ../../build/flight_controller_pkg/flight_controller_pkg.egg-info/entry_points.txt
[8.269s] writing requirements to ../../build/flight_controller_pkg/flight_controller_pkg.egg-info/requires.txt
[8.271s] writing top-level names to ../../build/flight_controller_pkg/flight_controller_pkg.egg-info/top_level.txt
[8.281s] reading manifest file '../../build/flight_controller_pkg/flight_controller_pkg.egg-info/SOURCES.txt'
[8.284s] writing manifest file '../../build/flight_controller_pkg/flight_controller_pkg.egg-info/SOURCES.txt'
[8.285s] running build
[8.286s] running build_py
[8.292s] running install
[8.292s] running install_lib
[8.298s] running install_data
[8.299s] running install_egg_info
[8.308s] removing '/home/dron/Praca-magisterska/ros2_ws/install/flight_controller_pkg/lib/python3.10/site-packages/flight_controller_pkg-0.0.0-py3.10.egg-info' (and everything under it)
[8.311s] Copying ../../build/flight_controller_pkg/flight_controller_pkg.egg-info to /home/dron/Praca-magisterska/ros2_ws/install/flight_controller_pkg/lib/python3.10/site-packages/flight_controller_pkg-0.0.0-py3.10.egg-info
[8.320s] running install_scripts
[8.443s] Installing imu_reader script to /home/dron/Praca-magisterska/ros2_ws/install/flight_controller_pkg/lib/flight_controller_pkg
[8.446s] writing list of installed files to '/home/dron/Praca-magisterska/ros2_ws/build/flight_controller_pkg/install.log'
[8.796s] Invoked command in '/home/dron/Praca-magisterska/ros2_ws/src/flight_controller_pkg' returned '0': CMAKE_PREFIX_PATH=/home/dron/Praca-magisterska/ros2_ws/install/custom_msgs:/home/dron/Praca-magisterska/ros2_ws/install/my_cpp_pkg PS1=(venv) \[\e]0;\u@\h: \w\a\]${debian_chroot:+($debian_chroot)}\u@\h:\w\$ PYTHONPATH=/home/dron/Praca-magisterska/ros2_ws/build/flight_controller_pkg/prefix_override:/usr/lib/python3/dist-packages/colcon_core/task/python/colcon_distutils_commands:/home/dron/Praca-magisterska/ros2_ws/install/flight_controller_pkg/lib/python3.10/site-packages:${PYTHONPATH} VIRTUAL_ENV_PROMPT=(venv) /usr/bin/python3 -W ignore:setup.py install is deprecated -W ignore:easy_install command is deprecated setup.py egg_info --egg-base ../../build/flight_controller_pkg build --build-base /home/dron/Praca-magisterska/ros2_ws/build/flight_controller_pkg/build install --record /home/dron/Praca-magisterska/ros2_ws/build/flight_controller_pkg/install.log --single-version-externally-managed install_data
