[0.090s] Invoking command in '/home/dron/Praca-magisterska/ros2_ws/build/custom_msgs': CMAKE_PREFIX_PATH=${CMAKE_PREFIX_PATH}:/opt/ros/humble:/home/dron/Praca-magisterska/ros2_ws/install/um7_pkg:/home/dron/Praca-magisterska/ros2_ws/install/my_py_pkg:/home/dron/Praca-magisterska/ros2_ws/install/log_data_pkg:/home/dron/Praca-magisterska/ros2_ws/install/flight_controller_pkg:/home/dron/Praca-magisterska/ros2_ws/install/flask_pkg:/home/dron/Praca-magisterska/ros2_ws/install/estimator_pkg PS1=(venv) \[\e]0;\u@\h: \w\a\]${debian_chroot:+($debian_chroot)}\u@\h:\w\$ VIRTUAL_ENV_PROMPT=(venv) /usr/bin/cmake /home/dron/Praca-magisterska/ros2_ws/src/custom_msgs -DCMAKE_INSTALL_PREFIX=/home/dron/Praca-magisterska/ros2_ws/install/custom_msgs
[0.188s] -- Found ament_cmake: 1.3.12 (/opt/ros/humble/share/ament_cmake/cmake)
[1.181s] -- Found Python3: /usr/bin/python3 (found version "3.10.12") found components: Interpreter 
[1.879s] -- Found rosidl_default_generators: 1.2.0 (/opt/ros/humble/share/rosidl_default_generators/cmake)
[1.914s] -- Using all available rosidl_typesupport_c: rosidl_typesupport_fastrtps_c;rosidl_typesupport_introspection_c
[1.981s] -- Found rosidl_adapter: 3.1.7 (/opt/ros/humble/share/rosidl_adapter/cmake)
[2.302s] -- Using all available rosidl_typesupport_cpp: rosidl_typesupport_fastrtps_cpp;rosidl_typesupport_introspection_cpp
[4.331s] -- Found ament_cmake_ros: 0.10.0 (/opt/ros/humble/share/ament_cmake_ros/cmake)
[5.522s] -- Using all available rosidl_typesupport_c: rosidl_typesupport_fastrtps_c;rosidl_typesupport_introspection_c
[6.790s] -- Using all available rosidl_typesupport_cpp: rosidl_typesupport_fastrtps_cpp;rosidl_typesupport_introspection_cpp
[6.910s] -- Found PythonInterp: /usr/bin/python3 (found suitable version "3.10.12", minimum required is "3.6") 
[6.927s] -- Found python_cmake_module: 0.10.0 (/opt/ros/humble/share/python_cmake_module/cmake)
[7.065s] -- Found PythonLibs: /usr/lib/aarch64-linux-gnu/libpython3.10.so (found suitable version "3.10.12", minimum required is "3.5") 
[7.066s] -- Using PYTHON_EXECUTABLE: /usr/bin/python3
[7.066s] -- Using PYTHON_INCLUDE_DIRS: /usr/include/python3.10
[7.067s] -- Using PYTHON_LIBRARIES: /usr/lib/aarch64-linux-gnu/libpython3.10.so
[7.179s] -- Found PythonExtra: .so  
[7.377s] -- Found ament_lint_auto: 0.12.14 (/opt/ros/humble/share/ament_lint_auto/cmake)
[7.588s] -- Added test 'lint_cmake' to check CMake code style
[7.602s] -- Added test 'xmllint' to check XML markup files
[7.623s] -- Configuring done
[7.837s] -- Generating done
[7.885s] -- Build files have been written to: /home/dron/Praca-magisterska/ros2_ws/build/custom_msgs
[7.900s] Invoked command in '/home/dron/Praca-magisterska/ros2_ws/build/custom_msgs' returned '0': CMAKE_PREFIX_PATH=${CMAKE_PREFIX_PATH}:/opt/ros/humble:/home/dron/Praca-magisterska/ros2_ws/install/um7_pkg:/home/dron/Praca-magisterska/ros2_ws/install/my_py_pkg:/home/dron/Praca-magisterska/ros2_ws/install/log_data_pkg:/home/dron/Praca-magisterska/ros2_ws/install/flight_controller_pkg:/home/dron/Praca-magisterska/ros2_ws/install/flask_pkg:/home/dron/Praca-magisterska/ros2_ws/install/estimator_pkg PS1=(venv) \[\e]0;\u@\h: \w\a\]${debian_chroot:+($debian_chroot)}\u@\h:\w\$ VIRTUAL_ENV_PROMPT=(venv) /usr/bin/cmake /home/dron/Praca-magisterska/ros2_ws/src/custom_msgs -DCMAKE_INSTALL_PREFIX=/home/dron/Praca-magisterska/ros2_ws/install/custom_msgs
[7.909s] Invoking command in '/home/dron/Praca-magisterska/ros2_ws/build/custom_msgs': CMAKE_PREFIX_PATH=${CMAKE_PREFIX_PATH}:/opt/ros/humble:/home/dron/Praca-magisterska/ros2_ws/install/um7_pkg:/home/dron/Praca-magisterska/ros2_ws/install/my_py_pkg:/home/dron/Praca-magisterska/ros2_ws/install/log_data_pkg:/home/dron/Praca-magisterska/ros2_ws/install/flight_controller_pkg:/home/dron/Praca-magisterska/ros2_ws/install/flask_pkg:/home/dron/Praca-magisterska/ros2_ws/install/estimator_pkg PS1=(venv) \[\e]0;\u@\h: \w\a\]${debian_chroot:+($debian_chroot)}\u@\h:\w\$ VIRTUAL_ENV_PROMPT=(venv) /usr/bin/cmake --build /home/dron/Praca-magisterska/ros2_ws/build/custom_msgs -- -j4 -l4
[8.149s] [  1%] [34m[1mGenerating C code for ROS interfaces[0m
[8.196s] [  2%] [34m[1mGenerating C++ code for ROS interfaces[0m
[8.234s] [  2%] Built target ament_cmake_python_copy_custom_msgs
[9.783s] running egg_info
[9.786s] creating custom_msgs.egg-info
[9.787s] writing custom_msgs.egg-info/PKG-INFO
[9.788s] writing dependency_links to custom_msgs.egg-info/dependency_links.txt
[9.789s] writing top-level names to custom_msgs.egg-info/top_level.txt
[9.790s] writing manifest file 'custom_msgs.egg-info/SOURCES.txt'
[9.801s] reading manifest file 'custom_msgs.egg-info/SOURCES.txt'
[9.803s] writing manifest file 'custom_msgs.egg-info/SOURCES.txt'
[9.996s] [  2%] Built target ament_cmake_python_build_custom_msgs_egg
[11.788s] [  2%] Built target custom_msgs__cpp
[11.814s] [  3%] [32mBuilding C object CMakeFiles/custom_msgs__rosidl_generator_c.dir/rosidl_generator_c/custom_msgs/msg/detail/accel_data__functions.c.o[0m
[11.833s] [  5%] [32mBuilding C object CMakeFiles/custom_msgs__rosidl_generator_c.dir/rosidl_generator_c/custom_msgs/msg/detail/gyro_data__functions.c.o[0m
[11.848s] [  6%] [32mBuilding C object CMakeFiles/custom_msgs__rosidl_generator_c.dir/rosidl_generator_c/custom_msgs/msg/detail/imu_data__functions.c.o[0m
[11.857s] [  7%] [34m[1mGenerating C++ type support dispatch for ROS interfaces[0m
[12.186s] [  8%] [32mBuilding C object CMakeFiles/custom_msgs__rosidl_generator_c.dir/rosidl_generator_c/custom_msgs/msg/detail/estimator_data__functions.c.o[0m
[12.275s] [ 10%] [32mBuilding C object CMakeFiles/custom_msgs__rosidl_generator_c.dir/rosidl_generator_c/custom_msgs/msg/detail/possition_data__functions.c.o[0m
[12.305s] [ 11%] [32mBuilding C object CMakeFiles/custom_msgs__rosidl_generator_c.dir/rosidl_generator_c/custom_msgs/msg/detail/speed_data__functions.c.o[0m
[12.612s] [ 12%] [32mBuilding C object CMakeFiles/custom_msgs__rosidl_generator_c.dir/rosidl_generator_c/custom_msgs/msg/detail/data_xyz__functions.c.o[0m
[12.679s] [ 13%] [34m[1mGenerating C++ type support for eProsima Fast-RTPS[0m
[12.783s] [ 15%] [34m[1mGenerating C++ introspection for ROS interfaces[0m
[12.938s] [ 16%] [32m[1mLinking C shared library libcustom_msgs__rosidl_generator_c.so[0m
[13.331s] [ 16%] Built target custom_msgs__rosidl_generator_c
[13.390s] [ 17%] [34m[1mGenerating C type support for eProsima Fast-RTPS[0m
[14.403s] [ 18%] [32mBuilding CXX object CMakeFiles/custom_msgs__rosidl_typesupport_cpp.dir/rosidl_typesupport_cpp/custom_msgs/msg/accel_data__type_support.cpp.o[0m
[16.365s] [ 20%] [32mBuilding CXX object CMakeFiles/custom_msgs__rosidl_typesupport_introspection_cpp.dir/rosidl_typesupport_introspection_cpp/custom_msgs/msg/detail/accel_data__type_support.cpp.o[0m
[16.690s] [ 21%] [32mBuilding CXX object CMakeFiles/custom_msgs__rosidl_typesupport_cpp.dir/rosidl_typesupport_cpp/custom_msgs/msg/gyro_data__type_support.cpp.o[0m
[16.934s] [ 22%] [32mBuilding CXX object CMakeFiles/custom_msgs__rosidl_typesupport_fastrtps_cpp.dir/rosidl_typesupport_fastrtps_cpp/custom_msgs/msg/detail/dds_fastrtps/accel_data__type_support.cpp.o[0m
[17.259s] [ 24%] [32mBuilding CXX object CMakeFiles/custom_msgs__rosidl_typesupport_fastrtps_c.dir/rosidl_typesupport_fastrtps_c/custom_msgs/msg/detail/accel_data__type_support_c.cpp.o[0m
[18.656s] [ 25%] [32mBuilding CXX object CMakeFiles/custom_msgs__rosidl_typesupport_cpp.dir/rosidl_typesupport_cpp/custom_msgs/msg/imu_data__type_support.cpp.o[0m
[19.325s] [ 26%] [32mBuilding CXX object CMakeFiles/custom_msgs__rosidl_typesupport_introspection_cpp.dir/rosidl_typesupport_introspection_cpp/custom_msgs/msg/detail/gyro_data__type_support.cpp.o[0m
[20.337s] [ 27%] [32mBuilding CXX object CMakeFiles/custom_msgs__rosidl_typesupport_fastrtps_c.dir/rosidl_typesupport_fastrtps_c/custom_msgs/msg/detail/gyro_data__type_support_c.cpp.o[0m
[20.450s] [ 29%] [32mBuilding CXX object CMakeFiles/custom_msgs__rosidl_typesupport_fastrtps_cpp.dir/rosidl_typesupport_fastrtps_cpp/custom_msgs/msg/detail/dds_fastrtps/gyro_data__type_support.cpp.o[0m
[21.068s] [ 30%] [32mBuilding CXX object CMakeFiles/custom_msgs__rosidl_typesupport_cpp.dir/rosidl_typesupport_cpp/custom_msgs/msg/estimator_data__type_support.cpp.o[0m
[22.170s] [ 31%] [32mBuilding CXX object CMakeFiles/custom_msgs__rosidl_typesupport_introspection_cpp.dir/rosidl_typesupport_introspection_cpp/custom_msgs/msg/detail/imu_data__type_support.cpp.o[0m
[23.021s] [ 32%] [32mBuilding CXX object CMakeFiles/custom_msgs__rosidl_typesupport_fastrtps_c.dir/rosidl_typesupport_fastrtps_c/custom_msgs/msg/detail/imu_data__type_support_c.cpp.o[0m
[23.199s] [ 34%] [32mBuilding CXX object CMakeFiles/custom_msgs__rosidl_typesupport_cpp.dir/rosidl_typesupport_cpp/custom_msgs/msg/possition_data__type_support.cpp.o[0m
[23.998s] [ 35%] [32mBuilding CXX object CMakeFiles/custom_msgs__rosidl_typesupport_fastrtps_cpp.dir/rosidl_typesupport_fastrtps_cpp/custom_msgs/msg/detail/dds_fastrtps/imu_data__type_support.cpp.o[0m
[25.454s] [ 36%] [32mBuilding CXX object CMakeFiles/custom_msgs__rosidl_typesupport_introspection_cpp.dir/rosidl_typesupport_introspection_cpp/custom_msgs/msg/detail/estimator_data__type_support.cpp.o[0m
[25.491s] [ 37%] [32mBuilding CXX object CMakeFiles/custom_msgs__rosidl_typesupport_cpp.dir/rosidl_typesupport_cpp/custom_msgs/msg/speed_data__type_support.cpp.o[0m
[25.697s] [ 39%] [32mBuilding CXX object CMakeFiles/custom_msgs__rosidl_typesupport_fastrtps_c.dir/rosidl_typesupport_fastrtps_c/custom_msgs/msg/detail/estimator_data__type_support_c.cpp.o[0m
[27.490s] [ 40%] [32mBuilding CXX object CMakeFiles/custom_msgs__rosidl_typesupport_fastrtps_cpp.dir/rosidl_typesupport_fastrtps_cpp/custom_msgs/msg/detail/dds_fastrtps/estimator_data__type_support.cpp.o[0m
[27.769s] [ 41%] [32mBuilding CXX object CMakeFiles/custom_msgs__rosidl_typesupport_cpp.dir/rosidl_typesupport_cpp/custom_msgs/msg/data_xyz__type_support.cpp.o[0m
[28.312s] [ 43%] [32mBuilding CXX object CMakeFiles/custom_msgs__rosidl_typesupport_introspection_cpp.dir/rosidl_typesupport_introspection_cpp/custom_msgs/msg/detail/possition_data__type_support.cpp.o[0m
[28.359s] [ 44%] [32mBuilding CXX object CMakeFiles/custom_msgs__rosidl_typesupport_fastrtps_c.dir/rosidl_typesupport_fastrtps_c/custom_msgs/msg/detail/possition_data__type_support_c.cpp.o[0m
[29.535s] [ 45%] [32m[1mLinking CXX shared library libcustom_msgs__rosidl_typesupport_cpp.so[0m
[29.836s] [ 45%] Built target custom_msgs__rosidl_typesupport_cpp
[29.903s] [ 46%] [34m[1mGenerating C introspection for ROS interfaces[0m
[30.354s] [ 48%] [32mBuilding CXX object CMakeFiles/custom_msgs__rosidl_typesupport_fastrtps_cpp.dir/rosidl_typesupport_fastrtps_cpp/custom_msgs/msg/detail/dds_fastrtps/possition_data__type_support.cpp.o[0m
[30.610s] [ 49%] [32mBuilding CXX object CMakeFiles/custom_msgs__rosidl_typesupport_fastrtps_c.dir/rosidl_typesupport_fastrtps_c/custom_msgs/msg/detail/speed_data__type_support_c.cpp.o[0m
[30.888s] [ 50%] [32mBuilding CXX object CMakeFiles/custom_msgs__rosidl_typesupport_introspection_cpp.dir/rosidl_typesupport_introspection_cpp/custom_msgs/msg/detail/speed_data__type_support.cpp.o[0m
[32.716s] [ 51%] [32mBuilding CXX object CMakeFiles/custom_msgs__rosidl_typesupport_fastrtps_c.dir/rosidl_typesupport_fastrtps_c/custom_msgs/msg/detail/data_xyz__type_support_c.cpp.o[0m
[32.879s] [ 53%] [32mBuilding CXX object CMakeFiles/custom_msgs__rosidl_typesupport_fastrtps_cpp.dir/rosidl_typesupport_fastrtps_cpp/custom_msgs/msg/detail/dds_fastrtps/speed_data__type_support.cpp.o[0m
[33.041s] [ 54%] [32mBuilding C object CMakeFiles/custom_msgs__rosidl_typesupport_introspection_c.dir/rosidl_typesupport_introspection_c/custom_msgs/msg/detail/accel_data__type_support.c.o[0m
[33.269s] [ 55%] [32mBuilding C object CMakeFiles/custom_msgs__rosidl_typesupport_introspection_c.dir/rosidl_typesupport_introspection_c/custom_msgs/msg/detail/gyro_data__type_support.c.o[0m
[33.275s] [ 56%] [32mBuilding CXX object CMakeFiles/custom_msgs__rosidl_typesupport_introspection_cpp.dir/rosidl_typesupport_introspection_cpp/custom_msgs/msg/detail/data_xyz__type_support.cpp.o[0m
[33.478s] [ 58%] [32mBuilding C object CMakeFiles/custom_msgs__rosidl_typesupport_introspection_c.dir/rosidl_typesupport_introspection_c/custom_msgs/msg/detail/imu_data__type_support.c.o[0m
[33.715s] [ 59%] [32mBuilding C object CMakeFiles/custom_msgs__rosidl_typesupport_introspection_c.dir/rosidl_typesupport_introspection_c/custom_msgs/msg/detail/estimator_data__type_support.c.o[0m
[33.953s] [ 60%] [32mBuilding C object CMakeFiles/custom_msgs__rosidl_typesupport_introspection_c.dir/rosidl_typesupport_introspection_c/custom_msgs/msg/detail/possition_data__type_support.c.o[0m
[34.211s] [ 62%] [32mBuilding C object CMakeFiles/custom_msgs__rosidl_typesupport_introspection_c.dir/rosidl_typesupport_introspection_c/custom_msgs/msg/detail/speed_data__type_support.c.o[0m
[34.441s] [ 63%] [32mBuilding C object CMakeFiles/custom_msgs__rosidl_typesupport_introspection_c.dir/rosidl_typesupport_introspection_c/custom_msgs/msg/detail/data_xyz__type_support.c.o[0m
[34.675s] [ 64%] [32m[1mLinking C shared library libcustom_msgs__rosidl_typesupport_introspection_c.so[0m
[34.717s] [ 65%] [32m[1mLinking CXX shared library libcustom_msgs__rosidl_typesupport_fastrtps_c.so[0m
[34.896s] [ 65%] Built target custom_msgs__rosidl_typesupport_introspection_c
[34.967s] [ 67%] [34m[1mGenerating C type support dispatch for ROS interfaces[0m
[35.213s] [ 67%] Built target custom_msgs__rosidl_typesupport_fastrtps_c
[35.264s] [ 68%] [32mBuilding CXX object CMakeFiles/custom_msgs__rosidl_typesupport_fastrtps_cpp.dir/rosidl_typesupport_fastrtps_cpp/custom_msgs/msg/detail/dds_fastrtps/data_xyz__type_support.cpp.o[0m
[35.683s] [ 69%] [32m[1mLinking CXX shared library libcustom_msgs__rosidl_typesupport_introspection_cpp.so[0m
[36.029s] [ 69%] Built target custom_msgs__rosidl_typesupport_introspection_cpp
[36.769s] [ 70%] [32mBuilding CXX object CMakeFiles/custom_msgs__rosidl_typesupport_c.dir/rosidl_typesupport_c/custom_msgs/msg/accel_data__type_support.cpp.o[0m
[36.775s] [ 73%] [32mBuilding CXX object CMakeFiles/custom_msgs__rosidl_typesupport_c.dir/rosidl_typesupport_c/custom_msgs/msg/imu_data__type_support.cpp.o[0m
[36.776s] [ 73%] [32mBuilding CXX object CMakeFiles/custom_msgs__rosidl_typesupport_c.dir/rosidl_typesupport_c/custom_msgs/msg/gyro_data__type_support.cpp.o[0m
[36.954s] [ 74%] [32mBuilding CXX object CMakeFiles/custom_msgs__rosidl_typesupport_c.dir/rosidl_typesupport_c/custom_msgs/msg/estimator_data__type_support.cpp.o[0m
[36.965s] [ 75%] [32mBuilding CXX object CMakeFiles/custom_msgs__rosidl_typesupport_c.dir/rosidl_typesupport_c/custom_msgs/msg/possition_data__type_support.cpp.o[0m
[36.974s] [ 77%] [32mBuilding CXX object CMakeFiles/custom_msgs__rosidl_typesupport_c.dir/rosidl_typesupport_c/custom_msgs/msg/speed_data__type_support.cpp.o[0m
[37.117s] [ 78%] [32mBuilding CXX object CMakeFiles/custom_msgs__rosidl_typesupport_c.dir/rosidl_typesupport_c/custom_msgs/msg/data_xyz__type_support.cpp.o[0m
[37.262s] [ 79%] [32m[1mLinking CXX shared library libcustom_msgs__rosidl_typesupport_c.so[0m
[37.358s] [ 81%] [32m[1mLinking CXX shared library libcustom_msgs__rosidl_typesupport_fastrtps_cpp.so[0m
[37.435s] [ 81%] Built target custom_msgs__rosidl_typesupport_c
[37.700s] [ 81%] Built target custom_msgs__rosidl_typesupport_fastrtps_cpp
[37.794s] [ 81%] Built target custom_msgs
[37.881s] [ 82%] [34m[1mGenerating Python code for ROS interfaces[0m
[41.262s] [ 82%] Built target custom_msgs__py
[41.356s] [ 83%] [32mBuilding C object CMakeFiles/custom_msgs__rosidl_generator_py.dir/rosidl_generator_py/custom_msgs/msg/_accel_data_s.c.o[0m
[41.357s] [ 84%] [32mBuilding C object CMakeFiles/custom_msgs__rosidl_generator_py.dir/rosidl_generator_py/custom_msgs/msg/_gyro_data_s.c.o[0m
[41.363s] [ 86%] [32mBuilding C object CMakeFiles/custom_msgs__rosidl_generator_py.dir/rosidl_generator_py/custom_msgs/msg/_imu_data_s.c.o[0m
[41.367s] [ 87%] [32mBuilding C object CMakeFiles/custom_msgs__rosidl_generator_py.dir/rosidl_generator_py/custom_msgs/msg/_estimator_data_s.c.o[0m
[41.994s] [ 88%] [32mBuilding C object CMakeFiles/custom_msgs__rosidl_generator_py.dir/rosidl_generator_py/custom_msgs/msg/_possition_data_s.c.o[0m
[41.997s] [ 89%] [32mBuilding C object CMakeFiles/custom_msgs__rosidl_generator_py.dir/rosidl_generator_py/custom_msgs/msg/_speed_data_s.c.o[0m
[42.001s] [ 91%] [32mBuilding C object CMakeFiles/custom_msgs__rosidl_generator_py.dir/rosidl_generator_py/custom_msgs/msg/_data_xyz_s.c.o[0m
[42.479s] [ 92%] [32m[1mLinking C shared library rosidl_generator_py/custom_msgs/libcustom_msgs__rosidl_generator_py.so[0m
[42.662s] [ 92%] Built target custom_msgs__rosidl_generator_py
[42.753s] [ 93%] [32mBuilding C object CMakeFiles/custom_msgs__rosidl_typesupport_fastrtps_c__pyext.dir/rosidl_generator_py/custom_msgs/_custom_msgs_s.ep.rosidl_typesupport_fastrtps_c.c.o[0m
[42.756s] [ 96%] [32mBuilding C object CMakeFiles/custom_msgs__rosidl_typesupport_c__pyext.dir/rosidl_generator_py/custom_msgs/_custom_msgs_s.ep.rosidl_typesupport_c.c.o[0m
[42.757s] [ 96%] [32mBuilding C object CMakeFiles/custom_msgs__rosidl_typesupport_introspection_c__pyext.dir/rosidl_generator_py/custom_msgs/_custom_msgs_s.ep.rosidl_typesupport_introspection_c.c.o[0m
[43.284s] [ 97%] [32m[1mLinking C shared library rosidl_generator_py/custom_msgs/custom_msgs_s__rosidl_typesupport_c.cpython-310-aarch64-linux-gnu.so[0m
[43.309s] [ 98%] [32m[1mLinking C shared library rosidl_generator_py/custom_msgs/custom_msgs_s__rosidl_typesupport_introspection_c.cpython-310-aarch64-linux-gnu.so[0m
[43.345s] [100%] [32m[1mLinking C shared library rosidl_generator_py/custom_msgs/custom_msgs_s__rosidl_typesupport_fastrtps_c.cpython-310-aarch64-linux-gnu.so[0m
[43.453s] [100%] Built target custom_msgs__rosidl_typesupport_c__pyext
[43.486s] [100%] Built target custom_msgs__rosidl_typesupport_introspection_c__pyext
[43.523s] [100%] Built target custom_msgs__rosidl_typesupport_fastrtps_c__pyext
[43.570s] Invoked command in '/home/dron/Praca-magisterska/ros2_ws/build/custom_msgs' returned '0': CMAKE_PREFIX_PATH=${CMAKE_PREFIX_PATH}:/opt/ros/humble:/home/dron/Praca-magisterska/ros2_ws/install/um7_pkg:/home/dron/Praca-magisterska/ros2_ws/install/my_py_pkg:/home/dron/Praca-magisterska/ros2_ws/install/log_data_pkg:/home/dron/Praca-magisterska/ros2_ws/install/flight_controller_pkg:/home/dron/Praca-magisterska/ros2_ws/install/flask_pkg:/home/dron/Praca-magisterska/ros2_ws/install/estimator_pkg PS1=(venv) \[\e]0;\u@\h: \w\a\]${debian_chroot:+($debian_chroot)}\u@\h:\w\$ VIRTUAL_ENV_PROMPT=(venv) /usr/bin/cmake --build /home/dron/Praca-magisterska/ros2_ws/build/custom_msgs -- -j4 -l4
[43.579s] Invoking command in '/home/dron/Praca-magisterska/ros2_ws/build/custom_msgs': CMAKE_PREFIX_PATH=${CMAKE_PREFIX_PATH}:/opt/ros/humble:/home/dron/Praca-magisterska/ros2_ws/install/um7_pkg:/home/dron/Praca-magisterska/ros2_ws/install/my_py_pkg:/home/dron/Praca-magisterska/ros2_ws/install/log_data_pkg:/home/dron/Praca-magisterska/ros2_ws/install/flight_controller_pkg:/home/dron/Praca-magisterska/ros2_ws/install/flask_pkg:/home/dron/Praca-magisterska/ros2_ws/install/estimator_pkg PS1=(venv) \[\e]0;\u@\h: \w\a\]${debian_chroot:+($debian_chroot)}\u@\h:\w\$ VIRTUAL_ENV_PROMPT=(venv) /usr/bin/cmake --install /home/dron/Praca-magisterska/ros2_ws/build/custom_msgs
[43.607s] -- Install configuration: ""
[43.608s] -- Installing: /home/dron/Praca-magisterska/ros2_ws/install/custom_msgs/share/ament_index/resource_index/rosidl_interfaces/custom_msgs
[43.609s] -- Up-to-date: /home/dron/Praca-magisterska/ros2_ws/install/custom_msgs/include/custom_msgs/custom_msgs
[43.609s] -- Up-to-date: /home/dron/Praca-magisterska/ros2_ws/install/custom_msgs/include/custom_msgs/custom_msgs/msg
[43.610s] -- Installing: /home/dron/Praca-magisterska/ros2_ws/install/custom_msgs/include/custom_msgs/custom_msgs/msg/imu_data.h
[43.611s] -- Installing: /home/dron/Praca-magisterska/ros2_ws/install/custom_msgs/include/custom_msgs/custom_msgs/msg/data_xyz.h
[43.612s] -- Installing: /home/dron/Praca-magisterska/ros2_ws/install/custom_msgs/include/custom_msgs/custom_msgs/msg/gyro_data.h
[43.614s] -- Installing: /home/dron/Praca-magisterska/ros2_ws/install/custom_msgs/include/custom_msgs/custom_msgs/msg/estimator_data.h
[43.615s] -- Installing: /home/dron/Praca-magisterska/ros2_ws/install/custom_msgs/include/custom_msgs/custom_msgs/msg/accel_data.h
[43.616s] -- Installing: /home/dron/Praca-magisterska/ros2_ws/install/custom_msgs/include/custom_msgs/custom_msgs/msg/possition_data.h
[43.617s] -- Installing: /home/dron/Praca-magisterska/ros2_ws/install/custom_msgs/include/custom_msgs/custom_msgs/msg/rosidl_generator_c__visibility_control.h
[43.619s] -- Up-to-date: /home/dron/Praca-magisterska/ros2_ws/install/custom_msgs/include/custom_msgs/custom_msgs/msg/detail
[43.619s] -- Installing: /home/dron/Praca-magisterska/ros2_ws/install/custom_msgs/include/custom_msgs/custom_msgs/msg/detail/accel_data__type_support.h
[43.621s] -- Installing: /home/dron/Praca-magisterska/ros2_ws/install/custom_msgs/include/custom_msgs/custom_msgs/msg/detail/data_xyz__functions.h
[43.622s] -- Installing: /home/dron/Praca-magisterska/ros2_ws/install/custom_msgs/include/custom_msgs/custom_msgs/msg/detail/possition_data__struct.h
[43.623s] -- Installing: /home/dron/Praca-magisterska/ros2_ws/install/custom_msgs/include/custom_msgs/custom_msgs/msg/detail/estimator_data__functions.c
[43.625s] -- Installing: /home/dron/Praca-magisterska/ros2_ws/install/custom_msgs/include/custom_msgs/custom_msgs/msg/detail/speed_data__type_support.h
[43.626s] -- Installing: /home/dron/Praca-magisterska/ros2_ws/install/custom_msgs/include/custom_msgs/custom_msgs/msg/detail/imu_data__functions.h
[43.627s] -- Installing: /home/dron/Praca-magisterska/ros2_ws/install/custom_msgs/include/custom_msgs/custom_msgs/msg/detail/imu_data__type_support.h
[43.629s] -- Installing: /home/dron/Praca-magisterska/ros2_ws/install/custom_msgs/include/custom_msgs/custom_msgs/msg/detail/accel_data__functions.c
[43.630s] -- Installing: /home/dron/Praca-magisterska/ros2_ws/install/custom_msgs/include/custom_msgs/custom_msgs/msg/detail/possition_data__type_support.h
[43.631s] -- Installing: /home/dron/Praca-magisterska/ros2_ws/install/custom_msgs/include/custom_msgs/custom_msgs/msg/detail/gyro_data__functions.c
[43.633s] -- Installing: /home/dron/Praca-magisterska/ros2_ws/install/custom_msgs/include/custom_msgs/custom_msgs/msg/detail/estimator_data__struct.h
[43.634s] -- Installing: /home/dron/Praca-magisterska/ros2_ws/install/custom_msgs/include/custom_msgs/custom_msgs/msg/detail/estimator_data__type_support.h
[43.635s] -- Installing: /home/dron/Praca-magisterska/ros2_ws/install/custom_msgs/include/custom_msgs/custom_msgs/msg/detail/possition_data__functions.h
[43.637s] -- Installing: /home/dron/Praca-magisterska/ros2_ws/install/custom_msgs/include/custom_msgs/custom_msgs/msg/detail/gyro_data__struct.h
[43.638s] -- Installing: /home/dron/Praca-magisterska/ros2_ws/install/custom_msgs/include/custom_msgs/custom_msgs/msg/detail/data_xyz__functions.c
[43.639s] -- Installing: /home/dron/Praca-magisterska/ros2_ws/install/custom_msgs/include/custom_msgs/custom_msgs/msg/detail/speed_data__functions.c
[43.641s] -- Installing: /home/dron/Praca-magisterska/ros2_ws/install/custom_msgs/include/custom_msgs/custom_msgs/msg/detail/speed_data__functions.h
[43.642s] -- Installing: /home/dron/Praca-magisterska/ros2_ws/install/custom_msgs/include/custom_msgs/custom_msgs/msg/detail/data_xyz__type_support.h
[43.643s] -- Installing: /home/dron/Praca-magisterska/ros2_ws/install/custom_msgs/include/custom_msgs/custom_msgs/msg/detail/imu_data__functions.c
[43.645s] -- Installing: /home/dron/Praca-magisterska/ros2_ws/install/custom_msgs/include/custom_msgs/custom_msgs/msg/detail/accel_data__functions.h
[43.646s] -- Installing: /home/dron/Praca-magisterska/ros2_ws/install/custom_msgs/include/custom_msgs/custom_msgs/msg/detail/imu_data__struct.h
[43.647s] -- Installing: /home/dron/Praca-magisterska/ros2_ws/install/custom_msgs/include/custom_msgs/custom_msgs/msg/detail/speed_data__struct.h
[43.649s] -- Installing: /home/dron/Praca-magisterska/ros2_ws/install/custom_msgs/include/custom_msgs/custom_msgs/msg/detail/gyro_data__type_support.h
[43.650s] -- Installing: /home/dron/Praca-magisterska/ros2_ws/install/custom_msgs/include/custom_msgs/custom_msgs/msg/detail/possition_data__functions.c
[43.651s] -- Installing: /home/dron/Praca-magisterska/ros2_ws/install/custom_msgs/include/custom_msgs/custom_msgs/msg/detail/estimator_data__functions.h
[43.653s] -- Installing: /home/dron/Praca-magisterska/ros2_ws/install/custom_msgs/include/custom_msgs/custom_msgs/msg/detail/accel_data__struct.h
[43.654s] -- Installing: /home/dron/Praca-magisterska/ros2_ws/install/custom_msgs/include/custom_msgs/custom_msgs/msg/detail/gyro_data__functions.h
[43.656s] -- Installing: /home/dron/Praca-magisterska/ros2_ws/install/custom_msgs/include/custom_msgs/custom_msgs/msg/detail/data_xyz__struct.h
[43.657s] -- Installing: /home/dron/Praca-magisterska/ros2_ws/install/custom_msgs/include/custom_msgs/custom_msgs/msg/speed_data.h
[43.660s] -- Installing: /home/dron/Praca-magisterska/ros2_ws/install/custom_msgs/share/custom_msgs/environment/library_path.sh
[43.660s] -- Installing: /home/dron/Praca-magisterska/ros2_ws/install/custom_msgs/share/custom_msgs/environment/library_path.dsv
[43.662s] -- Installing: /home/dron/Praca-magisterska/ros2_ws/install/custom_msgs/lib/libcustom_msgs__rosidl_generator_c.so
[43.665s] -- Set runtime path of "/home/dron/Praca-magisterska/ros2_ws/install/custom_msgs/lib/libcustom_msgs__rosidl_generator_c.so" to ""
[43.666s] -- Up-to-date: /home/dron/Praca-magisterska/ros2_ws/install/custom_msgs/include/custom_msgs/custom_msgs
[43.666s] -- Up-to-date: /home/dron/Praca-magisterska/ros2_ws/install/custom_msgs/include/custom_msgs/custom_msgs/msg
[43.667s] -- Installing: /home/dron/Praca-magisterska/ros2_ws/install/custom_msgs/include/custom_msgs/custom_msgs/msg/rosidl_typesupport_fastrtps_c__visibility_control.h
[43.668s] -- Up-to-date: /home/dron/Praca-magisterska/ros2_ws/install/custom_msgs/include/custom_msgs/custom_msgs/msg/detail
[43.669s] -- Installing: /home/dron/Praca-magisterska/ros2_ws/install/custom_msgs/include/custom_msgs/custom_msgs/msg/detail/speed_data__rosidl_typesupport_fastrtps_c.h
[43.670s] -- Installing: /home/dron/Praca-magisterska/ros2_ws/install/custom_msgs/include/custom_msgs/custom_msgs/msg/detail/imu_data__rosidl_typesupport_fastrtps_c.h
[43.671s] -- Installing: /home/dron/Praca-magisterska/ros2_ws/install/custom_msgs/include/custom_msgs/custom_msgs/msg/detail/gyro_data__rosidl_typesupport_fastrtps_c.h
[43.673s] -- Installing: /home/dron/Praca-magisterska/ros2_ws/install/custom_msgs/include/custom_msgs/custom_msgs/msg/detail/accel_data__rosidl_typesupport_fastrtps_c.h
[43.674s] -- Installing: /home/dron/Praca-magisterska/ros2_ws/install/custom_msgs/include/custom_msgs/custom_msgs/msg/detail/data_xyz__rosidl_typesupport_fastrtps_c.h
[43.675s] -- Installing: /home/dron/Praca-magisterska/ros2_ws/install/custom_msgs/include/custom_msgs/custom_msgs/msg/detail/possition_data__rosidl_typesupport_fastrtps_c.h
[43.677s] -- Installing: /home/dron/Praca-magisterska/ros2_ws/install/custom_msgs/include/custom_msgs/custom_msgs/msg/detail/estimator_data__rosidl_typesupport_fastrtps_c.h
[43.679s] -- Installing: /home/dron/Praca-magisterska/ros2_ws/install/custom_msgs/lib/libcustom_msgs__rosidl_typesupport_fastrtps_c.so
[43.683s] -- Set runtime path of "/home/dron/Praca-magisterska/ros2_ws/install/custom_msgs/lib/libcustom_msgs__rosidl_typesupport_fastrtps_c.so" to ""
[43.683s] -- Up-to-date: /home/dron/Praca-magisterska/ros2_ws/install/custom_msgs/include/custom_msgs/custom_msgs
[43.683s] -- Up-to-date: /home/dron/Praca-magisterska/ros2_ws/install/custom_msgs/include/custom_msgs/custom_msgs/msg
[43.684s] -- Up-to-date: /home/dron/Praca-magisterska/ros2_ws/install/custom_msgs/include/custom_msgs/custom_msgs/msg/detail
[43.684s] -- Installing: /home/dron/Praca-magisterska/ros2_ws/install/custom_msgs/include/custom_msgs/custom_msgs/msg/detail/estimator_data__rosidl_typesupport_introspection_c.h
[43.686s] -- Installing: /home/dron/Praca-magisterska/ros2_ws/install/custom_msgs/include/custom_msgs/custom_msgs/msg/detail/speed_data__type_support.c
[43.687s] -- Installing: /home/dron/Praca-magisterska/ros2_ws/install/custom_msgs/include/custom_msgs/custom_msgs/msg/detail/possition_data__rosidl_typesupport_introspection_c.h
[43.688s] -- Installing: /home/dron/Praca-magisterska/ros2_ws/install/custom_msgs/include/custom_msgs/custom_msgs/msg/detail/data_xyz__type_support.c
[43.690s] -- Installing: /home/dron/Praca-magisterska/ros2_ws/install/custom_msgs/include/custom_msgs/custom_msgs/msg/detail/data_xyz__rosidl_typesupport_introspection_c.h
[43.691s] -- Installing: /home/dron/Praca-magisterska/ros2_ws/install/custom_msgs/include/custom_msgs/custom_msgs/msg/detail/imu_data__rosidl_typesupport_introspection_c.h
[43.693s] -- Installing: /home/dron/Praca-magisterska/ros2_ws/install/custom_msgs/include/custom_msgs/custom_msgs/msg/detail/possition_data__type_support.c
[43.694s] -- Installing: /home/dron/Praca-magisterska/ros2_ws/install/custom_msgs/include/custom_msgs/custom_msgs/msg/detail/imu_data__type_support.c
[43.696s] -- Installing: /home/dron/Praca-magisterska/ros2_ws/install/custom_msgs/include/custom_msgs/custom_msgs/msg/detail/accel_data__rosidl_typesupport_introspection_c.h
[43.697s] -- Installing: /home/dron/Praca-magisterska/ros2_ws/install/custom_msgs/include/custom_msgs/custom_msgs/msg/detail/gyro_data__rosidl_typesupport_introspection_c.h
[43.699s] -- Installing: /home/dron/Praca-magisterska/ros2_ws/install/custom_msgs/include/custom_msgs/custom_msgs/msg/detail/estimator_data__type_support.c
[43.700s] -- Installing: /home/dron/Praca-magisterska/ros2_ws/install/custom_msgs/include/custom_msgs/custom_msgs/msg/detail/accel_data__type_support.c
[43.701s] -- Installing: /home/dron/Praca-magisterska/ros2_ws/install/custom_msgs/include/custom_msgs/custom_msgs/msg/detail/gyro_data__type_support.c
[43.703s] -- Installing: /home/dron/Praca-magisterska/ros2_ws/install/custom_msgs/include/custom_msgs/custom_msgs/msg/detail/speed_data__rosidl_typesupport_introspection_c.h
[43.704s] -- Installing: /home/dron/Praca-magisterska/ros2_ws/install/custom_msgs/include/custom_msgs/custom_msgs/msg/rosidl_typesupport_introspection_c__visibility_control.h
[43.707s] -- Installing: /home/dron/Praca-magisterska/ros2_ws/install/custom_msgs/lib/libcustom_msgs__rosidl_typesupport_introspection_c.so
[43.710s] -- Set runtime path of "/home/dron/Praca-magisterska/ros2_ws/install/custom_msgs/lib/libcustom_msgs__rosidl_typesupport_introspection_c.so" to ""
[43.711s] -- Installing: /home/dron/Praca-magisterska/ros2_ws/install/custom_msgs/lib/libcustom_msgs__rosidl_typesupport_c.so
[43.713s] -- Set runtime path of "/home/dron/Praca-magisterska/ros2_ws/install/custom_msgs/lib/libcustom_msgs__rosidl_typesupport_c.so" to ""
[43.714s] -- Up-to-date: /home/dron/Praca-magisterska/ros2_ws/install/custom_msgs/include/custom_msgs/custom_msgs
[43.714s] -- Up-to-date: /home/dron/Praca-magisterska/ros2_ws/install/custom_msgs/include/custom_msgs/custom_msgs/msg
[43.715s] -- Installing: /home/dron/Praca-magisterska/ros2_ws/install/custom_msgs/include/custom_msgs/custom_msgs/msg/accel_data.hpp
[43.716s] -- Installing: /home/dron/Praca-magisterska/ros2_ws/install/custom_msgs/include/custom_msgs/custom_msgs/msg/data_xyz.hpp
[43.717s] -- Installing: /home/dron/Praca-magisterska/ros2_ws/install/custom_msgs/include/custom_msgs/custom_msgs/msg/possition_data.hpp
[43.718s] -- Installing: /home/dron/Praca-magisterska/ros2_ws/install/custom_msgs/include/custom_msgs/custom_msgs/msg/gyro_data.hpp
[43.719s] -- Installing: /home/dron/Praca-magisterska/ros2_ws/install/custom_msgs/include/custom_msgs/custom_msgs/msg/estimator_data.hpp
[43.720s] -- Up-to-date: /home/dron/Praca-magisterska/ros2_ws/install/custom_msgs/include/custom_msgs/custom_msgs/msg/detail
[43.721s] -- Installing: /home/dron/Praca-magisterska/ros2_ws/install/custom_msgs/include/custom_msgs/custom_msgs/msg/detail/possition_data__traits.hpp
[43.723s] -- Installing: /home/dron/Praca-magisterska/ros2_ws/install/custom_msgs/include/custom_msgs/custom_msgs/msg/detail/speed_data__struct.hpp
[43.724s] -- Installing: /home/dron/Praca-magisterska/ros2_ws/install/custom_msgs/include/custom_msgs/custom_msgs/msg/detail/gyro_data__struct.hpp
[43.725s] -- Installing: /home/dron/Praca-magisterska/ros2_ws/install/custom_msgs/include/custom_msgs/custom_msgs/msg/detail/data_xyz__builder.hpp
[43.727s] -- Installing: /home/dron/Praca-magisterska/ros2_ws/install/custom_msgs/include/custom_msgs/custom_msgs/msg/detail/gyro_data__traits.hpp
[43.728s] -- Installing: /home/dron/Praca-magisterska/ros2_ws/install/custom_msgs/include/custom_msgs/custom_msgs/msg/detail/speed_data__type_support.hpp
[43.729s] -- Installing: /home/dron/Praca-magisterska/ros2_ws/install/custom_msgs/include/custom_msgs/custom_msgs/msg/detail/data_xyz__type_support.hpp
[43.731s] -- Installing: /home/dron/Praca-magisterska/ros2_ws/install/custom_msgs/include/custom_msgs/custom_msgs/msg/detail/possition_data__builder.hpp
[43.732s] -- Installing: /home/dron/Praca-magisterska/ros2_ws/install/custom_msgs/include/custom_msgs/custom_msgs/msg/detail/gyro_data__builder.hpp
[43.733s] -- Installing: /home/dron/Praca-magisterska/ros2_ws/install/custom_msgs/include/custom_msgs/custom_msgs/msg/detail/estimator_data__traits.hpp
[43.736s] -- Installing: /home/dron/Praca-magisterska/ros2_ws/install/custom_msgs/include/custom_msgs/custom_msgs/msg/detail/speed_data__builder.hpp
[43.737s] -- Installing: /home/dron/Praca-magisterska/ros2_ws/install/custom_msgs/include/custom_msgs/custom_msgs/msg/detail/estimator_data__type_support.hpp
[43.738s] -- Installing: /home/dron/Praca-magisterska/ros2_ws/install/custom_msgs/include/custom_msgs/custom_msgs/msg/detail/possition_data__type_support.hpp
[43.739s] -- Installing: /home/dron/Praca-magisterska/ros2_ws/install/custom_msgs/include/custom_msgs/custom_msgs/msg/detail/accel_data__struct.hpp
[43.741s] -- Installing: /home/dron/Praca-magisterska/ros2_ws/install/custom_msgs/include/custom_msgs/custom_msgs/msg/detail/imu_data__struct.hpp
[43.742s] -- Installing: /home/dron/Praca-magisterska/ros2_ws/install/custom_msgs/include/custom_msgs/custom_msgs/msg/detail/estimator_data__struct.hpp
[43.743s] -- Installing: /home/dron/Praca-magisterska/ros2_ws/install/custom_msgs/include/custom_msgs/custom_msgs/msg/detail/speed_data__traits.hpp
[43.752s] -- Installing: /home/dron/Praca-magisterska/ros2_ws/install/custom_msgs/include/custom_msgs/custom_msgs/msg/detail/imu_data__type_support.hpp
[43.753s] -- Installing: /home/dron/Praca-magisterska/ros2_ws/install/custom_msgs/include/custom_msgs/custom_msgs/msg/detail/possition_data__struct.hpp
[43.753s] -- Installing: /home/dron/Praca-magisterska/ros2_ws/install/custom_msgs/include/custom_msgs/custom_msgs/msg/detail/data_xyz__traits.hpp
[43.755s] -- Installing: /home/dron/Praca-magisterska/ros2_ws/install/custom_msgs/include/custom_msgs/custom_msgs/msg/detail/accel_data__traits.hpp
[43.757s] -- Installing: /home/dron/Praca-magisterska/ros2_ws/install/custom_msgs/include/custom_msgs/custom_msgs/msg/detail/data_xyz__struct.hpp
[43.758s] -- Installing: /home/dron/Praca-magisterska/ros2_ws/install/custom_msgs/include/custom_msgs/custom_msgs/msg/detail/gyro_data__type_support.hpp
[43.758s] -- Installing: /home/dron/Praca-magisterska/ros2_ws/install/custom_msgs/include/custom_msgs/custom_msgs/msg/detail/estimator_data__builder.hpp
[43.759s] -- Installing: /home/dron/Praca-magisterska/ros2_ws/install/custom_msgs/include/custom_msgs/custom_msgs/msg/detail/imu_data__traits.hpp
[43.759s] -- Installing: /home/dron/Praca-magisterska/ros2_ws/install/custom_msgs/include/custom_msgs/custom_msgs/msg/detail/accel_data__builder.hpp
[43.759s] -- Installing: /home/dron/Praca-magisterska/ros2_ws/install/custom_msgs/include/custom_msgs/custom_msgs/msg/detail/accel_data__type_support.hpp
[43.760s] -- Installing: /home/dron/Praca-magisterska/ros2_ws/install/custom_msgs/include/custom_msgs/custom_msgs/msg/detail/imu_data__builder.hpp
[43.761s] -- Installing: /home/dron/Praca-magisterska/ros2_ws/install/custom_msgs/include/custom_msgs/custom_msgs/msg/speed_data.hpp
[43.762s] -- Installing: /home/dron/Praca-magisterska/ros2_ws/install/custom_msgs/include/custom_msgs/custom_msgs/msg/imu_data.hpp
[43.763s] -- Installing: /home/dron/Praca-magisterska/ros2_ws/install/custom_msgs/include/custom_msgs/custom_msgs/msg/rosidl_generator_cpp__visibility_control.hpp
[43.765s] -- Up-to-date: /home/dron/Praca-magisterska/ros2_ws/install/custom_msgs/include/custom_msgs/custom_msgs
[43.766s] -- Up-to-date: /home/dron/Praca-magisterska/ros2_ws/install/custom_msgs/include/custom_msgs/custom_msgs/msg
[43.766s] -- Installing: /home/dron/Praca-magisterska/ros2_ws/install/custom_msgs/include/custom_msgs/custom_msgs/msg/rosidl_typesupport_fastrtps_cpp__visibility_control.h
[43.767s] -- Up-to-date: /home/dron/Praca-magisterska/ros2_ws/install/custom_msgs/include/custom_msgs/custom_msgs/msg/detail
[43.768s] -- Installing: /home/dron/Praca-magisterska/ros2_ws/install/custom_msgs/include/custom_msgs/custom_msgs/msg/detail/estimator_data__rosidl_typesupport_fastrtps_cpp.hpp
[43.769s] -- Installing: /home/dron/Praca-magisterska/ros2_ws/install/custom_msgs/include/custom_msgs/custom_msgs/msg/detail/dds_fastrtps
[43.770s] -- Installing: /home/dron/Praca-magisterska/ros2_ws/install/custom_msgs/include/custom_msgs/custom_msgs/msg/detail/speed_data__rosidl_typesupport_fastrtps_cpp.hpp
[43.772s] -- Installing: /home/dron/Praca-magisterska/ros2_ws/install/custom_msgs/include/custom_msgs/custom_msgs/msg/detail/gyro_data__rosidl_typesupport_fastrtps_cpp.hpp
[43.773s] -- Installing: /home/dron/Praca-magisterska/ros2_ws/install/custom_msgs/include/custom_msgs/custom_msgs/msg/detail/imu_data__rosidl_typesupport_fastrtps_cpp.hpp
[43.775s] -- Installing: /home/dron/Praca-magisterska/ros2_ws/install/custom_msgs/include/custom_msgs/custom_msgs/msg/detail/accel_data__rosidl_typesupport_fastrtps_cpp.hpp
[43.776s] -- Installing: /home/dron/Praca-magisterska/ros2_ws/install/custom_msgs/include/custom_msgs/custom_msgs/msg/detail/data_xyz__rosidl_typesupport_fastrtps_cpp.hpp
[43.777s] -- Installing: /home/dron/Praca-magisterska/ros2_ws/install/custom_msgs/include/custom_msgs/custom_msgs/msg/detail/possition_data__rosidl_typesupport_fastrtps_cpp.hpp
[43.780s] -- Installing: /home/dron/Praca-magisterska/ros2_ws/install/custom_msgs/lib/libcustom_msgs__rosidl_typesupport_fastrtps_cpp.so
[43.783s] -- Set runtime path of "/home/dron/Praca-magisterska/ros2_ws/install/custom_msgs/lib/libcustom_msgs__rosidl_typesupport_fastrtps_cpp.so" to ""
[43.784s] -- Up-to-date: /home/dron/Praca-magisterska/ros2_ws/install/custom_msgs/include/custom_msgs/custom_msgs
[43.784s] -- Up-to-date: /home/dron/Praca-magisterska/ros2_ws/install/custom_msgs/include/custom_msgs/custom_msgs/msg
[43.785s] -- Up-to-date: /home/dron/Praca-magisterska/ros2_ws/install/custom_msgs/include/custom_msgs/custom_msgs/msg/detail
[43.785s] -- Installing: /home/dron/Praca-magisterska/ros2_ws/install/custom_msgs/include/custom_msgs/custom_msgs/msg/detail/imu_data__rosidl_typesupport_introspection_cpp.hpp
[43.786s] -- Installing: /home/dron/Praca-magisterska/ros2_ws/install/custom_msgs/include/custom_msgs/custom_msgs/msg/detail/possition_data__rosidl_typesupport_introspection_cpp.hpp
[43.788s] -- Installing: /home/dron/Praca-magisterska/ros2_ws/install/custom_msgs/include/custom_msgs/custom_msgs/msg/detail/data_xyz__type_support.cpp
[43.790s] -- Installing: /home/dron/Praca-magisterska/ros2_ws/install/custom_msgs/include/custom_msgs/custom_msgs/msg/detail/accel_data__rosidl_typesupport_introspection_cpp.hpp
[43.791s] -- Installing: /home/dron/Praca-magisterska/ros2_ws/install/custom_msgs/include/custom_msgs/custom_msgs/msg/detail/estimator_data__type_support.cpp
[43.792s] -- Installing: /home/dron/Praca-magisterska/ros2_ws/install/custom_msgs/include/custom_msgs/custom_msgs/msg/detail/gyro_data__rosidl_typesupport_introspection_cpp.hpp
[43.794s] -- Installing: /home/dron/Praca-magisterska/ros2_ws/install/custom_msgs/include/custom_msgs/custom_msgs/msg/detail/imu_data__type_support.cpp
[43.795s] -- Installing: /home/dron/Praca-magisterska/ros2_ws/install/custom_msgs/include/custom_msgs/custom_msgs/msg/detail/gyro_data__type_support.cpp
[43.797s] -- Installing: /home/dron/Praca-magisterska/ros2_ws/install/custom_msgs/include/custom_msgs/custom_msgs/msg/detail/speed_data__rosidl_typesupport_introspection_cpp.hpp
[43.798s] -- Installing: /home/dron/Praca-magisterska/ros2_ws/install/custom_msgs/include/custom_msgs/custom_msgs/msg/detail/estimator_data__rosidl_typesupport_introspection_cpp.hpp
[43.799s] -- Installing: /home/dron/Praca-magisterska/ros2_ws/install/custom_msgs/include/custom_msgs/custom_msgs/msg/detail/speed_data__type_support.cpp
[43.801s] -- Installing: /home/dron/Praca-magisterska/ros2_ws/install/custom_msgs/include/custom_msgs/custom_msgs/msg/detail/accel_data__type_support.cpp
[43.802s] -- Installing: /home/dron/Praca-magisterska/ros2_ws/install/custom_msgs/include/custom_msgs/custom_msgs/msg/detail/possition_data__type_support.cpp
[43.804s] -- Installing: /home/dron/Praca-magisterska/ros2_ws/install/custom_msgs/include/custom_msgs/custom_msgs/msg/detail/data_xyz__rosidl_typesupport_introspection_cpp.hpp
[43.806s] -- Installing: /home/dron/Praca-magisterska/ros2_ws/install/custom_msgs/lib/libcustom_msgs__rosidl_typesupport_introspection_cpp.so
[43.809s] -- Set runtime path of "/home/dron/Praca-magisterska/ros2_ws/install/custom_msgs/lib/libcustom_msgs__rosidl_typesupport_introspection_cpp.so" to ""
[43.810s] -- Installing: /home/dron/Praca-magisterska/ros2_ws/install/custom_msgs/lib/libcustom_msgs__rosidl_typesupport_cpp.so
[43.813s] -- Set runtime path of "/home/dron/Praca-magisterska/ros2_ws/install/custom_msgs/lib/libcustom_msgs__rosidl_typesupport_cpp.so" to ""
[43.814s] -- Installing: /home/dron/Praca-magisterska/ros2_ws/install/custom_msgs/share/custom_msgs/environment/pythonpath.sh
[43.815s] -- Installing: /home/dron/Praca-magisterska/ros2_ws/install/custom_msgs/share/custom_msgs/environment/pythonpath.dsv
[43.816s] -- Installing: /home/dron/Praca-magisterska/ros2_ws/install/custom_msgs/local/lib/python3.10/dist-packages/custom_msgs-0.0.0-py3.10.egg-info
[43.818s] -- Installing: /home/dron/Praca-magisterska/ros2_ws/install/custom_msgs/local/lib/python3.10/dist-packages/custom_msgs-0.0.0-py3.10.egg-info/PKG-INFO
[43.819s] -- Installing: /home/dron/Praca-magisterska/ros2_ws/install/custom_msgs/local/lib/python3.10/dist-packages/custom_msgs-0.0.0-py3.10.egg-info/top_level.txt
[43.820s] -- Installing: /home/dron/Praca-magisterska/ros2_ws/install/custom_msgs/local/lib/python3.10/dist-packages/custom_msgs-0.0.0-py3.10.egg-info/SOURCES.txt
[43.821s] -- Installing: /home/dron/Praca-magisterska/ros2_ws/install/custom_msgs/local/lib/python3.10/dist-packages/custom_msgs-0.0.0-py3.10.egg-info/dependency_links.txt
[43.822s] -- Installing: /home/dron/Praca-magisterska/ros2_ws/install/custom_msgs/local/lib/python3.10/dist-packages/custom_msgs
[43.823s] -- Installing: /home/dron/Praca-magisterska/ros2_ws/install/custom_msgs/local/lib/python3.10/dist-packages/custom_msgs/_custom_msgs_s.ep.rosidl_typesupport_introspection_c.c
[43.825s] -- Installing: /home/dron/Praca-magisterska/ros2_ws/install/custom_msgs/local/lib/python3.10/dist-packages/custom_msgs/__init__.py
[43.826s] -- Installing: /home/dron/Praca-magisterska/ros2_ws/install/custom_msgs/local/lib/python3.10/dist-packages/custom_msgs/custom_msgs_s__rosidl_typesupport_introspection_c.cpython-310-aarch64-linux-gnu.so
[43.827s] -- Installing: /home/dron/Praca-magisterska/ros2_ws/install/custom_msgs/local/lib/python3.10/dist-packages/custom_msgs/_custom_msgs_s.ep.rosidl_typesupport_c.c
[43.829s] -- Installing: /home/dron/Praca-magisterska/ros2_ws/install/custom_msgs/local/lib/python3.10/dist-packages/custom_msgs/custom_msgs_s__rosidl_typesupport_c.cpython-310-aarch64-linux-gnu.so
[43.830s] -- Installing: /home/dron/Praca-magisterska/ros2_ws/install/custom_msgs/local/lib/python3.10/dist-packages/custom_msgs/_custom_msgs_s.ep.rosidl_typesupport_fastrtps_c.c
[43.832s] -- Installing: /home/dron/Praca-magisterska/ros2_ws/install/custom_msgs/local/lib/python3.10/dist-packages/custom_msgs/libcustom_msgs__rosidl_generator_py.so
[43.834s] -- Installing: /home/dron/Praca-magisterska/ros2_ws/install/custom_msgs/local/lib/python3.10/dist-packages/custom_msgs/msg
[43.835s] -- Installing: /home/dron/Praca-magisterska/ros2_ws/install/custom_msgs/local/lib/python3.10/dist-packages/custom_msgs/msg/_speed_data.py
[43.836s] -- Installing: /home/dron/Praca-magisterska/ros2_ws/install/custom_msgs/local/lib/python3.10/dist-packages/custom_msgs/msg/__init__.py
[43.837s] -- Installing: /home/dron/Praca-magisterska/ros2_ws/install/custom_msgs/local/lib/python3.10/dist-packages/custom_msgs/msg/_data_xyz_s.c
[43.838s] -- Installing: /home/dron/Praca-magisterska/ros2_ws/install/custom_msgs/local/lib/python3.10/dist-packages/custom_msgs/msg/_imu_data_s.c
[43.839s] -- Installing: /home/dron/Praca-magisterska/ros2_ws/install/custom_msgs/local/lib/python3.10/dist-packages/custom_msgs/msg/_estimator_data_s.c
[43.840s] -- Installing: /home/dron/Praca-magisterska/ros2_ws/install/custom_msgs/local/lib/python3.10/dist-packages/custom_msgs/msg/_accel_data_s.c
[43.841s] -- Installing: /home/dron/Praca-magisterska/ros2_ws/install/custom_msgs/local/lib/python3.10/dist-packages/custom_msgs/msg/_imu_data.py
[43.842s] -- Installing: /home/dron/Praca-magisterska/ros2_ws/install/custom_msgs/local/lib/python3.10/dist-packages/custom_msgs/msg/_data_xyz.py
[43.843s] -- Installing: /home/dron/Praca-magisterska/ros2_ws/install/custom_msgs/local/lib/python3.10/dist-packages/custom_msgs/msg/_speed_data_s.c
[43.845s] -- Installing: /home/dron/Praca-magisterska/ros2_ws/install/custom_msgs/local/lib/python3.10/dist-packages/custom_msgs/msg/_gyro_data.py
[43.846s] -- Installing: /home/dron/Praca-magisterska/ros2_ws/install/custom_msgs/local/lib/python3.10/dist-packages/custom_msgs/msg/_possition_data_s.c
[43.847s] -- Installing: /home/dron/Praca-magisterska/ros2_ws/install/custom_msgs/local/lib/python3.10/dist-packages/custom_msgs/msg/_gyro_data_s.c
[43.848s] -- Installing: /home/dron/Praca-magisterska/ros2_ws/install/custom_msgs/local/lib/python3.10/dist-packages/custom_msgs/msg/_estimator_data.py
[43.849s] -- Installing: /home/dron/Praca-magisterska/ros2_ws/install/custom_msgs/local/lib/python3.10/dist-packages/custom_msgs/msg/_possition_data.py
[43.850s] -- Installing: /home/dron/Praca-magisterska/ros2_ws/install/custom_msgs/local/lib/python3.10/dist-packages/custom_msgs/msg/_accel_data.py
[43.852s] -- Installing: /home/dron/Praca-magisterska/ros2_ws/install/custom_msgs/local/lib/python3.10/dist-packages/custom_msgs/custom_msgs_s__rosidl_typesupport_fastrtps_c.cpython-310-aarch64-linux-gnu.so
[44.051s] Listing '/home/dron/Praca-magisterska/ros2_ws/install/custom_msgs/local/lib/python3.10/dist-packages/custom_msgs'...
[44.053s] Compiling '/home/dron/Praca-magisterska/ros2_ws/install/custom_msgs/local/lib/python3.10/dist-packages/custom_msgs/__init__.py'...
[44.054s] Listing '/home/dron/Praca-magisterska/ros2_ws/install/custom_msgs/local/lib/python3.10/dist-packages/custom_msgs/msg'...
[44.055s] Compiling '/home/dron/Praca-magisterska/ros2_ws/install/custom_msgs/local/lib/python3.10/dist-packages/custom_msgs/msg/__init__.py'...
[44.056s] Compiling '/home/dron/Praca-magisterska/ros2_ws/install/custom_msgs/local/lib/python3.10/dist-packages/custom_msgs/msg/_accel_data.py'...
[44.057s] Compiling '/home/dron/Praca-magisterska/ros2_ws/install/custom_msgs/local/lib/python3.10/dist-packages/custom_msgs/msg/_data_xyz.py'...
[44.059s] Compiling '/home/dron/Praca-magisterska/ros2_ws/install/custom_msgs/local/lib/python3.10/dist-packages/custom_msgs/msg/_estimator_data.py'...
[44.060s] Compiling '/home/dron/Praca-magisterska/ros2_ws/install/custom_msgs/local/lib/python3.10/dist-packages/custom_msgs/msg/_gyro_data.py'...
[44.061s] Compiling '/home/dron/Praca-magisterska/ros2_ws/install/custom_msgs/local/lib/python3.10/dist-packages/custom_msgs/msg/_imu_data.py'...
[44.063s] Compiling '/home/dron/Praca-magisterska/ros2_ws/install/custom_msgs/local/lib/python3.10/dist-packages/custom_msgs/msg/_possition_data.py'...
[44.063s] Compiling '/home/dron/Praca-magisterska/ros2_ws/install/custom_msgs/local/lib/python3.10/dist-packages/custom_msgs/msg/_speed_data.py'...
[44.079s] -- Installing: /home/dron/Praca-magisterska/ros2_ws/install/custom_msgs/local/lib/python3.10/dist-packages/custom_msgs/custom_msgs_s__rosidl_typesupport_fastrtps_c.cpython-310-aarch64-linux-gnu.so
[44.082s] -- Set runtime path of "/home/dron/Praca-magisterska/ros2_ws/install/custom_msgs/local/lib/python3.10/dist-packages/custom_msgs/custom_msgs_s__rosidl_typesupport_fastrtps_c.cpython-310-aarch64-linux-gnu.so" to ""
[44.084s] -- Installing: /home/dron/Praca-magisterska/ros2_ws/install/custom_msgs/local/lib/python3.10/dist-packages/custom_msgs/custom_msgs_s__rosidl_typesupport_introspection_c.cpython-310-aarch64-linux-gnu.so
[44.087s] -- Set runtime path of "/home/dron/Praca-magisterska/ros2_ws/install/custom_msgs/local/lib/python3.10/dist-packages/custom_msgs/custom_msgs_s__rosidl_typesupport_introspection_c.cpython-310-aarch64-linux-gnu.so" to ""
[44.089s] -- Installing: /home/dron/Praca-magisterska/ros2_ws/install/custom_msgs/local/lib/python3.10/dist-packages/custom_msgs/custom_msgs_s__rosidl_typesupport_c.cpython-310-aarch64-linux-gnu.so
[44.093s] -- Set runtime path of "/home/dron/Praca-magisterska/ros2_ws/install/custom_msgs/local/lib/python3.10/dist-packages/custom_msgs/custom_msgs_s__rosidl_typesupport_c.cpython-310-aarch64-linux-gnu.so" to ""
[44.094s] -- Installing: /home/dron/Praca-magisterska/ros2_ws/install/custom_msgs/lib/libcustom_msgs__rosidl_generator_py.so
[44.097s] -- Set runtime path of "/home/dron/Praca-magisterska/ros2_ws/install/custom_msgs/lib/libcustom_msgs__rosidl_generator_py.so" to ""
[44.097s] -- Installing: /home/dron/Praca-magisterska/ros2_ws/install/custom_msgs/share/custom_msgs/msg/AccelData.idl
[44.099s] -- Installing: /home/dron/Praca-magisterska/ros2_ws/install/custom_msgs/share/custom_msgs/msg/GyroData.idl
[44.100s] -- Installing: /home/dron/Praca-magisterska/ros2_ws/install/custom_msgs/share/custom_msgs/msg/ImuData.idl
[44.101s] -- Installing: /home/dron/Praca-magisterska/ros2_ws/install/custom_msgs/share/custom_msgs/msg/EstimatorData.idl
[44.103s] -- Installing: /home/dron/Praca-magisterska/ros2_ws/install/custom_msgs/share/custom_msgs/msg/PossitionData.idl
[44.104s] -- Installing: /home/dron/Praca-magisterska/ros2_ws/install/custom_msgs/share/custom_msgs/msg/SpeedData.idl
[44.106s] -- Installing: /home/dron/Praca-magisterska/ros2_ws/install/custom_msgs/share/custom_msgs/msg/DataXYZ.idl
[44.107s] -- Installing: /home/dron/Praca-magisterska/ros2_ws/install/custom_msgs/share/custom_msgs/msg/AccelData.msg
[44.108s] -- Installing: /home/dron/Praca-magisterska/ros2_ws/install/custom_msgs/share/custom_msgs/msg/GyroData.msg
[44.109s] -- Installing: /home/dron/Praca-magisterska/ros2_ws/install/custom_msgs/share/custom_msgs/msg/ImuData.msg
[44.111s] -- Installing: /home/dron/Praca-magisterska/ros2_ws/install/custom_msgs/share/custom_msgs/msg/EstimatorData.msg
[44.112s] -- Installing: /home/dron/Praca-magisterska/ros2_ws/install/custom_msgs/share/custom_msgs/msg/PossitionData.msg
[44.114s] -- Installing: /home/dron/Praca-magisterska/ros2_ws/install/custom_msgs/share/custom_msgs/msg/SpeedData.msg
[44.115s] -- Installing: /home/dron/Praca-magisterska/ros2_ws/install/custom_msgs/share/custom_msgs/msg/DataXYZ.msg
[44.116s] -- Installing: /home/dron/Praca-magisterska/ros2_ws/install/custom_msgs/share/ament_index/resource_index/package_run_dependencies/custom_msgs
[44.118s] -- Installing: /home/dron/Praca-magisterska/ros2_ws/install/custom_msgs/share/ament_index/resource_index/parent_prefix_path/custom_msgs
[44.119s] -- Installing: /home/dron/Praca-magisterska/ros2_ws/install/custom_msgs/share/custom_msgs/environment/ament_prefix_path.sh
[44.121s] -- Installing: /home/dron/Praca-magisterska/ros2_ws/install/custom_msgs/share/custom_msgs/environment/ament_prefix_path.dsv
[44.122s] -- Installing: /home/dron/Praca-magisterska/ros2_ws/install/custom_msgs/share/custom_msgs/environment/path.sh
[44.123s] -- Installing: /home/dron/Praca-magisterska/ros2_ws/install/custom_msgs/share/custom_msgs/environment/path.dsv
[44.125s] -- Installing: /home/dron/Praca-magisterska/ros2_ws/install/custom_msgs/share/custom_msgs/local_setup.bash
[44.126s] -- Installing: /home/dron/Praca-magisterska/ros2_ws/install/custom_msgs/share/custom_msgs/local_setup.sh
[44.128s] -- Installing: /home/dron/Praca-magisterska/ros2_ws/install/custom_msgs/share/custom_msgs/local_setup.zsh
[44.129s] -- Installing: /home/dron/Praca-magisterska/ros2_ws/install/custom_msgs/share/custom_msgs/local_setup.dsv
[44.130s] -- Installing: /home/dron/Praca-magisterska/ros2_ws/install/custom_msgs/share/custom_msgs/package.dsv
[44.132s] -- Installing: /home/dron/Praca-magisterska/ros2_ws/install/custom_msgs/share/ament_index/resource_index/packages/custom_msgs
[44.134s] -- Old export file "/home/dron/Praca-magisterska/ros2_ws/install/custom_msgs/share/custom_msgs/cmake/export_custom_msgs__rosidl_generator_cExport.cmake" will be replaced.  Removing files [/home/dron/Praca-magisterska/ros2_ws/install/custom_msgs/share/custom_msgs/cmake/export_custom_msgs__rosidl_generator_cExport-noconfig.cmake].
[44.134s] -- Installing: /home/dron/Praca-magisterska/ros2_ws/install/custom_msgs/share/custom_msgs/cmake/export_custom_msgs__rosidl_generator_cExport.cmake
[44.136s] -- Installing: /home/dron/Praca-magisterska/ros2_ws/install/custom_msgs/share/custom_msgs/cmake/export_custom_msgs__rosidl_generator_cExport-noconfig.cmake
[44.138s] -- Old export file "/home/dron/Praca-magisterska/ros2_ws/install/custom_msgs/share/custom_msgs/cmake/export_custom_msgs__rosidl_typesupport_fastrtps_cExport.cmake" will be replaced.  Removing files [/home/dron/Praca-magisterska/ros2_ws/install/custom_msgs/share/custom_msgs/cmake/export_custom_msgs__rosidl_typesupport_fastrtps_cExport-noconfig.cmake].
[44.138s] -- Installing: /home/dron/Praca-magisterska/ros2_ws/install/custom_msgs/share/custom_msgs/cmake/export_custom_msgs__rosidl_typesupport_fastrtps_cExport.cmake
[44.140s] -- Installing: /home/dron/Praca-magisterska/ros2_ws/install/custom_msgs/share/custom_msgs/cmake/export_custom_msgs__rosidl_typesupport_fastrtps_cExport-noconfig.cmake
[44.142s] -- Old export file "/home/dron/Praca-magisterska/ros2_ws/install/custom_msgs/share/custom_msgs/cmake/custom_msgs__rosidl_typesupport_introspection_cExport.cmake" will be replaced.  Removing files [/home/dron/Praca-magisterska/ros2_ws/install/custom_msgs/share/custom_msgs/cmake/custom_msgs__rosidl_typesupport_introspection_cExport-noconfig.cmake].
[44.143s] -- Installing: /home/dron/Praca-magisterska/ros2_ws/install/custom_msgs/share/custom_msgs/cmake/custom_msgs__rosidl_typesupport_introspection_cExport.cmake
[44.145s] -- Installing: /home/dron/Praca-magisterska/ros2_ws/install/custom_msgs/share/custom_msgs/cmake/custom_msgs__rosidl_typesupport_introspection_cExport-noconfig.cmake
[44.146s] -- Old export file "/home/dron/Praca-magisterska/ros2_ws/install/custom_msgs/share/custom_msgs/cmake/custom_msgs__rosidl_typesupport_cExport.cmake" will be replaced.  Removing files [/home/dron/Praca-magisterska/ros2_ws/install/custom_msgs/share/custom_msgs/cmake/custom_msgs__rosidl_typesupport_cExport-noconfig.cmake].
[44.147s] -- Installing: /home/dron/Praca-magisterska/ros2_ws/install/custom_msgs/share/custom_msgs/cmake/custom_msgs__rosidl_typesupport_cExport.cmake
[44.149s] -- Installing: /home/dron/Praca-magisterska/ros2_ws/install/custom_msgs/share/custom_msgs/cmake/custom_msgs__rosidl_typesupport_cExport-noconfig.cmake
[44.151s] -- Installing: /home/dron/Praca-magisterska/ros2_ws/install/custom_msgs/share/custom_msgs/cmake/export_custom_msgs__rosidl_generator_cppExport.cmake
[44.153s] -- Old export file "/home/dron/Praca-magisterska/ros2_ws/install/custom_msgs/share/custom_msgs/cmake/export_custom_msgs__rosidl_typesupport_fastrtps_cppExport.cmake" will be replaced.  Removing files [/home/dron/Praca-magisterska/ros2_ws/install/custom_msgs/share/custom_msgs/cmake/export_custom_msgs__rosidl_typesupport_fastrtps_cppExport-noconfig.cmake].
[44.153s] -- Installing: /home/dron/Praca-magisterska/ros2_ws/install/custom_msgs/share/custom_msgs/cmake/export_custom_msgs__rosidl_typesupport_fastrtps_cppExport.cmake
[44.155s] -- Installing: /home/dron/Praca-magisterska/ros2_ws/install/custom_msgs/share/custom_msgs/cmake/export_custom_msgs__rosidl_typesupport_fastrtps_cppExport-noconfig.cmake
[44.157s] -- Old export file "/home/dron/Praca-magisterska/ros2_ws/install/custom_msgs/share/custom_msgs/cmake/custom_msgs__rosidl_typesupport_introspection_cppExport.cmake" will be replaced.  Removing files [/home/dron/Praca-magisterska/ros2_ws/install/custom_msgs/share/custom_msgs/cmake/custom_msgs__rosidl_typesupport_introspection_cppExport-noconfig.cmake].
[44.158s] -- Installing: /home/dron/Praca-magisterska/ros2_ws/install/custom_msgs/share/custom_msgs/cmake/custom_msgs__rosidl_typesupport_introspection_cppExport.cmake
[44.160s] -- Installing: /home/dron/Praca-magisterska/ros2_ws/install/custom_msgs/share/custom_msgs/cmake/custom_msgs__rosidl_typesupport_introspection_cppExport-noconfig.cmake
[44.162s] -- Old export file "/home/dron/Praca-magisterska/ros2_ws/install/custom_msgs/share/custom_msgs/cmake/custom_msgs__rosidl_typesupport_cppExport.cmake" will be replaced.  Removing files [/home/dron/Praca-magisterska/ros2_ws/install/custom_msgs/share/custom_msgs/cmake/custom_msgs__rosidl_typesupport_cppExport-noconfig.cmake].
[44.162s] -- Installing: /home/dron/Praca-magisterska/ros2_ws/install/custom_msgs/share/custom_msgs/cmake/custom_msgs__rosidl_typesupport_cppExport.cmake
[44.164s] -- Installing: /home/dron/Praca-magisterska/ros2_ws/install/custom_msgs/share/custom_msgs/cmake/custom_msgs__rosidl_typesupport_cppExport-noconfig.cmake
[44.166s] -- Old export file "/home/dron/Praca-magisterska/ros2_ws/install/custom_msgs/share/custom_msgs/cmake/export_custom_msgs__rosidl_generator_pyExport.cmake" will be replaced.  Removing files [/home/dron/Praca-magisterska/ros2_ws/install/custom_msgs/share/custom_msgs/cmake/export_custom_msgs__rosidl_generator_pyExport-noconfig.cmake].
[44.166s] -- Installing: /home/dron/Praca-magisterska/ros2_ws/install/custom_msgs/share/custom_msgs/cmake/export_custom_msgs__rosidl_generator_pyExport.cmake
[44.168s] -- Installing: /home/dron/Praca-magisterska/ros2_ws/install/custom_msgs/share/custom_msgs/cmake/export_custom_msgs__rosidl_generator_pyExport-noconfig.cmake
[44.170s] -- Installing: /home/dron/Praca-magisterska/ros2_ws/install/custom_msgs/share/custom_msgs/cmake/rosidl_cmake-extras.cmake
[44.171s] -- Installing: /home/dron/Praca-magisterska/ros2_ws/install/custom_msgs/share/custom_msgs/cmake/ament_cmake_export_include_directories-extras.cmake
[44.173s] -- Installing: /home/dron/Praca-magisterska/ros2_ws/install/custom_msgs/share/custom_msgs/cmake/ament_cmake_export_libraries-extras.cmake
[44.174s] -- Installing: /home/dron/Praca-magisterska/ros2_ws/install/custom_msgs/share/custom_msgs/cmake/ament_cmake_export_targets-extras.cmake
[44.176s] -- Installing: /home/dron/Praca-magisterska/ros2_ws/install/custom_msgs/share/custom_msgs/cmake/rosidl_cmake_export_typesupport_targets-extras.cmake
[44.177s] -- Installing: /home/dron/Praca-magisterska/ros2_ws/install/custom_msgs/share/custom_msgs/cmake/ament_cmake_export_dependencies-extras.cmake
[44.179s] -- Installing: /home/dron/Praca-magisterska/ros2_ws/install/custom_msgs/share/custom_msgs/cmake/rosidl_cmake_export_typesupport_libraries-extras.cmake
[44.180s] -- Installing: /home/dron/Praca-magisterska/ros2_ws/install/custom_msgs/share/custom_msgs/cmake/custom_msgsConfig.cmake
[44.181s] -- Installing: /home/dron/Praca-magisterska/ros2_ws/install/custom_msgs/share/custom_msgs/cmake/custom_msgsConfig-version.cmake
[44.183s] -- Installing: /home/dron/Praca-magisterska/ros2_ws/install/custom_msgs/share/custom_msgs/package.xml
[44.192s] Invoked command in '/home/dron/Praca-magisterska/ros2_ws/build/custom_msgs' returned '0': CMAKE_PREFIX_PATH=${CMAKE_PREFIX_PATH}:/opt/ros/humble:/home/dron/Praca-magisterska/ros2_ws/install/um7_pkg:/home/dron/Praca-magisterska/ros2_ws/install/my_py_pkg:/home/dron/Praca-magisterska/ros2_ws/install/log_data_pkg:/home/dron/Praca-magisterska/ros2_ws/install/flight_controller_pkg:/home/dron/Praca-magisterska/ros2_ws/install/flask_pkg:/home/dron/Praca-magisterska/ros2_ws/install/estimator_pkg PS1=(venv) \[\e]0;\u@\h: \w\a\]${debian_chroot:+($debian_chroot)}\u@\h:\w\$ VIRTUAL_ENV_PROMPT=(venv) /usr/bin/cmake --install /home/dron/Praca-magisterska/ros2_ws/build/custom_msgs
