[4.259s] Invoking command in '/home/dron/Praca-magisterska/ros2_ws/src/um7_pkg': CMAKE_PREFIX_PATH=/home/dron/Praca-magisterska/ros2_ws/install/custom_msgs:/home/dron/Praca-magisterska/ros2_ws/install/my_cpp_pkg PS1=(venv) \[\e]0;\u@\h: \w\a\]${debian_chroot:+($debian_chroot)}\u@\h:\w\$ PYTHONPATH=/home/dron/Praca-magisterska/ros2_ws/build/um7_pkg/prefix_override:/usr/lib/python3/dist-packages/colcon_core/task/python/colcon_distutils_commands:/home/dron/Praca-magisterska/ros2_ws/install/um7_pkg/lib/python3.10/site-packages:${PYTHONPATH} VIRTUAL_ENV_PROMPT=(venv) /usr/bin/python3 -W ignore:setup.py install is deprecated -W ignore:easy_install command is deprecated setup.py egg_info --egg-base ../../build/um7_pkg build --build-base /home/dron/Praca-magisterska/ros2_ws/build/um7_pkg/build install --record /home/dron/Praca-magisterska/ros2_ws/build/um7_pkg/install.log --single-version-externally-managed install_data
[5.392s] running egg_info
[5.395s] writing ../../build/um7_pkg/um7_pkg.egg-info/PKG-INFO
[5.396s] writing dependency_links to ../../build/um7_pkg/um7_pkg.egg-info/dependency_links.txt
[5.397s] writing entry points to ../../build/um7_pkg/um7_pkg.egg-info/entry_points.txt
[5.398s] writing requirements to ../../build/um7_pkg/um7_pkg.egg-info/requires.txt
[5.399s] writing top-level names to ../../build/um7_pkg/um7_pkg.egg-info/top_level.txt
[5.408s] reading manifest file '../../build/um7_pkg/um7_pkg.egg-info/SOURCES.txt'
[5.412s] writing manifest file '../../build/um7_pkg/um7_pkg.egg-info/SOURCES.txt'
[5.413s] running build
[5.413s] running build_py
[5.414s] running install
[5.416s] running install_lib
[5.422s] running install_data
[5.423s] running install_egg_info
[5.436s] removing '/home/dron/Praca-magisterska/ros2_ws/install/um7_pkg/lib/python3.10/site-packages/um7_pkg-0.0.0-py3.10.egg-info' (and everything under it)
[5.438s] Copying ../../build/um7_pkg/um7_pkg.egg-info to /home/dron/Praca-magisterska/ros2_ws/install/um7_pkg/lib/python3.10/site-packages/um7_pkg-0.0.0-py3.10.egg-info
[5.444s] running install_scripts
[5.537s] Installing imu_reader script to /home/dron/Praca-magisterska/ros2_ws/install/um7_pkg/lib/um7_pkg
[5.539s] writing list of installed files to '/home/dron/Praca-magisterska/ros2_ws/build/um7_pkg/install.log'
[5.693s] Invoked command in '/home/dron/Praca-magisterska/ros2_ws/src/um7_pkg' returned '0': CMAKE_PREFIX_PATH=/home/dron/Praca-magisterska/ros2_ws/install/custom_msgs:/home/dron/Praca-magisterska/ros2_ws/install/my_cpp_pkg PS1=(venv) \[\e]0;\u@\h: \w\a\]${debian_chroot:+($debian_chroot)}\u@\h:\w\$ PYTHONPATH=/home/dron/Praca-magisterska/ros2_ws/build/um7_pkg/prefix_override:/usr/lib/python3/dist-packages/colcon_core/task/python/colcon_distutils_commands:/home/dron/Praca-magisterska/ros2_ws/install/um7_pkg/lib/python3.10/site-packages:${PYTHONPATH} VIRTUAL_ENV_PROMPT=(venv) /usr/bin/python3 -W ignore:setup.py install is deprecated -W ignore:easy_install command is deprecated setup.py egg_info --egg-base ../../build/um7_pkg build --build-base /home/dron/Praca-magisterska/ros2_ws/build/um7_pkg/build install --record /home/dron/Praca-magisterska/ros2_ws/build/um7_pkg/install.log --single-version-externally-managed install_data
