[7.034s] Invoking command in '/home/dron/Praca-magisterska/ros2_ws/src/flight_controller_pkg': CMAKE_PREFIX_PATH=/home/dron/Praca-magisterska/ros2_ws/install/custom_msgs:/home/dron/Praca-magisterska/ros2_ws/install/my_cpp_pkg LD_LIBRARY_PATH=/home/dron/Praca-magisterska/ros2_ws/install/custom_msgs/lib:/opt/ros/humble/lib/aarch64-linux-gnu:/opt/ros/humble/lib PS1=(venv) \[\e]0;\u@\h: \w\a\]${debian_chroot:+($debian_chroot)}\u@\h:\w\$ PYTHONPATH=/home/dron/Praca-magisterska/ros2_ws/build/flight_controller_pkg/prefix_override:/usr/lib/python3/dist-packages/colcon_core/task/python/colcon_distutils_commands:/home/dron/Praca-magisterska/ros2_ws/install/flight_controller_pkg/lib/python3.10/site-packages:/home/dron/Praca-magisterska/ros2_ws/install/custom_msgs/local/lib/python3.10/dist-packages:${PYTHONPATH} VIRTUAL_ENV_PROMPT=(venv) /usr/bin/python3 -W ignore:setup.py install is deprecated -W ignore:easy_install command is deprecated setup.py egg_info --egg-base ../../build/flight_controller_pkg build --build-base /home/dron/Praca-magisterska/ros2_ws/build/flight_controller_pkg/build install --record /home/dron/Praca-magisterska/ros2_ws/build/flight_controller_pkg/install.log --single-version-externally-managed install_data
[8.877s] running egg_info
[8.881s] creating ../../build/flight_controller_pkg/flight_controller_pkg.egg-info
[8.883s] writing ../../build/flight_controller_pkg/flight_controller_pkg.egg-info/PKG-INFO
[8.885s] writing dependency_links to ../../build/flight_controller_pkg/flight_controller_pkg.egg-info/dependency_links.txt
[8.886s] writing entry points to ../../build/flight_controller_pkg/flight_controller_pkg.egg-info/entry_points.txt
[8.888s] writing requirements to ../../build/flight_controller_pkg/flight_controller_pkg.egg-info/requires.txt
[8.889s] writing top-level names to ../../build/flight_controller_pkg/flight_controller_pkg.egg-info/top_level.txt
[8.890s] writing manifest file '../../build/flight_controller_pkg/flight_controller_pkg.egg-info/SOURCES.txt'
[8.905s] reading manifest file '../../build/flight_controller_pkg/flight_controller_pkg.egg-info/SOURCES.txt'
[8.913s] writing manifest file '../../build/flight_controller_pkg/flight_controller_pkg.egg-info/SOURCES.txt'
[8.918s] running build
[8.927s] running build_py
[8.928s] creating /home/dron/Praca-magisterska/ros2_ws/build/flight_controller_pkg/build
[8.930s] creating /home/dron/Praca-magisterska/ros2_ws/build/flight_controller_pkg/build/lib
[8.930s] creating /home/dron/Praca-magisterska/ros2_ws/build/flight_controller_pkg/build/lib/flight_controller_pkg
[8.931s] copying flight_controller_pkg/__init__.py -> /home/dron/Praca-magisterska/ros2_ws/build/flight_controller_pkg/build/lib/flight_controller_pkg
[8.931s] copying flight_controller_pkg/imu_reader.py -> /home/dron/Praca-magisterska/ros2_ws/build/flight_controller_pkg/build/lib/flight_controller_pkg
[8.932s] copying flight_controller_pkg/MavlinkHz.py -> /home/dron/Praca-magisterska/ros2_ws/build/flight_controller_pkg/build/lib/flight_controller_pkg
[8.932s] running install
[8.932s] running install_lib
[8.933s] creating /home/dron/Praca-magisterska/ros2_ws/install/flight_controller_pkg/lib/python3.10/site-packages/flight_controller_pkg
[8.933s] copying /home/dron/Praca-magisterska/ros2_ws/build/flight_controller_pkg/build/lib/flight_controller_pkg/__init__.py -> /home/dron/Praca-magisterska/ros2_ws/install/flight_controller_pkg/lib/python3.10/site-packages/flight_controller_pkg
[8.933s] copying /home/dron/Praca-magisterska/ros2_ws/build/flight_controller_pkg/build/lib/flight_controller_pkg/imu_reader.py -> /home/dron/Praca-magisterska/ros2_ws/install/flight_controller_pkg/lib/python3.10/site-packages/flight_controller_pkg
[8.934s] copying /home/dron/Praca-magisterska/ros2_ws/build/flight_controller_pkg/build/lib/flight_controller_pkg/MavlinkHz.py -> /home/dron/Praca-magisterska/ros2_ws/install/flight_controller_pkg/lib/python3.10/site-packages/flight_controller_pkg
[8.935s] byte-compiling /home/dron/Praca-magisterska/ros2_ws/install/flight_controller_pkg/lib/python3.10/site-packages/flight_controller_pkg/__init__.py to __init__.cpython-310.pyc
[8.936s] byte-compiling /home/dron/Praca-magisterska/ros2_ws/install/flight_controller_pkg/lib/python3.10/site-packages/flight_controller_pkg/imu_reader.py to imu_reader.cpython-310.pyc
[8.940s] byte-compiling /home/dron/Praca-magisterska/ros2_ws/install/flight_controller_pkg/lib/python3.10/site-packages/flight_controller_pkg/MavlinkHz.py to MavlinkHz.cpython-310.pyc
[8.942s] running install_data
[8.943s] copying resource/flight_controller_pkg -> /home/dron/Praca-magisterska/ros2_ws/install/flight_controller_pkg/share/ament_index/resource_index/packages
[8.943s] copying package.xml -> /home/dron/Praca-magisterska/ros2_ws/install/flight_controller_pkg/share/flight_controller_pkg
[8.945s] running install_egg_info
[8.953s] Copying ../../build/flight_controller_pkg/flight_controller_pkg.egg-info to /home/dron/Praca-magisterska/ros2_ws/install/flight_controller_pkg/lib/python3.10/site-packages/flight_controller_pkg-0.0.0-py3.10.egg-info
[8.959s] running install_scripts
[9.049s] Installing imu_reader script to /home/dron/Praca-magisterska/ros2_ws/install/flight_controller_pkg/lib/flight_controller_pkg
[9.051s] writing list of installed files to '/home/dron/Praca-magisterska/ros2_ws/build/flight_controller_pkg/install.log'
[10.178s] Invoked command in '/home/dron/Praca-magisterska/ros2_ws/src/flight_controller_pkg' returned '0': CMAKE_PREFIX_PATH=/home/dron/Praca-magisterska/ros2_ws/install/custom_msgs:/home/dron/Praca-magisterska/ros2_ws/install/my_cpp_pkg LD_LIBRARY_PATH=/home/dron/Praca-magisterska/ros2_ws/install/custom_msgs/lib:/opt/ros/humble/lib/aarch64-linux-gnu:/opt/ros/humble/lib PS1=(venv) \[\e]0;\u@\h: \w\a\]${debian_chroot:+($debian_chroot)}\u@\h:\w\$ PYTHONPATH=/home/dron/Praca-magisterska/ros2_ws/build/flight_controller_pkg/prefix_override:/usr/lib/python3/dist-packages/colcon_core/task/python/colcon_distutils_commands:/home/dron/Praca-magisterska/ros2_ws/install/flight_controller_pkg/lib/python3.10/site-packages:/home/dron/Praca-magisterska/ros2_ws/install/custom_msgs/local/lib/python3.10/dist-packages:${PYTHONPATH} VIRTUAL_ENV_PROMPT=(venv) /usr/bin/python3 -W ignore:setup.py install is deprecated -W ignore:easy_install command is deprecated setup.py egg_info --egg-base ../../build/flight_controller_pkg build --build-base /home/dron/Praca-magisterska/ros2_ws/build/flight_controller_pkg/build install --record /home/dron/Praca-magisterska/ros2_ws/build/flight_controller_pkg/install.log --single-version-externally-managed install_data
