running egg_info
creating ../../build/estimator_pkg/estimator_pkg.egg-info
writing ../../build/estimator_pkg/estimator_pkg.egg-info/PKG-INFO
writing dependency_links to ../../build/estimator_pkg/estimator_pkg.egg-info/dependency_links.txt
writing entry points to ../../build/estimator_pkg/estimator_pkg.egg-info/entry_points.txt
writing requirements to ../../build/estimator_pkg/estimator_pkg.egg-info/requires.txt
writing top-level names to ../../build/estimator_pkg/estimator_pkg.egg-info/top_level.txt
writing manifest file '../../build/estimator_pkg/estimator_pkg.egg-info/SOURCES.txt'
reading manifest file '../../build/estimator_pkg/estimator_pkg.egg-info/SOURCES.txt'
writing manifest file '../../build/estimator_pkg/estimator_pkg.egg-info/SOURCES.txt'
running build
running build_py
creating /home/dron/Praca-magisterska/ros2_ws/build/estimator_pkg/build
creating /home/dron/Praca-magisterska/ros2_ws/build/estimator_pkg/build/lib
creating /home/dron/Praca-magisterska/ros2_ws/build/estimator_pkg/build/lib/estimator_pkg
copying estimator_pkg/__init__.py -> /home/dron/Praca-magisterska/ros2_ws/build/estimator_pkg/build/lib/estimator_pkg
copying estimator_pkg/Estymator G.py -> /home/dron/Praca-magisterska/ros2_ws/build/estimator_pkg/build/lib/estimator_pkg
copying estimator_pkg/estimator_node.py -> /home/dron/Praca-magisterska/ros2_ws/build/estimator_pkg/build/lib/estimator_pkg
running install
running install_lib
creating /home/dron/Praca-magisterska/ros2_ws/install/estimator_pkg/lib/python3.10/site-packages/estimator_pkg
copying /home/dron/Praca-magisterska/ros2_ws/build/estimator_pkg/build/lib/estimator_pkg/__init__.py -> /home/dron/Praca-magisterska/ros2_ws/install/estimator_pkg/lib/python3.10/site-packages/estimator_pkg
copying /home/dron/Praca-magisterska/ros2_ws/build/estimator_pkg/build/lib/estimator_pkg/Estymator G.py -> /home/dron/Praca-magisterska/ros2_ws/install/estimator_pkg/lib/python3.10/site-packages/estimator_pkg
copying /home/dron/Praca-magisterska/ros2_ws/build/estimator_pkg/build/lib/estimator_pkg/estimator_node.py -> /home/dron/Praca-magisterska/ros2_ws/install/estimator_pkg/lib/python3.10/site-packages/estimator_pkg
byte-compiling /home/dron/Praca-magisterska/ros2_ws/install/estimator_pkg/lib/python3.10/site-packages/estimator_pkg/__init__.py to __init__.cpython-310.pyc
byte-compiling /home/dron/Praca-magisterska/ros2_ws/install/estimator_pkg/lib/python3.10/site-packages/estimator_pkg/Estymator G.py to Estymator G.cpython-310.pyc
byte-compiling /home/dron/Praca-magisterska/ros2_ws/install/estimator_pkg/lib/python3.10/site-packages/estimator_pkg/estimator_node.py to estimator_node.cpython-310.pyc
running install_data
copying resource/estimator_pkg -> /home/dron/Praca-magisterska/ros2_ws/install/estimator_pkg/share/ament_index/resource_index/packages
copying package.xml -> /home/dron/Praca-magisterska/ros2_ws/install/estimator_pkg/share/estimator_pkg
running install_egg_info
Copying ../../build/estimator_pkg/estimator_pkg.egg-info to /home/dron/Praca-magisterska/ros2_ws/install/estimator_pkg/lib/python3.10/site-packages/estimator_pkg-0.0.0-py3.10.egg-info
running install_scripts
Installing estimator_node script to /home/dron/Praca-magisterska/ros2_ws/install/estimator_pkg/lib/estimator_pkg
writing list of installed files to '/home/dron/Praca-magisterska/ros2_ws/build/estimator_pkg/install.log'
