[6.724s] Invoking command in '/home/dron/Praca-magisterska/ros2_ws/src/estimator_pkg': CMAKE_PREFIX_PATH=/home/dron/Praca-magisterska/ros2_ws/install/custom_msgs:/home/dron/Praca-magisterska/ros2_ws/install/my_cpp_pkg LD_LIBRARY_PATH=/home/dron/Praca-magisterska/ros2_ws/install/custom_msgs/lib:/opt/ros/humble/lib/aarch64-linux-gnu:/opt/ros/humble/lib PS1=(venv) \[\e]0;\u@\h: \w\a\]${debian_chroot:+($debian_chroot)}\u@\h:\w\$ PYTHONPATH=/home/dron/Praca-magisterska/ros2_ws/build/estimator_pkg/prefix_override:/usr/lib/python3/dist-packages/colcon_core/task/python/colcon_distutils_commands:/home/dron/Praca-magisterska/ros2_ws/install/estimator_pkg/lib/python3.10/site-packages:/home/dron/Praca-magisterska/ros2_ws/install/custom_msgs/local/lib/python3.10/dist-packages:${PYTHONPATH} VIRTUAL_ENV_PROMPT=(venv) /usr/bin/python3 -W ignore:setup.py install is deprecated -W ignore:easy_install command is deprecated setup.py egg_info --egg-base ../../build/estimator_pkg build --build-base /home/dron/Praca-magisterska/ros2_ws/build/estimator_pkg/build install --record /home/dron/Praca-magisterska/ros2_ws/build/estimator_pkg/install.log --single-version-externally-managed install_data
[8.334s] running egg_info
[8.336s] creating ../../build/estimator_pkg/estimator_pkg.egg-info
[8.337s] writing ../../build/estimator_pkg/estimator_pkg.egg-info/PKG-INFO
[8.339s] writing dependency_links to ../../build/estimator_pkg/estimator_pkg.egg-info/dependency_links.txt
[8.339s] writing entry points to ../../build/estimator_pkg/estimator_pkg.egg-info/entry_points.txt
[8.340s] writing requirements to ../../build/estimator_pkg/estimator_pkg.egg-info/requires.txt
[8.341s] writing top-level names to ../../build/estimator_pkg/estimator_pkg.egg-info/top_level.txt
[8.342s] writing manifest file '../../build/estimator_pkg/estimator_pkg.egg-info/SOURCES.txt'
[8.351s] reading manifest file '../../build/estimator_pkg/estimator_pkg.egg-info/SOURCES.txt'
[8.355s] writing manifest file '../../build/estimator_pkg/estimator_pkg.egg-info/SOURCES.txt'
[8.355s] running build
[8.356s] running build_py
[8.357s] creating /home/dron/Praca-magisterska/ros2_ws/build/estimator_pkg/build
[8.358s] creating /home/dron/Praca-magisterska/ros2_ws/build/estimator_pkg/build/lib
[8.358s] creating /home/dron/Praca-magisterska/ros2_ws/build/estimator_pkg/build/lib/estimator_pkg
[8.359s] copying estimator_pkg/__init__.py -> /home/dron/Praca-magisterska/ros2_ws/build/estimator_pkg/build/lib/estimator_pkg
[8.360s] copying estimator_pkg/Estymator G.py -> /home/dron/Praca-magisterska/ros2_ws/build/estimator_pkg/build/lib/estimator_pkg
[8.361s] copying estimator_pkg/estimator_node.py -> /home/dron/Praca-magisterska/ros2_ws/build/estimator_pkg/build/lib/estimator_pkg
[8.361s] running install
[8.362s] running install_lib
[8.367s] creating /home/dron/Praca-magisterska/ros2_ws/install/estimator_pkg/lib/python3.10/site-packages/estimator_pkg
[8.368s] copying /home/dron/Praca-magisterska/ros2_ws/build/estimator_pkg/build/lib/estimator_pkg/__init__.py -> /home/dron/Praca-magisterska/ros2_ws/install/estimator_pkg/lib/python3.10/site-packages/estimator_pkg
[8.369s] copying /home/dron/Praca-magisterska/ros2_ws/build/estimator_pkg/build/lib/estimator_pkg/Estymator G.py -> /home/dron/Praca-magisterska/ros2_ws/install/estimator_pkg/lib/python3.10/site-packages/estimator_pkg
[8.371s] copying /home/dron/Praca-magisterska/ros2_ws/build/estimator_pkg/build/lib/estimator_pkg/estimator_node.py -> /home/dron/Praca-magisterska/ros2_ws/install/estimator_pkg/lib/python3.10/site-packages/estimator_pkg
[8.373s] byte-compiling /home/dron/Praca-magisterska/ros2_ws/install/estimator_pkg/lib/python3.10/site-packages/estimator_pkg/__init__.py to __init__.cpython-310.pyc
[8.375s] byte-compiling /home/dron/Praca-magisterska/ros2_ws/install/estimator_pkg/lib/python3.10/site-packages/estimator_pkg/Estymator G.py to Estymator G.cpython-310.pyc
[8.389s] byte-compiling /home/dron/Praca-magisterska/ros2_ws/install/estimator_pkg/lib/python3.10/site-packages/estimator_pkg/estimator_node.py to estimator_node.cpython-310.pyc
[8.401s] running install_data
[8.401s] copying resource/estimator_pkg -> /home/dron/Praca-magisterska/ros2_ws/install/estimator_pkg/share/ament_index/resource_index/packages
[8.402s] copying package.xml -> /home/dron/Praca-magisterska/ros2_ws/install/estimator_pkg/share/estimator_pkg
[8.403s] running install_egg_info
[8.412s] Copying ../../build/estimator_pkg/estimator_pkg.egg-info to /home/dron/Praca-magisterska/ros2_ws/install/estimator_pkg/lib/python3.10/site-packages/estimator_pkg-0.0.0-py3.10.egg-info
[8.421s] running install_scripts
[8.527s] Installing estimator_node script to /home/dron/Praca-magisterska/ros2_ws/install/estimator_pkg/lib/estimator_pkg
[8.528s] writing list of installed files to '/home/dron/Praca-magisterska/ros2_ws/build/estimator_pkg/install.log'
[8.710s] Invoked command in '/home/dron/Praca-magisterska/ros2_ws/src/estimator_pkg' returned '0': CMAKE_PREFIX_PATH=/home/dron/Praca-magisterska/ros2_ws/install/custom_msgs:/home/dron/Praca-magisterska/ros2_ws/install/my_cpp_pkg LD_LIBRARY_PATH=/home/dron/Praca-magisterska/ros2_ws/install/custom_msgs/lib:/opt/ros/humble/lib/aarch64-linux-gnu:/opt/ros/humble/lib PS1=(venv) \[\e]0;\u@\h: \w\a\]${debian_chroot:+($debian_chroot)}\u@\h:\w\$ PYTHONPATH=/home/dron/Praca-magisterska/ros2_ws/build/estimator_pkg/prefix_override:/usr/lib/python3/dist-packages/colcon_core/task/python/colcon_distutils_commands:/home/dron/Praca-magisterska/ros2_ws/install/estimator_pkg/lib/python3.10/site-packages:/home/dron/Praca-magisterska/ros2_ws/install/custom_msgs/local/lib/python3.10/dist-packages:${PYTHONPATH} VIRTUAL_ENV_PROMPT=(venv) /usr/bin/python3 -W ignore:setup.py install is deprecated -W ignore:easy_install command is deprecated setup.py egg_info --egg-base ../../build/estimator_pkg build --build-base /home/dron/Praca-magisterska/ros2_ws/build/estimator_pkg/build install --record /home/dron/Praca-magisterska/ros2_ws/build/estimator_pkg/install.log --single-version-externally-managed install_data
