[6.730s] Invoking command in '/home/dron/Praca-magisterska/ros2_ws/src/my_py_pkg': PS1=(venv) \[\e]0;\u@\h: \w\a\]${debian_chroot:+($debian_chroot)}\u@\h:\w\$ PYTHONPATH=/home/dron/Praca-magisterska/ros2_ws/build/my_py_pkg/prefix_override:/usr/lib/python3/dist-packages/colcon_core/task/python/colcon_distutils_commands:/home/dron/Praca-magisterska/ros2_ws/install/my_py_pkg/lib/python3.10/site-packages:${PYTHONPATH} VIRTUAL_ENV_PROMPT=(venv) /usr/bin/python3 -W ignore:setup.py install is deprecated -W ignore:easy_install command is deprecated setup.py egg_info --egg-base ../../build/my_py_pkg build --build-base /home/dron/Praca-magisterska/ros2_ws/build/my_py_pkg/build install --record /home/dron/Praca-magisterska/ros2_ws/build/my_py_pkg/install.log --single-version-externally-managed install_data
[8.186s] running egg_info
[8.190s] writing ../../build/my_py_pkg/my_py_pkg.egg-info/PKG-INFO
[8.193s] writing dependency_links to ../../build/my_py_pkg/my_py_pkg.egg-info/dependency_links.txt
[8.196s] writing entry points to ../../build/my_py_pkg/my_py_pkg.egg-info/entry_points.txt
[8.197s] writing requirements to ../../build/my_py_pkg/my_py_pkg.egg-info/requires.txt
[8.198s] writing top-level names to ../../build/my_py_pkg/my_py_pkg.egg-info/top_level.txt
[8.208s] reading manifest file '../../build/my_py_pkg/my_py_pkg.egg-info/SOURCES.txt'
[8.214s] writing manifest file '../../build/my_py_pkg/my_py_pkg.egg-info/SOURCES.txt'
[8.216s] running build
[8.217s] running build_py
[8.218s] running install
[8.221s] running install_lib
[8.224s] running install_data
[8.226s] running install_egg_info
[8.235s] removing '/home/dron/Praca-magisterska/ros2_ws/install/my_py_pkg/lib/python3.10/site-packages/my_py_pkg-0.0.0-py3.10.egg-info' (and everything under it)
[8.237s] Copying ../../build/my_py_pkg/my_py_pkg.egg-info to /home/dron/Praca-magisterska/ros2_ws/install/my_py_pkg/lib/python3.10/site-packages/my_py_pkg-0.0.0-py3.10.egg-info
[8.246s] running install_scripts
[8.361s] Installing py_node script to /home/dron/Praca-magisterska/ros2_ws/install/my_py_pkg/lib/my_py_pkg
[8.363s] writing list of installed files to '/home/dron/Praca-magisterska/ros2_ws/build/my_py_pkg/install.log'
[8.533s] Invoked command in '/home/dron/Praca-magisterska/ros2_ws/src/my_py_pkg' returned '0': PS1=(venv) \[\e]0;\u@\h: \w\a\]${debian_chroot:+($debian_chroot)}\u@\h:\w\$ PYTHONPATH=/home/dron/Praca-magisterska/ros2_ws/build/my_py_pkg/prefix_override:/usr/lib/python3/dist-packages/colcon_core/task/python/colcon_distutils_commands:/home/dron/Praca-magisterska/ros2_ws/install/my_py_pkg/lib/python3.10/site-packages:${PYTHONPATH} VIRTUAL_ENV_PROMPT=(venv) /usr/bin/python3 -W ignore:setup.py install is deprecated -W ignore:easy_install command is deprecated setup.py egg_info --egg-base ../../build/my_py_pkg build --build-base /home/dron/Praca-magisterska/ros2_ws/build/my_py_pkg/build install --record /home/dron/Praca-magisterska/ros2_ws/build/my_py_pkg/install.log --single-version-externally-managed install_data
