[0.068s] Invoking command in '/home/dron/Praca-magisterska/ros2_ws/build/my_cpp_pkg': CMAKE_PREFIX_PATH=${CMAKE_PREFIX_PATH}:/home/dron/Praca-magisterska/ros2_ws/install/um7_pkg:/home/dron/Praca-magisterska/ros2_ws/install/my_py_pkg:/home/dron/Praca-magisterska/ros2_ws/install/log_data_pkg:/home/dron/Praca-magisterska/ros2_ws/install/flight_controller_pkg:/home/dron/Praca-magisterska/ros2_ws/install/flask_pkg:/home/dron/Praca-magisterska/ros2_ws/install/estimator_pkg PS1=(venv) \[\e]0;\u@\h: \w\a\]${debian_chroot:+($debian_chroot)}\u@\h:\w\$ VIRTUAL_ENV_PROMPT=(venv) /usr/bin/cmake /home/dron/Praca-magisterska/ros2_ws/src/my_cpp_pkg -DCMAKE_INSTALL_PREFIX=/home/dron/Praca-magisterska/ros2_ws/install/my_cpp_pkg
[0.972s] -- The C compiler identification is GNU 11.4.0
[1.788s] -- The CXX compiler identification is GNU 11.4.0
[1.838s] -- Detecting C compiler ABI info
[2.219s] -- Detecting C compiler ABI info - done
[2.248s] -- Check for working C compiler: /usr/bin/cc - skipped
[2.249s] -- Detecting C compile features
[2.250s] -- Detecting C compile features - done
[2.264s] -- Detecting CXX compiler ABI info
[2.663s] -- Detecting CXX compiler ABI info - done
[2.694s] -- Check for working CXX compiler: /usr/bin/c++ - skipped
[2.696s] -- Detecting CXX compile features
[2.700s] -- Detecting CXX compile features - done
[2.767s] [31mCMake Error at CMakeLists.txt:9 (find_package):
[2.767s]   By not providing "Findament_cmake.cmake" in CMAKE_MODULE_PATH this project
[2.770s] -- Configuring incomplete, errors occurred!
[2.771s] See also "/home/dron/Praca-magisterska/ros2_ws/build/my_cpp_pkg/CMakeFiles/CMakeOutput.log".
[2.772s]   has asked CMake to find a package configuration file provided by
[2.773s]   "ament_cmake", but CMake did not find one.
[2.778s] 
[2.780s]   Could not find a package configuration file provided by "ament_cmake" with
[2.782s]   any of the following names:
[2.783s] 
[2.785s]     ament_cmakeConfig.cmake
[2.786s]     ament_cmake-config.cmake
[2.791s] 
[2.792s]   Add the installation prefix of "ament_cmake" to CMAKE_PREFIX_PATH or set
[2.793s]   "ament_cmake_DIR" to a directory containing one of the above files.  If
[2.793s]   "ament_cmake" provides a separate development package or SDK, be sure it
[2.794s]   has been installed.
[2.795s] 
[2.796s] [0m
[2.804s] Invoked command in '/home/dron/Praca-magisterska/ros2_ws/build/my_cpp_pkg' returned '1': CMAKE_PREFIX_PATH=${CMAKE_PREFIX_PATH}:/home/dron/Praca-magisterska/ros2_ws/install/um7_pkg:/home/dron/Praca-magisterska/ros2_ws/install/my_py_pkg:/home/dron/Praca-magisterska/ros2_ws/install/log_data_pkg:/home/dron/Praca-magisterska/ros2_ws/install/flight_controller_pkg:/home/dron/Praca-magisterska/ros2_ws/install/flask_pkg:/home/dron/Praca-magisterska/ros2_ws/install/estimator_pkg PS1=(venv) \[\e]0;\u@\h: \w\a\]${debian_chroot:+($debian_chroot)}\u@\h:\w\$ VIRTUAL_ENV_PROMPT=(venv) /usr/bin/cmake /home/dron/Praca-magisterska/ros2_ws/src/my_cpp_pkg -DCMAKE_INSTALL_PREFIX=/home/dron/Praca-magisterska/ros2_ws/install/my_cpp_pkg
