[3.485s] Invoking command in '/home/dron/Praca-magisterska/ros2_ws/src/my_py_pkg': PS1=(venv) \[\e]0;\u@\h: \w\a\]${debian_chroot:+($debian_chroot)}\u@\h:\w\$ PYTHONPATH=/home/dron/Praca-magisterska/ros2_ws/build/my_py_pkg/prefix_override:/usr/lib/python3/dist-packages/colcon_core/task/python/colcon_distutils_commands:/home/dron/Praca-magisterska/ros2_ws/install/my_py_pkg/lib/python3.10/site-packages:${PYTHONPATH} VIRTUAL_ENV_PROMPT=(venv) /usr/bin/python3 -W ignore:setup.py install is deprecated -W ignore:easy_install command is deprecated setup.py egg_info --egg-base ../../build/my_py_pkg build --build-base /home/dron/Praca-magisterska/ros2_ws/build/my_py_pkg/build install --record /home/dron/Praca-magisterska/ros2_ws/build/my_py_pkg/install.log --single-version-externally-managed install_data
[4.864s] running egg_info
[4.866s] creating ../../build/my_py_pkg/my_py_pkg.egg-info
[4.869s] writing ../../build/my_py_pkg/my_py_pkg.egg-info/PKG-INFO
[4.871s] writing dependency_links to ../../build/my_py_pkg/my_py_pkg.egg-info/dependency_links.txt
[4.872s] writing entry points to ../../build/my_py_pkg/my_py_pkg.egg-info/entry_points.txt
[4.873s] writing requirements to ../../build/my_py_pkg/my_py_pkg.egg-info/requires.txt
[4.873s] writing top-level names to ../../build/my_py_pkg/my_py_pkg.egg-info/top_level.txt
[4.874s] writing manifest file '../../build/my_py_pkg/my_py_pkg.egg-info/SOURCES.txt'
[4.881s] reading manifest file '../../build/my_py_pkg/my_py_pkg.egg-info/SOURCES.txt'
[4.887s] writing manifest file '../../build/my_py_pkg/my_py_pkg.egg-info/SOURCES.txt'
[4.887s] running build
[4.889s] running build_py
[4.891s] creating /home/dron/Praca-magisterska/ros2_ws/build/my_py_pkg/build
[4.892s] creating /home/dron/Praca-magisterska/ros2_ws/build/my_py_pkg/build/lib
[4.894s] creating /home/dron/Praca-magisterska/ros2_ws/build/my_py_pkg/build/lib/my_py_pkg
[4.895s] copying my_py_pkg/__init__.py -> /home/dron/Praca-magisterska/ros2_ws/build/my_py_pkg/build/lib/my_py_pkg
[4.896s] copying my_py_pkg/template_python_node.py -> /home/dron/Praca-magisterska/ros2_ws/build/my_py_pkg/build/lib/my_py_pkg
[4.896s] copying my_py_pkg/my_first_node.py -> /home/dron/Praca-magisterska/ros2_ws/build/my_py_pkg/build/lib/my_py_pkg
[4.897s] running install
[4.897s] running install_lib
[4.903s] creating /home/dron/Praca-magisterska/ros2_ws/install/my_py_pkg/lib/python3.10/site-packages/my_py_pkg
[4.904s] copying /home/dron/Praca-magisterska/ros2_ws/build/my_py_pkg/build/lib/my_py_pkg/__init__.py -> /home/dron/Praca-magisterska/ros2_ws/install/my_py_pkg/lib/python3.10/site-packages/my_py_pkg
[4.904s] copying /home/dron/Praca-magisterska/ros2_ws/build/my_py_pkg/build/lib/my_py_pkg/template_python_node.py -> /home/dron/Praca-magisterska/ros2_ws/install/my_py_pkg/lib/python3.10/site-packages/my_py_pkg
[4.905s] copying /home/dron/Praca-magisterska/ros2_ws/build/my_py_pkg/build/lib/my_py_pkg/my_first_node.py -> /home/dron/Praca-magisterska/ros2_ws/install/my_py_pkg/lib/python3.10/site-packages/my_py_pkg
[4.913s] byte-compiling /home/dron/Praca-magisterska/ros2_ws/install/my_py_pkg/lib/python3.10/site-packages/my_py_pkg/__init__.py to __init__.cpython-310.pyc
[4.913s] byte-compiling /home/dron/Praca-magisterska/ros2_ws/install/my_py_pkg/lib/python3.10/site-packages/my_py_pkg/template_python_node.py to template_python_node.cpython-310.pyc
[4.914s] byte-compiling /home/dron/Praca-magisterska/ros2_ws/install/my_py_pkg/lib/python3.10/site-packages/my_py_pkg/my_first_node.py to my_first_node.cpython-310.pyc
[4.914s] running install_data
[4.915s] copying resource/my_py_pkg -> /home/dron/Praca-magisterska/ros2_ws/install/my_py_pkg/share/ament_index/resource_index/packages
[4.915s] copying package.xml -> /home/dron/Praca-magisterska/ros2_ws/install/my_py_pkg/share/my_py_pkg
[4.916s] running install_egg_info
[4.921s] Copying ../../build/my_py_pkg/my_py_pkg.egg-info to /home/dron/Praca-magisterska/ros2_ws/install/my_py_pkg/lib/python3.10/site-packages/my_py_pkg-0.0.0-py3.10.egg-info
[4.928s] running install_scripts
[5.037s] Installing py_node script to /home/dron/Praca-magisterska/ros2_ws/install/my_py_pkg/lib/my_py_pkg
[5.039s] writing list of installed files to '/home/dron/Praca-magisterska/ros2_ws/build/my_py_pkg/install.log'
[5.210s] Invoked command in '/home/dron/Praca-magisterska/ros2_ws/src/my_py_pkg' returned '0': PS1=(venv) \[\e]0;\u@\h: \w\a\]${debian_chroot:+($debian_chroot)}\u@\h:\w\$ PYTHONPATH=/home/dron/Praca-magisterska/ros2_ws/build/my_py_pkg/prefix_override:/usr/lib/python3/dist-packages/colcon_core/task/python/colcon_distutils_commands:/home/dron/Praca-magisterska/ros2_ws/install/my_py_pkg/lib/python3.10/site-packages:${PYTHONPATH} VIRTUAL_ENV_PROMPT=(venv) /usr/bin/python3 -W ignore:setup.py install is deprecated -W ignore:easy_install command is deprecated setup.py egg_info --egg-base ../../build/my_py_pkg build --build-base /home/dron/Praca-magisterska/ros2_ws/build/my_py_pkg/build install --record /home/dron/Praca-magisterska/ros2_ws/build/my_py_pkg/install.log --single-version-externally-managed install_data
