running egg_info
creating ../../build/um7_pkg/um7_pkg.egg-info
writing ../../build/um7_pkg/um7_pkg.egg-info/PKG-INFO
writing dependency_links to ../../build/um7_pkg/um7_pkg.egg-info/dependency_links.txt
writing entry points to ../../build/um7_pkg/um7_pkg.egg-info/entry_points.txt
writing requirements to ../../build/um7_pkg/um7_pkg.egg-info/requires.txt
writing top-level names to ../../build/um7_pkg/um7_pkg.egg-info/top_level.txt
writing manifest file '../../build/um7_pkg/um7_pkg.egg-info/SOURCES.txt'
reading manifest file '../../build/um7_pkg/um7_pkg.egg-info/SOURCES.txt'
writing manifest file '../../build/um7_pkg/um7_pkg.egg-info/SOURCES.txt'
running build
running build_py
creating /home/dron/Praca-magisterska/ros2_ws/build/um7_pkg/build
creating /home/dron/Praca-magisterska/ros2_ws/build/um7_pkg/build/lib
creating /home/dron/Praca-magisterska/ros2_ws/build/um7_pkg/build/lib/um7_pkg
copying um7_pkg/__init__.py -> /home/dron/Praca-magisterska/ros2_ws/build/um7_pkg/build/lib/um7_pkg
copying um7_pkg/imu_reader.py -> /home/dron/Praca-magisterska/ros2_ws/build/um7_pkg/build/lib/um7_pkg
running install
running install_lib
creating /home/dron/Praca-magisterska/ros2_ws/install/um7_pkg/lib/python3.10/site-packages/um7_pkg
copying /home/dron/Praca-magisterska/ros2_ws/build/um7_pkg/build/lib/um7_pkg/__init__.py -> /home/dron/Praca-magisterska/ros2_ws/install/um7_pkg/lib/python3.10/site-packages/um7_pkg
copying /home/dron/Praca-magisterska/ros2_ws/build/um7_pkg/build/lib/um7_pkg/imu_reader.py -> /home/dron/Praca-magisterska/ros2_ws/install/um7_pkg/lib/python3.10/site-packages/um7_pkg
byte-compiling /home/dron/Praca-magisterska/ros2_ws/install/um7_pkg/lib/python3.10/site-packages/um7_pkg/__init__.py to __init__.cpython-310.pyc
byte-compiling /home/dron/Praca-magisterska/ros2_ws/install/um7_pkg/lib/python3.10/site-packages/um7_pkg/imu_reader.py to imu_reader.cpython-310.pyc
running install_data
copying resource/um7_pkg -> /home/dron/Praca-magisterska/ros2_ws/install/um7_pkg/share/ament_index/resource_index/packages
copying package.xml -> /home/dron/Praca-magisterska/ros2_ws/install/um7_pkg/share/um7_pkg
running install_egg_info
Copying ../../build/um7_pkg/um7_pkg.egg-info to /home/dron/Praca-magisterska/ros2_ws/install/um7_pkg/lib/python3.10/site-packages/um7_pkg-0.0.0-py3.10.egg-info
running install_scripts
Installing imu_reader script to /home/dron/Praca-magisterska/ros2_ws/install/um7_pkg/lib/um7_pkg
writing list of installed files to '/home/dron/Praca-magisterska/ros2_ws/build/um7_pkg/install.log'
