[4.399s] Invoking command in '/home/dron/Praca-magisterska/ros2_ws/src/log_data_pkg': CMAKE_PREFIX_PATH=/home/dron/Praca-magisterska/ros2_ws/install/custom_msgs:/home/dron/Praca-magisterska/ros2_ws/install/my_cpp_pkg PS1=(venv) \[\e]0;\u@\h: \w\a\]${debian_chroot:+($debian_chroot)}\u@\h:\w\$ PYTHONPATH=/home/dron/Praca-magisterska/ros2_ws/build/log_data_pkg/prefix_override:/usr/lib/python3/dist-packages/colcon_core/task/python/colcon_distutils_commands:/home/dron/Praca-magisterska/ros2_ws/install/log_data_pkg/lib/python3.10/site-packages:${PYTHONPATH} VIRTUAL_ENV_PROMPT=(venv) /usr/bin/python3 -W ignore:setup.py install is deprecated -W ignore:easy_install command is deprecated setup.py egg_info --egg-base ../../build/log_data_pkg build --build-base /home/dron/Praca-magisterska/ros2_ws/build/log_data_pkg/build install --record /home/dron/Praca-magisterska/ros2_ws/build/log_data_pkg/install.log --single-version-externally-managed install_data
[5.546s] running egg_info
[5.550s] writing ../../build/log_data_pkg/log_data_pkg.egg-info/PKG-INFO
[5.555s] writing dependency_links to ../../build/log_data_pkg/log_data_pkg.egg-info/dependency_links.txt
[5.557s] writing entry points to ../../build/log_data_pkg/log_data_pkg.egg-info/entry_points.txt
[5.559s] writing requirements to ../../build/log_data_pkg/log_data_pkg.egg-info/requires.txt
[5.560s] writing top-level names to ../../build/log_data_pkg/log_data_pkg.egg-info/top_level.txt
[5.566s] reading manifest file '../../build/log_data_pkg/log_data_pkg.egg-info/SOURCES.txt'
[5.570s] writing manifest file '../../build/log_data_pkg/log_data_pkg.egg-info/SOURCES.txt'
[5.571s] running build
[5.572s] running build_py
[5.573s] running install
[5.574s] running install_lib
[5.581s] running install_data
[5.581s] running install_egg_info
[5.590s] removing '/home/dron/Praca-magisterska/ros2_ws/install/log_data_pkg/lib/python3.10/site-packages/log_data_pkg-0.0.0-py3.10.egg-info' (and everything under it)
[5.592s] Copying ../../build/log_data_pkg/log_data_pkg.egg-info to /home/dron/Praca-magisterska/ros2_ws/install/log_data_pkg/lib/python3.10/site-packages/log_data_pkg-0.0.0-py3.10.egg-info
[5.600s] running install_scripts
[5.708s] Installing data_collector script to /home/dron/Praca-magisterska/ros2_ws/install/log_data_pkg/lib/log_data_pkg
[5.711s] writing list of installed files to '/home/dron/Praca-magisterska/ros2_ws/build/log_data_pkg/install.log'
[5.871s] Invoked command in '/home/dron/Praca-magisterska/ros2_ws/src/log_data_pkg' returned '0': CMAKE_PREFIX_PATH=/home/dron/Praca-magisterska/ros2_ws/install/custom_msgs:/home/dron/Praca-magisterska/ros2_ws/install/my_cpp_pkg PS1=(venv) \[\e]0;\u@\h: \w\a\]${debian_chroot:+($debian_chroot)}\u@\h:\w\$ PYTHONPATH=/home/dron/Praca-magisterska/ros2_ws/build/log_data_pkg/prefix_override:/usr/lib/python3/dist-packages/colcon_core/task/python/colcon_distutils_commands:/home/dron/Praca-magisterska/ros2_ws/install/log_data_pkg/lib/python3.10/site-packages:${PYTHONPATH} VIRTUAL_ENV_PROMPT=(venv) /usr/bin/python3 -W ignore:setup.py install is deprecated -W ignore:easy_install command is deprecated setup.py egg_info --egg-base ../../build/log_data_pkg build --build-base /home/dron/Praca-magisterska/ros2_ws/build/log_data_pkg/build install --record /home/dron/Praca-magisterska/ros2_ws/build/log_data_pkg/install.log --single-version-externally-managed install_data
