[5.861s] Invoking command in '/home/dron/Praca-magisterska/ros2_ws/src/gs_pkg': CMAKE_PREFIX_PATH=/home/dron/Praca-magisterska/ros2_ws/install/custom_msgs:/home/dron/Praca-magisterska/ros2_ws/install/my_cpp_pkg PS1=(venv) \[\e]0;\u@\h: \w\a\]${debian_chroot:+($debian_chroot)}\u@\h:\w\$ PYTHONPATH=/home/dron/Praca-magisterska/ros2_ws/build/gs_pkg/prefix_override:/usr/lib/python3/dist-packages/colcon_core/task/python/colcon_distutils_commands:/home/dron/Praca-magisterska/ros2_ws/install/gs_pkg/lib/python3.10/site-packages:${PYTHONPATH} VIRTUAL_ENV_PROMPT=(venv) /usr/bin/python3 -W ignore:setup.py install is deprecated -W ignore:easy_install command is deprecated setup.py egg_info --egg-base ../../build/gs_pkg build --build-base /home/dron/Praca-magisterska/ros2_ws/build/gs_pkg/build install --record /home/dron/Praca-magisterska/ros2_ws/build/gs_pkg/install.log --single-version-externally-managed install_data
[7.155s] running egg_info
[7.158s] creating ../../build/gs_pkg/gs_pkg.egg-info
[7.160s] writing ../../build/gs_pkg/gs_pkg.egg-info/PKG-INFO
[7.162s] writing dependency_links to ../../build/gs_pkg/gs_pkg.egg-info/dependency_links.txt
[7.164s] writing entry points to ../../build/gs_pkg/gs_pkg.egg-info/entry_points.txt
[7.165s] writing requirements to ../../build/gs_pkg/gs_pkg.egg-info/requires.txt
[7.167s] writing top-level names to ../../build/gs_pkg/gs_pkg.egg-info/top_level.txt
[7.169s] writing manifest file '../../build/gs_pkg/gs_pkg.egg-info/SOURCES.txt'
[7.178s] reading manifest file '../../build/gs_pkg/gs_pkg.egg-info/SOURCES.txt'
[7.184s] writing manifest file '../../build/gs_pkg/gs_pkg.egg-info/SOURCES.txt'
[7.185s] running build
[7.186s] running build_py
[7.188s] creating /home/dron/Praca-magisterska/ros2_ws/build/gs_pkg/build
[7.190s] creating /home/dron/Praca-magisterska/ros2_ws/build/gs_pkg/build/lib
[7.191s] creating /home/dron/Praca-magisterska/ros2_ws/build/gs_pkg/build/lib/gs_pkg
[7.193s] copying gs_pkg/__init__.py -> /home/dron/Praca-magisterska/ros2_ws/build/gs_pkg/build/lib/gs_pkg
[7.195s] copying gs_pkg/flask_server.py -> /home/dron/Praca-magisterska/ros2_ws/build/gs_pkg/build/lib/gs_pkg
[7.197s] copying gs_pkg/flask_server_old.py -> /home/dron/Praca-magisterska/ros2_ws/build/gs_pkg/build/lib/gs_pkg
[7.199s] copying gs_pkg/flask_server copy.py -> /home/dron/Praca-magisterska/ros2_ws/build/gs_pkg/build/lib/gs_pkg
[7.201s] running install
[7.204s] running install_lib
[7.209s] creating /home/dron/Praca-magisterska/ros2_ws/install/gs_pkg/lib/python3.10/site-packages/gs_pkg
[7.210s] copying /home/dron/Praca-magisterska/ros2_ws/build/gs_pkg/build/lib/gs_pkg/__init__.py -> /home/dron/Praca-magisterska/ros2_ws/install/gs_pkg/lib/python3.10/site-packages/gs_pkg
[7.213s] copying /home/dron/Praca-magisterska/ros2_ws/build/gs_pkg/build/lib/gs_pkg/flask_server.py -> /home/dron/Praca-magisterska/ros2_ws/install/gs_pkg/lib/python3.10/site-packages/gs_pkg
[7.215s] copying /home/dron/Praca-magisterska/ros2_ws/build/gs_pkg/build/lib/gs_pkg/flask_server_old.py -> /home/dron/Praca-magisterska/ros2_ws/install/gs_pkg/lib/python3.10/site-packages/gs_pkg
[7.217s] copying /home/dron/Praca-magisterska/ros2_ws/build/gs_pkg/build/lib/gs_pkg/flask_server copy.py -> /home/dron/Praca-magisterska/ros2_ws/install/gs_pkg/lib/python3.10/site-packages/gs_pkg
[7.222s] byte-compiling /home/dron/Praca-magisterska/ros2_ws/install/gs_pkg/lib/python3.10/site-packages/gs_pkg/__init__.py to __init__.cpython-310.pyc
[7.224s] byte-compiling /home/dron/Praca-magisterska/ros2_ws/install/gs_pkg/lib/python3.10/site-packages/gs_pkg/flask_server.py to flask_server.cpython-310.pyc
[7.231s] byte-compiling /home/dron/Praca-magisterska/ros2_ws/install/gs_pkg/lib/python3.10/site-packages/gs_pkg/flask_server_old.py to flask_server_old.cpython-310.pyc
[7.236s] byte-compiling /home/dron/Praca-magisterska/ros2_ws/install/gs_pkg/lib/python3.10/site-packages/gs_pkg/flask_server copy.py to flask_server copy.cpython-310.pyc
[7.240s] running install_data
[7.241s] creating /home/dron/Praca-magisterska/ros2_ws/install/gs_pkg/share/ament_index
[7.242s] creating /home/dron/Praca-magisterska/ros2_ws/install/gs_pkg/share/ament_index/resource_index
[7.243s] creating /home/dron/Praca-magisterska/ros2_ws/install/gs_pkg/share/ament_index/resource_index/packages
[7.243s] copying resource/gs_pkg -> /home/dron/Praca-magisterska/ros2_ws/install/gs_pkg/share/ament_index/resource_index/packages
[7.244s] copying package.xml -> /home/dron/Praca-magisterska/ros2_ws/install/gs_pkg/share/gs_pkg
[7.244s] running install_egg_info
[7.256s] Copying ../../build/gs_pkg/gs_pkg.egg-info to /home/dron/Praca-magisterska/ros2_ws/install/gs_pkg/lib/python3.10/site-packages/gs_pkg-0.0.0-py3.10.egg-info
[7.266s] running install_scripts
[7.365s] Installing flask_server script to /home/dron/Praca-magisterska/ros2_ws/install/gs_pkg/lib/gs_pkg
[7.367s] writing list of installed files to '/home/dron/Praca-magisterska/ros2_ws/build/gs_pkg/install.log'
[7.508s] Invoked command in '/home/dron/Praca-magisterska/ros2_ws/src/gs_pkg' returned '0': CMAKE_PREFIX_PATH=/home/dron/Praca-magisterska/ros2_ws/install/custom_msgs:/home/dron/Praca-magisterska/ros2_ws/install/my_cpp_pkg PS1=(venv) \[\e]0;\u@\h: \w\a\]${debian_chroot:+($debian_chroot)}\u@\h:\w\$ PYTHONPATH=/home/dron/Praca-magisterska/ros2_ws/build/gs_pkg/prefix_override:/usr/lib/python3/dist-packages/colcon_core/task/python/colcon_distutils_commands:/home/dron/Praca-magisterska/ros2_ws/install/gs_pkg/lib/python3.10/site-packages:${PYTHONPATH} VIRTUAL_ENV_PROMPT=(venv) /usr/bin/python3 -W ignore:setup.py install is deprecated -W ignore:easy_install command is deprecated setup.py egg_info --egg-base ../../build/gs_pkg build --build-base /home/dron/Praca-magisterska/ros2_ws/build/gs_pkg/build install --record /home/dron/Praca-magisterska/ros2_ws/build/gs_pkg/install.log --single-version-externally-managed install_data
