[0.097s] Invoking command in '/home/dron/Praca-magisterska/ros2_ws/build/custom_msgs': CMAKE_PREFIX_PATH=${CMAKE_PREFIX_PATH}:/home/dron/Praca-magisterska/ros2_ws/install/um7_pkg:/home/dron/Praca-magisterska/ros2_ws/install/my_py_pkg:/home/dron/Praca-magisterska/ros2_ws/install/log_data_pkg:/home/dron/Praca-magisterska/ros2_ws/install/flight_controller_pkg:/home/dron/Praca-magisterska/ros2_ws/install/flask_pkg:/home/dron/Praca-magisterska/ros2_ws/install/estimator_pkg:/opt/ros/humble PS1=(venv) \[\e]0;\u@\h: \w\a\]${debian_chroot:+($debian_chroot)}\u@\h:\w\$ VIRTUAL_ENV_PROMPT=(venv) /usr/bin/cmake --build /home/dron/Praca-magisterska/ros2_ws/build/custom_msgs -- -j4 -l4
[0.753s] [  1%] Built target custom_msgs__cpp
[0.840s] [ 12%] Built target custom_msgs__rosidl_generator_c
[0.949s] [ 12%] Built target ament_cmake_python_copy_custom_msgs
[0.971s] [ 24%] Built target custom_msgs__rosidl_typesupport_cpp
[1.054s] [ 36%] Built target custom_msgs__rosidl_typesupport_introspection_cpp
[1.059s] [ 46%] Built target custom_msgs__rosidl_typesupport_fastrtps_cpp
[1.137s] [ 58%] Built target custom_msgs__rosidl_typesupport_fastrtps_c
[1.165s] [ 69%] Built target custom_msgs__rosidl_typesupport_introspection_c
[1.207s] [ 81%] Built target custom_msgs__rosidl_typesupport_c
[1.298s] [ 81%] Built target custom_msgs
[1.422s] [ 82%] Built target custom_msgs__py
[1.655s] [ 92%] Built target custom_msgs__rosidl_generator_py
[1.816s] [ 94%] Built target custom_msgs__rosidl_typesupport_introspection_c__pyext
[1.818s] [ 97%] Built target custom_msgs__rosidl_typesupport_fastrtps_c__pyext
[1.877s] [100%] Built target custom_msgs__rosidl_typesupport_c__pyext
[2.447s] running egg_info
[2.453s] writing custom_msgs.egg-info/PKG-INFO
[2.455s] writing dependency_links to custom_msgs.egg-info/dependency_links.txt
[2.457s] writing top-level names to custom_msgs.egg-info/top_level.txt
[2.465s] reading manifest file 'custom_msgs.egg-info/SOURCES.txt'
[2.468s] writing manifest file 'custom_msgs.egg-info/SOURCES.txt'
[2.603s] [100%] Built target ament_cmake_python_build_custom_msgs_egg
[2.654s] Invoked command in '/home/dron/Praca-magisterska/ros2_ws/build/custom_msgs' returned '0': CMAKE_PREFIX_PATH=${CMAKE_PREFIX_PATH}:/home/dron/Praca-magisterska/ros2_ws/install/um7_pkg:/home/dron/Praca-magisterska/ros2_ws/install/my_py_pkg:/home/dron/Praca-magisterska/ros2_ws/install/log_data_pkg:/home/dron/Praca-magisterska/ros2_ws/install/flight_controller_pkg:/home/dron/Praca-magisterska/ros2_ws/install/flask_pkg:/home/dron/Praca-magisterska/ros2_ws/install/estimator_pkg:/opt/ros/humble PS1=(venv) \[\e]0;\u@\h: \w\a\]${debian_chroot:+($debian_chroot)}\u@\h:\w\$ VIRTUAL_ENV_PROMPT=(venv) /usr/bin/cmake --build /home/dron/Praca-magisterska/ros2_ws/build/custom_msgs -- -j4 -l4
[2.663s] Invoking command in '/home/dron/Praca-magisterska/ros2_ws/build/custom_msgs': CMAKE_PREFIX_PATH=${CMAKE_PREFIX_PATH}:/home/dron/Praca-magisterska/ros2_ws/install/um7_pkg:/home/dron/Praca-magisterska/ros2_ws/install/my_py_pkg:/home/dron/Praca-magisterska/ros2_ws/install/log_data_pkg:/home/dron/Praca-magisterska/ros2_ws/install/flight_controller_pkg:/home/dron/Praca-magisterska/ros2_ws/install/flask_pkg:/home/dron/Praca-magisterska/ros2_ws/install/estimator_pkg:/opt/ros/humble PS1=(venv) \[\e]0;\u@\h: \w\a\]${debian_chroot:+($debian_chroot)}\u@\h:\w\$ VIRTUAL_ENV_PROMPT=(venv) /usr/bin/cmake --install /home/dron/Praca-magisterska/ros2_ws/build/custom_msgs
[2.693s] -- Install configuration: ""
[2.694s] -- Up-to-date: /home/dron/Praca-magisterska/ros2_ws/install/custom_msgs/share/ament_index/resource_index/rosidl_interfaces/custom_msgs
[2.695s] -- Up-to-date: /home/dron/Praca-magisterska/ros2_ws/install/custom_msgs/include/custom_msgs/custom_msgs
[2.696s] -- Up-to-date: /home/dron/Praca-magisterska/ros2_ws/install/custom_msgs/include/custom_msgs/custom_msgs/msg
[2.696s] -- Up-to-date: /home/dron/Praca-magisterska/ros2_ws/install/custom_msgs/include/custom_msgs/custom_msgs/msg/imu_data.h
[2.697s] -- Up-to-date: /home/dron/Praca-magisterska/ros2_ws/install/custom_msgs/include/custom_msgs/custom_msgs/msg/data_xyz.h
[2.698s] -- Up-to-date: /home/dron/Praca-magisterska/ros2_ws/install/custom_msgs/include/custom_msgs/custom_msgs/msg/gyro_data.h
[2.699s] -- Up-to-date: /home/dron/Praca-magisterska/ros2_ws/install/custom_msgs/include/custom_msgs/custom_msgs/msg/estimator_data.h
[2.700s] -- Up-to-date: /home/dron/Praca-magisterska/ros2_ws/install/custom_msgs/include/custom_msgs/custom_msgs/msg/accel_data.h
[2.701s] -- Up-to-date: /home/dron/Praca-magisterska/ros2_ws/install/custom_msgs/include/custom_msgs/custom_msgs/msg/possition_data.h
[2.702s] -- Up-to-date: /home/dron/Praca-magisterska/ros2_ws/install/custom_msgs/include/custom_msgs/custom_msgs/msg/rosidl_generator_c__visibility_control.h
[2.703s] -- Up-to-date: /home/dron/Praca-magisterska/ros2_ws/install/custom_msgs/include/custom_msgs/custom_msgs/msg/detail
[2.704s] -- Up-to-date: /home/dron/Praca-magisterska/ros2_ws/install/custom_msgs/include/custom_msgs/custom_msgs/msg/detail/accel_data__type_support.h
[2.705s] -- Up-to-date: /home/dron/Praca-magisterska/ros2_ws/install/custom_msgs/include/custom_msgs/custom_msgs/msg/detail/data_xyz__functions.h
[2.706s] -- Up-to-date: /home/dron/Praca-magisterska/ros2_ws/install/custom_msgs/include/custom_msgs/custom_msgs/msg/detail/possition_data__struct.h
[2.707s] -- Up-to-date: /home/dron/Praca-magisterska/ros2_ws/install/custom_msgs/include/custom_msgs/custom_msgs/msg/detail/estimator_data__functions.c
[2.708s] -- Up-to-date: /home/dron/Praca-magisterska/ros2_ws/install/custom_msgs/include/custom_msgs/custom_msgs/msg/detail/speed_data__type_support.h
[2.708s] -- Up-to-date: /home/dron/Praca-magisterska/ros2_ws/install/custom_msgs/include/custom_msgs/custom_msgs/msg/detail/imu_data__functions.h
[2.709s] -- Up-to-date: /home/dron/Praca-magisterska/ros2_ws/install/custom_msgs/include/custom_msgs/custom_msgs/msg/detail/imu_data__type_support.h
[2.709s] -- Up-to-date: /home/dron/Praca-magisterska/ros2_ws/install/custom_msgs/include/custom_msgs/custom_msgs/msg/detail/accel_data__functions.c
[2.710s] -- Up-to-date: /home/dron/Praca-magisterska/ros2_ws/install/custom_msgs/include/custom_msgs/custom_msgs/msg/detail/possition_data__type_support.h
[2.710s] -- Up-to-date: /home/dron/Praca-magisterska/ros2_ws/install/custom_msgs/include/custom_msgs/custom_msgs/msg/detail/gyro_data__functions.c
[2.711s] -- Up-to-date: /home/dron/Praca-magisterska/ros2_ws/install/custom_msgs/include/custom_msgs/custom_msgs/msg/detail/estimator_data__struct.h
[2.711s] -- Up-to-date: /home/dron/Praca-magisterska/ros2_ws/install/custom_msgs/include/custom_msgs/custom_msgs/msg/detail/estimator_data__type_support.h
[2.712s] -- Up-to-date: /home/dron/Praca-magisterska/ros2_ws/install/custom_msgs/include/custom_msgs/custom_msgs/msg/detail/possition_data__functions.h
[2.712s] -- Up-to-date: /home/dron/Praca-magisterska/ros2_ws/install/custom_msgs/include/custom_msgs/custom_msgs/msg/detail/gyro_data__struct.h
[2.713s] -- Up-to-date: /home/dron/Praca-magisterska/ros2_ws/install/custom_msgs/include/custom_msgs/custom_msgs/msg/detail/data_xyz__functions.c
[2.713s] -- Up-to-date: /home/dron/Praca-magisterska/ros2_ws/install/custom_msgs/include/custom_msgs/custom_msgs/msg/detail/speed_data__functions.c
[2.714s] -- Up-to-date: /home/dron/Praca-magisterska/ros2_ws/install/custom_msgs/include/custom_msgs/custom_msgs/msg/detail/speed_data__functions.h
[2.715s] -- Up-to-date: /home/dron/Praca-magisterska/ros2_ws/install/custom_msgs/include/custom_msgs/custom_msgs/msg/detail/data_xyz__type_support.h
[2.715s] -- Up-to-date: /home/dron/Praca-magisterska/ros2_ws/install/custom_msgs/include/custom_msgs/custom_msgs/msg/detail/imu_data__functions.c
[2.716s] -- Up-to-date: /home/dron/Praca-magisterska/ros2_ws/install/custom_msgs/include/custom_msgs/custom_msgs/msg/detail/accel_data__functions.h
[2.716s] -- Up-to-date: /home/dron/Praca-magisterska/ros2_ws/install/custom_msgs/include/custom_msgs/custom_msgs/msg/detail/imu_data__struct.h
[2.717s] -- Up-to-date: /home/dron/Praca-magisterska/ros2_ws/install/custom_msgs/include/custom_msgs/custom_msgs/msg/detail/speed_data__struct.h
[2.718s] -- Up-to-date: /home/dron/Praca-magisterska/ros2_ws/install/custom_msgs/include/custom_msgs/custom_msgs/msg/detail/gyro_data__type_support.h
[2.718s] -- Up-to-date: /home/dron/Praca-magisterska/ros2_ws/install/custom_msgs/include/custom_msgs/custom_msgs/msg/detail/possition_data__functions.c
[2.719s] -- Up-to-date: /home/dron/Praca-magisterska/ros2_ws/install/custom_msgs/include/custom_msgs/custom_msgs/msg/detail/estimator_data__functions.h
[2.719s] -- Up-to-date: /home/dron/Praca-magisterska/ros2_ws/install/custom_msgs/include/custom_msgs/custom_msgs/msg/detail/accel_data__struct.h
[2.720s] -- Up-to-date: /home/dron/Praca-magisterska/ros2_ws/install/custom_msgs/include/custom_msgs/custom_msgs/msg/detail/gyro_data__functions.h
[2.720s] -- Up-to-date: /home/dron/Praca-magisterska/ros2_ws/install/custom_msgs/include/custom_msgs/custom_msgs/msg/detail/data_xyz__struct.h
[2.721s] -- Up-to-date: /home/dron/Praca-magisterska/ros2_ws/install/custom_msgs/include/custom_msgs/custom_msgs/msg/speed_data.h
[2.721s] -- Up-to-date: /home/dron/Praca-magisterska/ros2_ws/install/custom_msgs/share/custom_msgs/environment/library_path.sh
[2.722s] -- Up-to-date: /home/dron/Praca-magisterska/ros2_ws/install/custom_msgs/share/custom_msgs/environment/library_path.dsv
[2.722s] -- Up-to-date: /home/dron/Praca-magisterska/ros2_ws/install/custom_msgs/lib/libcustom_msgs__rosidl_generator_c.so
[2.723s] -- Up-to-date: /home/dron/Praca-magisterska/ros2_ws/install/custom_msgs/include/custom_msgs/custom_msgs
[2.724s] -- Up-to-date: /home/dron/Praca-magisterska/ros2_ws/install/custom_msgs/include/custom_msgs/custom_msgs/msg
[2.724s] -- Up-to-date: /home/dron/Praca-magisterska/ros2_ws/install/custom_msgs/include/custom_msgs/custom_msgs/msg/rosidl_typesupport_fastrtps_c__visibility_control.h
[2.725s] -- Up-to-date: /home/dron/Praca-magisterska/ros2_ws/install/custom_msgs/include/custom_msgs/custom_msgs/msg/detail
[2.725s] -- Up-to-date: /home/dron/Praca-magisterska/ros2_ws/install/custom_msgs/include/custom_msgs/custom_msgs/msg/detail/speed_data__rosidl_typesupport_fastrtps_c.h
[2.726s] -- Up-to-date: /home/dron/Praca-magisterska/ros2_ws/install/custom_msgs/include/custom_msgs/custom_msgs/msg/detail/imu_data__rosidl_typesupport_fastrtps_c.h
[2.726s] -- Up-to-date: /home/dron/Praca-magisterska/ros2_ws/install/custom_msgs/include/custom_msgs/custom_msgs/msg/detail/gyro_data__rosidl_typesupport_fastrtps_c.h
[2.727s] -- Up-to-date: /home/dron/Praca-magisterska/ros2_ws/install/custom_msgs/include/custom_msgs/custom_msgs/msg/detail/accel_data__rosidl_typesupport_fastrtps_c.h
[2.728s] -- Up-to-date: /home/dron/Praca-magisterska/ros2_ws/install/custom_msgs/include/custom_msgs/custom_msgs/msg/detail/data_xyz__rosidl_typesupport_fastrtps_c.h
[2.728s] -- Up-to-date: /home/dron/Praca-magisterska/ros2_ws/install/custom_msgs/include/custom_msgs/custom_msgs/msg/detail/possition_data__rosidl_typesupport_fastrtps_c.h
[2.729s] -- Up-to-date: /home/dron/Praca-magisterska/ros2_ws/install/custom_msgs/include/custom_msgs/custom_msgs/msg/detail/estimator_data__rosidl_typesupport_fastrtps_c.h
[2.729s] -- Up-to-date: /home/dron/Praca-magisterska/ros2_ws/install/custom_msgs/lib/libcustom_msgs__rosidl_typesupport_fastrtps_c.so
[2.730s] -- Up-to-date: /home/dron/Praca-magisterska/ros2_ws/install/custom_msgs/include/custom_msgs/custom_msgs
[2.730s] -- Up-to-date: /home/dron/Praca-magisterska/ros2_ws/install/custom_msgs/include/custom_msgs/custom_msgs/msg
[2.731s] -- Up-to-date: /home/dron/Praca-magisterska/ros2_ws/install/custom_msgs/include/custom_msgs/custom_msgs/msg/detail
[2.732s] -- Up-to-date: /home/dron/Praca-magisterska/ros2_ws/install/custom_msgs/include/custom_msgs/custom_msgs/msg/detail/estimator_data__rosidl_typesupport_introspection_c.h
[2.732s] -- Up-to-date: /home/dron/Praca-magisterska/ros2_ws/install/custom_msgs/include/custom_msgs/custom_msgs/msg/detail/speed_data__type_support.c
[2.733s] -- Up-to-date: /home/dron/Praca-magisterska/ros2_ws/install/custom_msgs/include/custom_msgs/custom_msgs/msg/detail/possition_data__rosidl_typesupport_introspection_c.h
[2.733s] -- Up-to-date: /home/dron/Praca-magisterska/ros2_ws/install/custom_msgs/include/custom_msgs/custom_msgs/msg/detail/data_xyz__type_support.c
[2.734s] -- Up-to-date: /home/dron/Praca-magisterska/ros2_ws/install/custom_msgs/include/custom_msgs/custom_msgs/msg/detail/data_xyz__rosidl_typesupport_introspection_c.h
[2.734s] -- Up-to-date: /home/dron/Praca-magisterska/ros2_ws/install/custom_msgs/include/custom_msgs/custom_msgs/msg/detail/imu_data__rosidl_typesupport_introspection_c.h
[2.735s] -- Up-to-date: /home/dron/Praca-magisterska/ros2_ws/install/custom_msgs/include/custom_msgs/custom_msgs/msg/detail/possition_data__type_support.c
[2.735s] -- Up-to-date: /home/dron/Praca-magisterska/ros2_ws/install/custom_msgs/include/custom_msgs/custom_msgs/msg/detail/imu_data__type_support.c
[2.736s] -- Up-to-date: /home/dron/Praca-magisterska/ros2_ws/install/custom_msgs/include/custom_msgs/custom_msgs/msg/detail/accel_data__rosidl_typesupport_introspection_c.h
[2.736s] -- Up-to-date: /home/dron/Praca-magisterska/ros2_ws/install/custom_msgs/include/custom_msgs/custom_msgs/msg/detail/gyro_data__rosidl_typesupport_introspection_c.h
[2.737s] -- Up-to-date: /home/dron/Praca-magisterska/ros2_ws/install/custom_msgs/include/custom_msgs/custom_msgs/msg/detail/estimator_data__type_support.c
[2.737s] -- Up-to-date: /home/dron/Praca-magisterska/ros2_ws/install/custom_msgs/include/custom_msgs/custom_msgs/msg/detail/accel_data__type_support.c
[2.738s] -- Up-to-date: /home/dron/Praca-magisterska/ros2_ws/install/custom_msgs/include/custom_msgs/custom_msgs/msg/detail/gyro_data__type_support.c
[2.738s] -- Up-to-date: /home/dron/Praca-magisterska/ros2_ws/install/custom_msgs/include/custom_msgs/custom_msgs/msg/detail/speed_data__rosidl_typesupport_introspection_c.h
[2.739s] -- Up-to-date: /home/dron/Praca-magisterska/ros2_ws/install/custom_msgs/include/custom_msgs/custom_msgs/msg/rosidl_typesupport_introspection_c__visibility_control.h
[2.739s] -- Up-to-date: /home/dron/Praca-magisterska/ros2_ws/install/custom_msgs/lib/libcustom_msgs__rosidl_typesupport_introspection_c.so
[2.746s] -- Up-to-date: /home/dron/Praca-magisterska/ros2_ws/install/custom_msgs/lib/libcustom_msgs__rosidl_typesupport_c.so
[2.748s] -- Up-to-date: /home/dron/Praca-magisterska/ros2_ws/install/custom_msgs/include/custom_msgs/custom_msgs
[2.748s] -- Up-to-date: /home/dron/Praca-magisterska/ros2_ws/install/custom_msgs/include/custom_msgs/custom_msgs/msg
[2.749s] -- Up-to-date: /home/dron/Praca-magisterska/ros2_ws/install/custom_msgs/include/custom_msgs/custom_msgs/msg/accel_data.hpp
[2.749s] -- Up-to-date: /home/dron/Praca-magisterska/ros2_ws/install/custom_msgs/include/custom_msgs/custom_msgs/msg/data_xyz.hpp
[2.750s] -- Up-to-date: /home/dron/Praca-magisterska/ros2_ws/install/custom_msgs/include/custom_msgs/custom_msgs/msg/possition_data.hpp
[2.751s] -- Up-to-date: /home/dron/Praca-magisterska/ros2_ws/install/custom_msgs/include/custom_msgs/custom_msgs/msg/gyro_data.hpp
[2.751s] -- Up-to-date: /home/dron/Praca-magisterska/ros2_ws/install/custom_msgs/include/custom_msgs/custom_msgs/msg/estimator_data.hpp
[2.752s] -- Up-to-date: /home/dron/Praca-magisterska/ros2_ws/install/custom_msgs/include/custom_msgs/custom_msgs/msg/detail
[2.752s] -- Up-to-date: /home/dron/Praca-magisterska/ros2_ws/install/custom_msgs/include/custom_msgs/custom_msgs/msg/detail/possition_data__traits.hpp
[2.753s] -- Up-to-date: /home/dron/Praca-magisterska/ros2_ws/install/custom_msgs/include/custom_msgs/custom_msgs/msg/detail/speed_data__struct.hpp
[2.754s] -- Up-to-date: /home/dron/Praca-magisterska/ros2_ws/install/custom_msgs/include/custom_msgs/custom_msgs/msg/detail/gyro_data__struct.hpp
[2.754s] -- Up-to-date: /home/dron/Praca-magisterska/ros2_ws/install/custom_msgs/include/custom_msgs/custom_msgs/msg/detail/data_xyz__builder.hpp
[2.755s] -- Up-to-date: /home/dron/Praca-magisterska/ros2_ws/install/custom_msgs/include/custom_msgs/custom_msgs/msg/detail/gyro_data__traits.hpp
[2.755s] -- Up-to-date: /home/dron/Praca-magisterska/ros2_ws/install/custom_msgs/include/custom_msgs/custom_msgs/msg/detail/speed_data__type_support.hpp
[2.756s] -- Up-to-date: /home/dron/Praca-magisterska/ros2_ws/install/custom_msgs/include/custom_msgs/custom_msgs/msg/detail/data_xyz__type_support.hpp
[2.756s] -- Up-to-date: /home/dron/Praca-magisterska/ros2_ws/install/custom_msgs/include/custom_msgs/custom_msgs/msg/detail/possition_data__builder.hpp
[2.757s] -- Up-to-date: /home/dron/Praca-magisterska/ros2_ws/install/custom_msgs/include/custom_msgs/custom_msgs/msg/detail/gyro_data__builder.hpp
[2.757s] -- Up-to-date: /home/dron/Praca-magisterska/ros2_ws/install/custom_msgs/include/custom_msgs/custom_msgs/msg/detail/estimator_data__traits.hpp
[2.758s] -- Up-to-date: /home/dron/Praca-magisterska/ros2_ws/install/custom_msgs/include/custom_msgs/custom_msgs/msg/detail/speed_data__builder.hpp
[2.759s] -- Up-to-date: /home/dron/Praca-magisterska/ros2_ws/install/custom_msgs/include/custom_msgs/custom_msgs/msg/detail/estimator_data__type_support.hpp
[2.759s] -- Up-to-date: /home/dron/Praca-magisterska/ros2_ws/install/custom_msgs/include/custom_msgs/custom_msgs/msg/detail/possition_data__type_support.hpp
[2.760s] -- Up-to-date: /home/dron/Praca-magisterska/ros2_ws/install/custom_msgs/include/custom_msgs/custom_msgs/msg/detail/accel_data__struct.hpp
[2.760s] -- Up-to-date: /home/dron/Praca-magisterska/ros2_ws/install/custom_msgs/include/custom_msgs/custom_msgs/msg/detail/imu_data__struct.hpp
[2.761s] -- Up-to-date: /home/dron/Praca-magisterska/ros2_ws/install/custom_msgs/include/custom_msgs/custom_msgs/msg/detail/estimator_data__struct.hpp
[2.761s] -- Up-to-date: /home/dron/Praca-magisterska/ros2_ws/install/custom_msgs/include/custom_msgs/custom_msgs/msg/detail/speed_data__traits.hpp
[2.762s] -- Up-to-date: /home/dron/Praca-magisterska/ros2_ws/install/custom_msgs/include/custom_msgs/custom_msgs/msg/detail/imu_data__type_support.hpp
[2.762s] -- Up-to-date: /home/dron/Praca-magisterska/ros2_ws/install/custom_msgs/include/custom_msgs/custom_msgs/msg/detail/possition_data__struct.hpp
[2.763s] -- Up-to-date: /home/dron/Praca-magisterska/ros2_ws/install/custom_msgs/include/custom_msgs/custom_msgs/msg/detail/data_xyz__traits.hpp
[2.763s] -- Up-to-date: /home/dron/Praca-magisterska/ros2_ws/install/custom_msgs/include/custom_msgs/custom_msgs/msg/detail/accel_data__traits.hpp
[2.763s] -- Up-to-date: /home/dron/Praca-magisterska/ros2_ws/install/custom_msgs/include/custom_msgs/custom_msgs/msg/detail/data_xyz__struct.hpp
[2.764s] -- Up-to-date: /home/dron/Praca-magisterska/ros2_ws/install/custom_msgs/include/custom_msgs/custom_msgs/msg/detail/gyro_data__type_support.hpp
[2.764s] -- Up-to-date: /home/dron/Praca-magisterska/ros2_ws/install/custom_msgs/include/custom_msgs/custom_msgs/msg/detail/estimator_data__builder.hpp
[2.765s] -- Up-to-date: /home/dron/Praca-magisterska/ros2_ws/install/custom_msgs/include/custom_msgs/custom_msgs/msg/detail/imu_data__traits.hpp
[2.765s] -- Up-to-date: /home/dron/Praca-magisterska/ros2_ws/install/custom_msgs/include/custom_msgs/custom_msgs/msg/detail/accel_data__builder.hpp
[2.766s] -- Up-to-date: /home/dron/Praca-magisterska/ros2_ws/install/custom_msgs/include/custom_msgs/custom_msgs/msg/detail/accel_data__type_support.hpp
[2.766s] -- Up-to-date: /home/dron/Praca-magisterska/ros2_ws/install/custom_msgs/include/custom_msgs/custom_msgs/msg/detail/imu_data__builder.hpp
[2.767s] -- Up-to-date: /home/dron/Praca-magisterska/ros2_ws/install/custom_msgs/include/custom_msgs/custom_msgs/msg/speed_data.hpp
[2.767s] -- Up-to-date: /home/dron/Praca-magisterska/ros2_ws/install/custom_msgs/include/custom_msgs/custom_msgs/msg/imu_data.hpp
[2.768s] -- Up-to-date: /home/dron/Praca-magisterska/ros2_ws/install/custom_msgs/include/custom_msgs/custom_msgs/msg/rosidl_generator_cpp__visibility_control.hpp
[2.768s] -- Up-to-date: /home/dron/Praca-magisterska/ros2_ws/install/custom_msgs/include/custom_msgs/custom_msgs
[2.769s] -- Up-to-date: /home/dron/Praca-magisterska/ros2_ws/install/custom_msgs/include/custom_msgs/custom_msgs/msg
[2.769s] -- Up-to-date: /home/dron/Praca-magisterska/ros2_ws/install/custom_msgs/include/custom_msgs/custom_msgs/msg/rosidl_typesupport_fastrtps_cpp__visibility_control.h
[2.770s] -- Up-to-date: /home/dron/Praca-magisterska/ros2_ws/install/custom_msgs/include/custom_msgs/custom_msgs/msg/detail
[2.771s] -- Up-to-date: /home/dron/Praca-magisterska/ros2_ws/install/custom_msgs/include/custom_msgs/custom_msgs/msg/detail/estimator_data__rosidl_typesupport_fastrtps_cpp.hpp
[2.772s] -- Up-to-date: /home/dron/Praca-magisterska/ros2_ws/install/custom_msgs/include/custom_msgs/custom_msgs/msg/detail/dds_fastrtps
[2.773s] -- Up-to-date: /home/dron/Praca-magisterska/ros2_ws/install/custom_msgs/include/custom_msgs/custom_msgs/msg/detail/speed_data__rosidl_typesupport_fastrtps_cpp.hpp
[2.773s] -- Up-to-date: /home/dron/Praca-magisterska/ros2_ws/install/custom_msgs/include/custom_msgs/custom_msgs/msg/detail/gyro_data__rosidl_typesupport_fastrtps_cpp.hpp
[2.774s] -- Up-to-date: /home/dron/Praca-magisterska/ros2_ws/install/custom_msgs/include/custom_msgs/custom_msgs/msg/detail/imu_data__rosidl_typesupport_fastrtps_cpp.hpp
[2.774s] -- Up-to-date: /home/dron/Praca-magisterska/ros2_ws/install/custom_msgs/include/custom_msgs/custom_msgs/msg/detail/accel_data__rosidl_typesupport_fastrtps_cpp.hpp
[2.775s] -- Up-to-date: /home/dron/Praca-magisterska/ros2_ws/install/custom_msgs/include/custom_msgs/custom_msgs/msg/detail/data_xyz__rosidl_typesupport_fastrtps_cpp.hpp
[2.775s] -- Up-to-date: /home/dron/Praca-magisterska/ros2_ws/install/custom_msgs/include/custom_msgs/custom_msgs/msg/detail/possition_data__rosidl_typesupport_fastrtps_cpp.hpp
[2.779s] -- Up-to-date: /home/dron/Praca-magisterska/ros2_ws/install/custom_msgs/lib/libcustom_msgs__rosidl_typesupport_fastrtps_cpp.so
[2.781s] -- Up-to-date: /home/dron/Praca-magisterska/ros2_ws/install/custom_msgs/include/custom_msgs/custom_msgs
[2.781s] -- Up-to-date: /home/dron/Praca-magisterska/ros2_ws/install/custom_msgs/include/custom_msgs/custom_msgs/msg
[2.782s] -- Up-to-date: /home/dron/Praca-magisterska/ros2_ws/install/custom_msgs/include/custom_msgs/custom_msgs/msg/detail
[2.783s] -- Up-to-date: /home/dron/Praca-magisterska/ros2_ws/install/custom_msgs/include/custom_msgs/custom_msgs/msg/detail/imu_data__rosidl_typesupport_introspection_cpp.hpp
[2.784s] -- Up-to-date: /home/dron/Praca-magisterska/ros2_ws/install/custom_msgs/include/custom_msgs/custom_msgs/msg/detail/possition_data__rosidl_typesupport_introspection_cpp.hpp
[2.784s] -- Up-to-date: /home/dron/Praca-magisterska/ros2_ws/install/custom_msgs/include/custom_msgs/custom_msgs/msg/detail/data_xyz__type_support.cpp
[2.785s] -- Up-to-date: /home/dron/Praca-magisterska/ros2_ws/install/custom_msgs/include/custom_msgs/custom_msgs/msg/detail/accel_data__rosidl_typesupport_introspection_cpp.hpp
[2.785s] -- Up-to-date: /home/dron/Praca-magisterska/ros2_ws/install/custom_msgs/include/custom_msgs/custom_msgs/msg/detail/estimator_data__type_support.cpp
[2.786s] -- Up-to-date: /home/dron/Praca-magisterska/ros2_ws/install/custom_msgs/include/custom_msgs/custom_msgs/msg/detail/gyro_data__rosidl_typesupport_introspection_cpp.hpp
[2.786s] -- Up-to-date: /home/dron/Praca-magisterska/ros2_ws/install/custom_msgs/include/custom_msgs/custom_msgs/msg/detail/imu_data__type_support.cpp
[2.787s] -- Up-to-date: /home/dron/Praca-magisterska/ros2_ws/install/custom_msgs/include/custom_msgs/custom_msgs/msg/detail/gyro_data__type_support.cpp
[2.787s] -- Up-to-date: /home/dron/Praca-magisterska/ros2_ws/install/custom_msgs/include/custom_msgs/custom_msgs/msg/detail/speed_data__rosidl_typesupport_introspection_cpp.hpp
[2.788s] -- Up-to-date: /home/dron/Praca-magisterska/ros2_ws/install/custom_msgs/include/custom_msgs/custom_msgs/msg/detail/estimator_data__rosidl_typesupport_introspection_cpp.hpp
[2.788s] -- Up-to-date: /home/dron/Praca-magisterska/ros2_ws/install/custom_msgs/include/custom_msgs/custom_msgs/msg/detail/speed_data__type_support.cpp
[2.789s] -- Up-to-date: /home/dron/Praca-magisterska/ros2_ws/install/custom_msgs/include/custom_msgs/custom_msgs/msg/detail/accel_data__type_support.cpp
[2.789s] -- Up-to-date: /home/dron/Praca-magisterska/ros2_ws/install/custom_msgs/include/custom_msgs/custom_msgs/msg/detail/possition_data__type_support.cpp
[2.790s] -- Up-to-date: /home/dron/Praca-magisterska/ros2_ws/install/custom_msgs/include/custom_msgs/custom_msgs/msg/detail/data_xyz__rosidl_typesupport_introspection_cpp.hpp
[2.795s] -- Up-to-date: /home/dron/Praca-magisterska/ros2_ws/install/custom_msgs/lib/libcustom_msgs__rosidl_typesupport_introspection_cpp.so
[2.800s] -- Up-to-date: /home/dron/Praca-magisterska/ros2_ws/install/custom_msgs/lib/libcustom_msgs__rosidl_typesupport_cpp.so
[2.802s] -- Up-to-date: /home/dron/Praca-magisterska/ros2_ws/install/custom_msgs/share/custom_msgs/environment/pythonpath.sh
[2.802s] -- Up-to-date: /home/dron/Praca-magisterska/ros2_ws/install/custom_msgs/share/custom_msgs/environment/pythonpath.dsv
[2.803s] -- Up-to-date: /home/dron/Praca-magisterska/ros2_ws/install/custom_msgs/local/lib/python3.10/dist-packages/custom_msgs-0.0.0-py3.10.egg-info
[2.804s] -- Installing: /home/dron/Praca-magisterska/ros2_ws/install/custom_msgs/local/lib/python3.10/dist-packages/custom_msgs-0.0.0-py3.10.egg-info/PKG-INFO
[2.806s] -- Installing: /home/dron/Praca-magisterska/ros2_ws/install/custom_msgs/local/lib/python3.10/dist-packages/custom_msgs-0.0.0-py3.10.egg-info/top_level.txt
[2.807s] -- Installing: /home/dron/Praca-magisterska/ros2_ws/install/custom_msgs/local/lib/python3.10/dist-packages/custom_msgs-0.0.0-py3.10.egg-info/SOURCES.txt
[2.809s] -- Installing: /home/dron/Praca-magisterska/ros2_ws/install/custom_msgs/local/lib/python3.10/dist-packages/custom_msgs-0.0.0-py3.10.egg-info/dependency_links.txt
[2.811s] -- Up-to-date: /home/dron/Praca-magisterska/ros2_ws/install/custom_msgs/local/lib/python3.10/dist-packages/custom_msgs
[2.812s] -- Up-to-date: /home/dron/Praca-magisterska/ros2_ws/install/custom_msgs/local/lib/python3.10/dist-packages/custom_msgs/_custom_msgs_s.ep.rosidl_typesupport_introspection_c.c
[2.812s] -- Up-to-date: /home/dron/Praca-magisterska/ros2_ws/install/custom_msgs/local/lib/python3.10/dist-packages/custom_msgs/__init__.py
[2.813s] -- Up-to-date: /home/dron/Praca-magisterska/ros2_ws/install/custom_msgs/local/lib/python3.10/dist-packages/custom_msgs/custom_msgs_s__rosidl_typesupport_introspection_c.cpython-310-aarch64-linux-gnu.so
[2.813s] -- Up-to-date: /home/dron/Praca-magisterska/ros2_ws/install/custom_msgs/local/lib/python3.10/dist-packages/custom_msgs/_custom_msgs_s.ep.rosidl_typesupport_c.c
[2.814s] -- Up-to-date: /home/dron/Praca-magisterska/ros2_ws/install/custom_msgs/local/lib/python3.10/dist-packages/custom_msgs/custom_msgs_s__rosidl_typesupport_c.cpython-310-aarch64-linux-gnu.so
[2.815s] -- Up-to-date: /home/dron/Praca-magisterska/ros2_ws/install/custom_msgs/local/lib/python3.10/dist-packages/custom_msgs/_custom_msgs_s.ep.rosidl_typesupport_fastrtps_c.c
[2.816s] -- Up-to-date: /home/dron/Praca-magisterska/ros2_ws/install/custom_msgs/local/lib/python3.10/dist-packages/custom_msgs/libcustom_msgs__rosidl_generator_py.so
[2.816s] -- Up-to-date: /home/dron/Praca-magisterska/ros2_ws/install/custom_msgs/local/lib/python3.10/dist-packages/custom_msgs/msg
[2.817s] -- Up-to-date: /home/dron/Praca-magisterska/ros2_ws/install/custom_msgs/local/lib/python3.10/dist-packages/custom_msgs/msg/_speed_data.py
[2.817s] -- Up-to-date: /home/dron/Praca-magisterska/ros2_ws/install/custom_msgs/local/lib/python3.10/dist-packages/custom_msgs/msg/__init__.py
[2.818s] -- Up-to-date: /home/dron/Praca-magisterska/ros2_ws/install/custom_msgs/local/lib/python3.10/dist-packages/custom_msgs/msg/_data_xyz_s.c
[2.819s] -- Up-to-date: /home/dron/Praca-magisterska/ros2_ws/install/custom_msgs/local/lib/python3.10/dist-packages/custom_msgs/msg/_imu_data_s.c
[2.819s] -- Up-to-date: /home/dron/Praca-magisterska/ros2_ws/install/custom_msgs/local/lib/python3.10/dist-packages/custom_msgs/msg/_estimator_data_s.c
[2.820s] -- Up-to-date: /home/dron/Praca-magisterska/ros2_ws/install/custom_msgs/local/lib/python3.10/dist-packages/custom_msgs/msg/_accel_data_s.c
[2.820s] -- Up-to-date: /home/dron/Praca-magisterska/ros2_ws/install/custom_msgs/local/lib/python3.10/dist-packages/custom_msgs/msg/_imu_data.py
[2.821s] -- Up-to-date: /home/dron/Praca-magisterska/ros2_ws/install/custom_msgs/local/lib/python3.10/dist-packages/custom_msgs/msg/_data_xyz.py
[2.826s] -- Up-to-date: /home/dron/Praca-magisterska/ros2_ws/install/custom_msgs/local/lib/python3.10/dist-packages/custom_msgs/msg/_speed_data_s.c
[2.829s] -- Up-to-date: /home/dron/Praca-magisterska/ros2_ws/install/custom_msgs/local/lib/python3.10/dist-packages/custom_msgs/msg/_gyro_data.py
[2.830s] -- Up-to-date: /home/dron/Praca-magisterska/ros2_ws/install/custom_msgs/local/lib/python3.10/dist-packages/custom_msgs/msg/_possition_data_s.c
[2.831s] -- Up-to-date: /home/dron/Praca-magisterska/ros2_ws/install/custom_msgs/local/lib/python3.10/dist-packages/custom_msgs/msg/_gyro_data_s.c
[2.831s] -- Up-to-date: /home/dron/Praca-magisterska/ros2_ws/install/custom_msgs/local/lib/python3.10/dist-packages/custom_msgs/msg/_estimator_data.py
[2.832s] -- Up-to-date: /home/dron/Praca-magisterska/ros2_ws/install/custom_msgs/local/lib/python3.10/dist-packages/custom_msgs/msg/_possition_data.py
[2.832s] -- Up-to-date: /home/dron/Praca-magisterska/ros2_ws/install/custom_msgs/local/lib/python3.10/dist-packages/custom_msgs/msg/_accel_data.py
[2.833s] -- Up-to-date: /home/dron/Praca-magisterska/ros2_ws/install/custom_msgs/local/lib/python3.10/dist-packages/custom_msgs/custom_msgs_s__rosidl_typesupport_fastrtps_c.cpython-310-aarch64-linux-gnu.so
[3.019s] Listing '/home/dron/Praca-magisterska/ros2_ws/install/custom_msgs/local/lib/python3.10/dist-packages/custom_msgs'...
[3.021s] Listing '/home/dron/Praca-magisterska/ros2_ws/install/custom_msgs/local/lib/python3.10/dist-packages/custom_msgs/msg'...
[3.047s] -- Up-to-date: /home/dron/Praca-magisterska/ros2_ws/install/custom_msgs/local/lib/python3.10/dist-packages/custom_msgs/custom_msgs_s__rosidl_typesupport_fastrtps_c.cpython-310-aarch64-linux-gnu.so
[3.052s] -- Up-to-date: /home/dron/Praca-magisterska/ros2_ws/install/custom_msgs/local/lib/python3.10/dist-packages/custom_msgs/custom_msgs_s__rosidl_typesupport_introspection_c.cpython-310-aarch64-linux-gnu.so
[3.060s] -- Up-to-date: /home/dron/Praca-magisterska/ros2_ws/install/custom_msgs/local/lib/python3.10/dist-packages/custom_msgs/custom_msgs_s__rosidl_typesupport_c.cpython-310-aarch64-linux-gnu.so
[3.063s] -- Up-to-date: /home/dron/Praca-magisterska/ros2_ws/install/custom_msgs/lib/libcustom_msgs__rosidl_generator_py.so
[3.065s] -- Up-to-date: /home/dron/Praca-magisterska/ros2_ws/install/custom_msgs/share/custom_msgs/msg/AccelData.idl
[3.066s] -- Up-to-date: /home/dron/Praca-magisterska/ros2_ws/install/custom_msgs/share/custom_msgs/msg/GyroData.idl
[3.067s] -- Up-to-date: /home/dron/Praca-magisterska/ros2_ws/install/custom_msgs/share/custom_msgs/msg/ImuData.idl
[3.068s] -- Up-to-date: /home/dron/Praca-magisterska/ros2_ws/install/custom_msgs/share/custom_msgs/msg/EstimatorData.idl
[3.074s] -- Up-to-date: /home/dron/Praca-magisterska/ros2_ws/install/custom_msgs/share/custom_msgs/msg/PossitionData.idl
[3.080s] -- Up-to-date: /home/dron/Praca-magisterska/ros2_ws/install/custom_msgs/share/custom_msgs/msg/SpeedData.idl
[3.081s] -- Up-to-date: /home/dron/Praca-magisterska/ros2_ws/install/custom_msgs/share/custom_msgs/msg/DataXYZ.idl
[3.081s] -- Up-to-date: /home/dron/Praca-magisterska/ros2_ws/install/custom_msgs/share/custom_msgs/msg/AccelData.msg
[3.082s] -- Up-to-date: /home/dron/Praca-magisterska/ros2_ws/install/custom_msgs/share/custom_msgs/msg/GyroData.msg
[3.083s] -- Up-to-date: /home/dron/Praca-magisterska/ros2_ws/install/custom_msgs/share/custom_msgs/msg/ImuData.msg
[3.084s] -- Up-to-date: /home/dron/Praca-magisterska/ros2_ws/install/custom_msgs/share/custom_msgs/msg/EstimatorData.msg
[3.084s] -- Up-to-date: /home/dron/Praca-magisterska/ros2_ws/install/custom_msgs/share/custom_msgs/msg/PossitionData.msg
[3.085s] -- Up-to-date: /home/dron/Praca-magisterska/ros2_ws/install/custom_msgs/share/custom_msgs/msg/SpeedData.msg
[3.085s] -- Up-to-date: /home/dron/Praca-magisterska/ros2_ws/install/custom_msgs/share/custom_msgs/msg/DataXYZ.msg
[3.086s] -- Up-to-date: /home/dron/Praca-magisterska/ros2_ws/install/custom_msgs/share/ament_index/resource_index/package_run_dependencies/custom_msgs
[3.088s] -- Up-to-date: /home/dron/Praca-magisterska/ros2_ws/install/custom_msgs/share/ament_index/resource_index/parent_prefix_path/custom_msgs
[3.088s] -- Up-to-date: /home/dron/Praca-magisterska/ros2_ws/install/custom_msgs/share/custom_msgs/environment/ament_prefix_path.sh
[3.089s] -- Up-to-date: /home/dron/Praca-magisterska/ros2_ws/install/custom_msgs/share/custom_msgs/environment/ament_prefix_path.dsv
[3.094s] -- Up-to-date: /home/dron/Praca-magisterska/ros2_ws/install/custom_msgs/share/custom_msgs/environment/path.sh
[3.095s] -- Up-to-date: /home/dron/Praca-magisterska/ros2_ws/install/custom_msgs/share/custom_msgs/environment/path.dsv
[3.095s] -- Up-to-date: /home/dron/Praca-magisterska/ros2_ws/install/custom_msgs/share/custom_msgs/local_setup.bash
[3.096s] -- Up-to-date: /home/dron/Praca-magisterska/ros2_ws/install/custom_msgs/share/custom_msgs/local_setup.sh
[3.096s] -- Up-to-date: /home/dron/Praca-magisterska/ros2_ws/install/custom_msgs/share/custom_msgs/local_setup.zsh
[3.107s] -- Up-to-date: /home/dron/Praca-magisterska/ros2_ws/install/custom_msgs/share/custom_msgs/local_setup.dsv
[3.107s] -- Installing: /home/dron/Praca-magisterska/ros2_ws/install/custom_msgs/share/custom_msgs/package.dsv
[3.107s] -- Up-to-date: /home/dron/Praca-magisterska/ros2_ws/install/custom_msgs/share/ament_index/resource_index/packages/custom_msgs
[3.108s] -- Up-to-date: /home/dron/Praca-magisterska/ros2_ws/install/custom_msgs/share/custom_msgs/cmake/export_custom_msgs__rosidl_generator_cExport.cmake
[3.109s] -- Up-to-date: /home/dron/Praca-magisterska/ros2_ws/install/custom_msgs/share/custom_msgs/cmake/export_custom_msgs__rosidl_generator_cExport-noconfig.cmake
[3.109s] -- Up-to-date: /home/dron/Praca-magisterska/ros2_ws/install/custom_msgs/share/custom_msgs/cmake/export_custom_msgs__rosidl_typesupport_fastrtps_cExport.cmake
[3.110s] -- Up-to-date: /home/dron/Praca-magisterska/ros2_ws/install/custom_msgs/share/custom_msgs/cmake/export_custom_msgs__rosidl_typesupport_fastrtps_cExport-noconfig.cmake
[3.110s] -- Up-to-date: /home/dron/Praca-magisterska/ros2_ws/install/custom_msgs/share/custom_msgs/cmake/custom_msgs__rosidl_typesupport_introspection_cExport.cmake
[3.111s] -- Up-to-date: /home/dron/Praca-magisterska/ros2_ws/install/custom_msgs/share/custom_msgs/cmake/custom_msgs__rosidl_typesupport_introspection_cExport-noconfig.cmake
[3.112s] -- Up-to-date: /home/dron/Praca-magisterska/ros2_ws/install/custom_msgs/share/custom_msgs/cmake/custom_msgs__rosidl_typesupport_cExport.cmake
[3.112s] -- Up-to-date: /home/dron/Praca-magisterska/ros2_ws/install/custom_msgs/share/custom_msgs/cmake/custom_msgs__rosidl_typesupport_cExport-noconfig.cmake
[3.113s] -- Up-to-date: /home/dron/Praca-magisterska/ros2_ws/install/custom_msgs/share/custom_msgs/cmake/export_custom_msgs__rosidl_generator_cppExport.cmake
[3.113s] -- Up-to-date: /home/dron/Praca-magisterska/ros2_ws/install/custom_msgs/share/custom_msgs/cmake/export_custom_msgs__rosidl_typesupport_fastrtps_cppExport.cmake
[3.114s] -- Up-to-date: /home/dron/Praca-magisterska/ros2_ws/install/custom_msgs/share/custom_msgs/cmake/export_custom_msgs__rosidl_typesupport_fastrtps_cppExport-noconfig.cmake
[3.115s] -- Up-to-date: /home/dron/Praca-magisterska/ros2_ws/install/custom_msgs/share/custom_msgs/cmake/custom_msgs__rosidl_typesupport_introspection_cppExport.cmake
[3.116s] -- Up-to-date: /home/dron/Praca-magisterska/ros2_ws/install/custom_msgs/share/custom_msgs/cmake/custom_msgs__rosidl_typesupport_introspection_cppExport-noconfig.cmake
[3.117s] -- Up-to-date: /home/dron/Praca-magisterska/ros2_ws/install/custom_msgs/share/custom_msgs/cmake/custom_msgs__rosidl_typesupport_cppExport.cmake
[3.117s] -- Up-to-date: /home/dron/Praca-magisterska/ros2_ws/install/custom_msgs/share/custom_msgs/cmake/custom_msgs__rosidl_typesupport_cppExport-noconfig.cmake
[3.118s] -- Up-to-date: /home/dron/Praca-magisterska/ros2_ws/install/custom_msgs/share/custom_msgs/cmake/export_custom_msgs__rosidl_generator_pyExport.cmake
[3.124s] -- Up-to-date: /home/dron/Praca-magisterska/ros2_ws/install/custom_msgs/share/custom_msgs/cmake/export_custom_msgs__rosidl_generator_pyExport-noconfig.cmake
[3.125s] -- Up-to-date: /home/dron/Praca-magisterska/ros2_ws/install/custom_msgs/share/custom_msgs/cmake/rosidl_cmake-extras.cmake
[3.126s] -- Up-to-date: /home/dron/Praca-magisterska/ros2_ws/install/custom_msgs/share/custom_msgs/cmake/ament_cmake_export_include_directories-extras.cmake
[3.126s] -- Up-to-date: /home/dron/Praca-magisterska/ros2_ws/install/custom_msgs/share/custom_msgs/cmake/ament_cmake_export_libraries-extras.cmake
[3.128s] -- Up-to-date: /home/dron/Praca-magisterska/ros2_ws/install/custom_msgs/share/custom_msgs/cmake/ament_cmake_export_targets-extras.cmake
[3.128s] -- Up-to-date: /home/dron/Praca-magisterska/ros2_ws/install/custom_msgs/share/custom_msgs/cmake/rosidl_cmake_export_typesupport_targets-extras.cmake
[3.129s] -- Up-to-date: /home/dron/Praca-magisterska/ros2_ws/install/custom_msgs/share/custom_msgs/cmake/ament_cmake_export_dependencies-extras.cmake
[3.129s] -- Up-to-date: /home/dron/Praca-magisterska/ros2_ws/install/custom_msgs/share/custom_msgs/cmake/rosidl_cmake_export_typesupport_libraries-extras.cmake
[3.130s] -- Up-to-date: /home/dron/Praca-magisterska/ros2_ws/install/custom_msgs/share/custom_msgs/cmake/custom_msgsConfig.cmake
[3.130s] -- Up-to-date: /home/dron/Praca-magisterska/ros2_ws/install/custom_msgs/share/custom_msgs/cmake/custom_msgsConfig-version.cmake
[3.131s] -- Up-to-date: /home/dron/Praca-magisterska/ros2_ws/install/custom_msgs/share/custom_msgs/package.xml
[3.142s] Invoked command in '/home/dron/Praca-magisterska/ros2_ws/build/custom_msgs' returned '0': CMAKE_PREFIX_PATH=${CMAKE_PREFIX_PATH}:/home/dron/Praca-magisterska/ros2_ws/install/um7_pkg:/home/dron/Praca-magisterska/ros2_ws/install/my_py_pkg:/home/dron/Praca-magisterska/ros2_ws/install/log_data_pkg:/home/dron/Praca-magisterska/ros2_ws/install/flight_controller_pkg:/home/dron/Praca-magisterska/ros2_ws/install/flask_pkg:/home/dron/Praca-magisterska/ros2_ws/install/estimator_pkg:/opt/ros/humble PS1=(venv) \[\e]0;\u@\h: \w\a\]${debian_chroot:+($debian_chroot)}\u@\h:\w\$ VIRTUAL_ENV_PROMPT=(venv) /usr/bin/cmake --install /home/dron/Praca-magisterska/ros2_ws/build/custom_msgs
