running egg_info
creating ../../build/log_data_pkg/log_data_pkg.egg-info
writing ../../build/log_data_pkg/log_data_pkg.egg-info/PKG-INFO
writing dependency_links to ../../build/log_data_pkg/log_data_pkg.egg-info/dependency_links.txt
writing entry points to ../../build/log_data_pkg/log_data_pkg.egg-info/entry_points.txt
writing requirements to ../../build/log_data_pkg/log_data_pkg.egg-info/requires.txt
writing top-level names to ../../build/log_data_pkg/log_data_pkg.egg-info/top_level.txt
writing manifest file '../../build/log_data_pkg/log_data_pkg.egg-info/SOURCES.txt'
reading manifest file '../../build/log_data_pkg/log_data_pkg.egg-info/SOURCES.txt'
writing manifest file '../../build/log_data_pkg/log_data_pkg.egg-info/SOURCES.txt'
running build
running build_py
creating /home/dron/Praca-magisterska/ros2_ws/build/log_data_pkg/build
creating /home/dron/Praca-magisterska/ros2_ws/build/log_data_pkg/build/lib
creating /home/dron/Praca-magisterska/ros2_ws/build/log_data_pkg/build/lib/log_data_pkg
copying log_data_pkg/__init__.py -> /home/dron/Praca-magisterska/ros2_ws/build/log_data_pkg/build/lib/log_data_pkg
copying log_data_pkg/save_to_csv.py -> /home/dron/Praca-magisterska/ros2_ws/build/log_data_pkg/build/lib/log_data_pkg
running install
running install_lib
creating /home/dron/Praca-magisterska/ros2_ws/install/log_data_pkg/lib/python3.10/site-packages/log_data_pkg
copying /home/dron/Praca-magisterska/ros2_ws/build/log_data_pkg/build/lib/log_data_pkg/__init__.py -> /home/dron/Praca-magisterska/ros2_ws/install/log_data_pkg/lib/python3.10/site-packages/log_data_pkg
copying /home/dron/Praca-magisterska/ros2_ws/build/log_data_pkg/build/lib/log_data_pkg/save_to_csv.py -> /home/dron/Praca-magisterska/ros2_ws/install/log_data_pkg/lib/python3.10/site-packages/log_data_pkg
byte-compiling /home/dron/Praca-magisterska/ros2_ws/install/log_data_pkg/lib/python3.10/site-packages/log_data_pkg/__init__.py to __init__.cpython-310.pyc
byte-compiling /home/dron/Praca-magisterska/ros2_ws/install/log_data_pkg/lib/python3.10/site-packages/log_data_pkg/save_to_csv.py to save_to_csv.cpython-310.pyc
running install_data
copying resource/log_data_pkg -> /home/dron/Praca-magisterska/ros2_ws/install/log_data_pkg/share/ament_index/resource_index/packages
copying package.xml -> /home/dron/Praca-magisterska/ros2_ws/install/log_data_pkg/share/log_data_pkg
running install_egg_info
Copying ../../build/log_data_pkg/log_data_pkg.egg-info to /home/dron/Praca-magisterska/ros2_ws/install/log_data_pkg/lib/python3.10/site-packages/log_data_pkg-0.0.0-py3.10.egg-info
running install_scripts
Installing data_collector script to /home/dron/Praca-magisterska/ros2_ws/install/log_data_pkg/lib/log_data_pkg
writing list of installed files to '/home/dron/Praca-magisterska/ros2_ws/build/log_data_pkg/install.log'
