[6.829s] Invoking command in '/home/dron/Praca-magisterska/ros2_ws/src/log_data_pkg': CMAKE_PREFIX_PATH=/home/dron/Praca-magisterska/ros2_ws/install/custom_msgs:/home/dron/Praca-magisterska/ros2_ws/install/my_cpp_pkg LD_LIBRARY_PATH=/home/dron/Praca-magisterska/ros2_ws/install/custom_msgs/lib:/opt/ros/humble/lib/aarch64-linux-gnu:/opt/ros/humble/lib PS1=(venv) \[\e]0;\u@\h: \w\a\]${debian_chroot:+($debian_chroot)}\u@\h:\w\$ PYTHONPATH=/home/dron/Praca-magisterska/ros2_ws/build/log_data_pkg/prefix_override:/usr/lib/python3/dist-packages/colcon_core/task/python/colcon_distutils_commands:/home/dron/Praca-magisterska/ros2_ws/install/log_data_pkg/lib/python3.10/site-packages:/home/dron/Praca-magisterska/ros2_ws/install/custom_msgs/local/lib/python3.10/dist-packages:${PYTHONPATH} VIRTUAL_ENV_PROMPT=(venv) /usr/bin/python3 -W ignore:setup.py install is deprecated -W ignore:easy_install command is deprecated setup.py egg_info --egg-base ../../build/log_data_pkg build --build-base /home/dron/Praca-magisterska/ros2_ws/build/log_data_pkg/build install --record /home/dron/Praca-magisterska/ros2_ws/build/log_data_pkg/install.log --single-version-externally-managed install_data
[8.401s] running egg_info
[8.407s] creating ../../build/log_data_pkg/log_data_pkg.egg-info
[8.408s] writing ../../build/log_data_pkg/log_data_pkg.egg-info/PKG-INFO
[8.410s] writing dependency_links to ../../build/log_data_pkg/log_data_pkg.egg-info/dependency_links.txt
[8.411s] writing entry points to ../../build/log_data_pkg/log_data_pkg.egg-info/entry_points.txt
[8.412s] writing requirements to ../../build/log_data_pkg/log_data_pkg.egg-info/requires.txt
[8.412s] writing top-level names to ../../build/log_data_pkg/log_data_pkg.egg-info/top_level.txt
[8.414s] writing manifest file '../../build/log_data_pkg/log_data_pkg.egg-info/SOURCES.txt'
[8.424s] reading manifest file '../../build/log_data_pkg/log_data_pkg.egg-info/SOURCES.txt'
[8.429s] writing manifest file '../../build/log_data_pkg/log_data_pkg.egg-info/SOURCES.txt'
[8.430s] running build
[8.430s] running build_py
[8.431s] creating /home/dron/Praca-magisterska/ros2_ws/build/log_data_pkg/build
[8.432s] creating /home/dron/Praca-magisterska/ros2_ws/build/log_data_pkg/build/lib
[8.433s] creating /home/dron/Praca-magisterska/ros2_ws/build/log_data_pkg/build/lib/log_data_pkg
[8.434s] copying log_data_pkg/__init__.py -> /home/dron/Praca-magisterska/ros2_ws/build/log_data_pkg/build/lib/log_data_pkg
[8.435s] copying log_data_pkg/save_to_csv.py -> /home/dron/Praca-magisterska/ros2_ws/build/log_data_pkg/build/lib/log_data_pkg
[8.437s] running install
[8.439s] running install_lib
[8.443s] creating /home/dron/Praca-magisterska/ros2_ws/install/log_data_pkg/lib/python3.10/site-packages/log_data_pkg
[8.444s] copying /home/dron/Praca-magisterska/ros2_ws/build/log_data_pkg/build/lib/log_data_pkg/__init__.py -> /home/dron/Praca-magisterska/ros2_ws/install/log_data_pkg/lib/python3.10/site-packages/log_data_pkg
[8.446s] copying /home/dron/Praca-magisterska/ros2_ws/build/log_data_pkg/build/lib/log_data_pkg/save_to_csv.py -> /home/dron/Praca-magisterska/ros2_ws/install/log_data_pkg/lib/python3.10/site-packages/log_data_pkg
[8.452s] byte-compiling /home/dron/Praca-magisterska/ros2_ws/install/log_data_pkg/lib/python3.10/site-packages/log_data_pkg/__init__.py to __init__.cpython-310.pyc
[8.456s] byte-compiling /home/dron/Praca-magisterska/ros2_ws/install/log_data_pkg/lib/python3.10/site-packages/log_data_pkg/save_to_csv.py to save_to_csv.cpython-310.pyc
[8.464s] running install_data
[8.466s] copying resource/log_data_pkg -> /home/dron/Praca-magisterska/ros2_ws/install/log_data_pkg/share/ament_index/resource_index/packages
[8.468s] copying package.xml -> /home/dron/Praca-magisterska/ros2_ws/install/log_data_pkg/share/log_data_pkg
[8.469s] running install_egg_info
[8.486s] Copying ../../build/log_data_pkg/log_data_pkg.egg-info to /home/dron/Praca-magisterska/ros2_ws/install/log_data_pkg/lib/python3.10/site-packages/log_data_pkg-0.0.0-py3.10.egg-info
[8.502s] running install_scripts
[8.648s] Installing data_collector script to /home/dron/Praca-magisterska/ros2_ws/install/log_data_pkg/lib/log_data_pkg
[8.649s] writing list of installed files to '/home/dron/Praca-magisterska/ros2_ws/build/log_data_pkg/install.log'
[10.072s] Invoked command in '/home/dron/Praca-magisterska/ros2_ws/src/log_data_pkg' returned '0': CMAKE_PREFIX_PATH=/home/dron/Praca-magisterska/ros2_ws/install/custom_msgs:/home/dron/Praca-magisterska/ros2_ws/install/my_cpp_pkg LD_LIBRARY_PATH=/home/dron/Praca-magisterska/ros2_ws/install/custom_msgs/lib:/opt/ros/humble/lib/aarch64-linux-gnu:/opt/ros/humble/lib PS1=(venv) \[\e]0;\u@\h: \w\a\]${debian_chroot:+($debian_chroot)}\u@\h:\w\$ PYTHONPATH=/home/dron/Praca-magisterska/ros2_ws/build/log_data_pkg/prefix_override:/usr/lib/python3/dist-packages/colcon_core/task/python/colcon_distutils_commands:/home/dron/Praca-magisterska/ros2_ws/install/log_data_pkg/lib/python3.10/site-packages:/home/dron/Praca-magisterska/ros2_ws/install/custom_msgs/local/lib/python3.10/dist-packages:${PYTHONPATH} VIRTUAL_ENV_PROMPT=(venv) /usr/bin/python3 -W ignore:setup.py install is deprecated -W ignore:easy_install command is deprecated setup.py egg_info --egg-base ../../build/log_data_pkg build --build-base /home/dron/Praca-magisterska/ros2_ws/build/log_data_pkg/build install --record /home/dron/Praca-magisterska/ros2_ws/build/log_data_pkg/install.log --single-version-externally-managed install_data
