[0.459s] DEBUG:colcon:Command line arguments: ['/usr/bin/colcon', 'build']
[0.459s] DEBUG:colcon:Parsed command line arguments: Namespace(log_base=None, log_level=None, verb_name='build', build_base='build', install_base='install', merge_install=False, symlink_install=False, test_result_base=None, continue_on_error=False, executor='parallel', parallel_workers=4, event_handlers=None, ignore_user_meta=False, metas=['./colcon.meta'], base_paths=['.'], packages_ignore=None, packages_ignore_regex=None, paths=None, packages_up_to=None, packages_up_to_regex=None, packages_above=None, packages_above_and_dependencies=None, packages_above_depth=None, packages_select_by_dep=None, packages_skip_by_dep=None, packages_skip_up_to=None, packages_select_build_failed=False, packages_skip_build_finished=False, packages_select_test_failures=False, packages_skip_test_passed=False, packages_select=None, packages_skip=None, packages_select_regex=None, packages_skip_regex=None, packages_start=None, packages_end=None, allow_overriding=[], cmake_args=None, cmake_target=None, cmake_target_skip_unavailable=False, cmake_clean_cache=False, cmake_clean_first=False, cmake_force_configure=False, ament_cmake_args=None, catkin_cmake_args=None, catkin_skip_building_tests=False, mixin_files=None, mixin=None, verb_parser=<colcon_mixin.mixin.mixin_argument.MixinArgumentDecorator object at 0xffff8c999c90>, verb_extension=<colcon_core.verb.build.BuildVerb object at 0xffff8ca8ab90>, main=<bound method BuildVerb.main of <colcon_core.verb.build.BuildVerb object at 0xffff8ca8ab90>>, mixin_verb=('build',))
[1.149s] Level 1:colcon.colcon_core.package_discovery:discover_packages(colcon_meta) check parameters
[1.150s] Level 1:colcon.colcon_core.package_discovery:discover_packages(recursive) check parameters
[1.150s] Level 1:colcon.colcon_core.package_discovery:discover_packages(ignore) check parameters
[1.150s] Level 1:colcon.colcon_core.package_discovery:discover_packages(path) check parameters
[1.150s] Level 1:colcon.colcon_core.package_discovery:discover_packages(colcon_meta) discover
[1.150s] Level 1:colcon.colcon_core.package_discovery:discover_packages(recursive) discover
[1.151s] INFO:colcon.colcon_core.package_discovery:Crawling recursively for packages in '/home/dron/Praca-magisterska/ros2_ws'
[1.151s] Level 1:colcon.colcon_core.package_identification:_identify(.) by extensions ['ignore', 'ignore_ament_install']
[1.152s] Level 1:colcon.colcon_core.package_identification:_identify(.) by extension 'ignore'
[1.152s] Level 1:colcon.colcon_core.package_identification:_identify(.) by extension 'ignore_ament_install'
[1.152s] Level 1:colcon.colcon_core.package_identification:_identify(.) by extensions ['colcon_pkg']
[1.152s] Level 1:colcon.colcon_core.package_identification:_identify(.) by extension 'colcon_pkg'
[1.152s] Level 1:colcon.colcon_core.package_identification:_identify(.) by extensions ['colcon_meta']
[1.153s] Level 1:colcon.colcon_core.package_identification:_identify(.) by extension 'colcon_meta'
[1.153s] Level 1:colcon.colcon_core.package_identification:_identify(.) by extensions ['ros']
[1.153s] Level 1:colcon.colcon_core.package_identification:_identify(.) by extension 'ros'
[1.200s] Level 1:colcon.colcon_core.package_identification:_identify(.) by extensions ['cmake', 'python']
[1.201s] Level 1:colcon.colcon_core.package_identification:_identify(.) by extension 'cmake'
[1.201s] Level 1:colcon.colcon_core.package_identification:_identify(.) by extension 'python'
[1.201s] Level 1:colcon.colcon_core.package_identification:_identify(.) by extensions ['python_setup_py']
[1.201s] Level 1:colcon.colcon_core.package_identification:_identify(.) by extension 'python_setup_py'
[1.202s] Level 1:colcon.colcon_core.package_identification:_identify(build) by extensions ['ignore', 'ignore_ament_install']
[1.202s] Level 1:colcon.colcon_core.package_identification:_identify(build) by extension 'ignore'
[1.202s] Level 1:colcon.colcon_core.package_identification:_identify(build) ignored
[1.203s] Level 1:colcon.colcon_core.package_identification:_identify(install) by extensions ['ignore', 'ignore_ament_install']
[1.204s] Level 1:colcon.colcon_core.package_identification:_identify(install) by extension 'ignore'
[1.204s] Level 1:colcon.colcon_core.package_identification:_identify(install) ignored
[1.209s] Level 1:colcon.colcon_core.package_identification:_identify(log) by extensions ['ignore', 'ignore_ament_install']
[1.209s] Level 1:colcon.colcon_core.package_identification:_identify(log) by extension 'ignore'
[1.209s] Level 1:colcon.colcon_core.package_identification:_identify(log) ignored
[1.210s] Level 1:colcon.colcon_core.package_identification:_identify(src) by extensions ['ignore', 'ignore_ament_install']
[1.210s] Level 1:colcon.colcon_core.package_identification:_identify(src) by extension 'ignore'
[1.210s] Level 1:colcon.colcon_core.package_identification:_identify(src) by extension 'ignore_ament_install'
[1.211s] Level 1:colcon.colcon_core.package_identification:_identify(src) by extensions ['colcon_pkg']
[1.211s] Level 1:colcon.colcon_core.package_identification:_identify(src) by extension 'colcon_pkg'
[1.211s] Level 1:colcon.colcon_core.package_identification:_identify(src) by extensions ['colcon_meta']
[1.211s] Level 1:colcon.colcon_core.package_identification:_identify(src) by extension 'colcon_meta'
[1.211s] Level 1:colcon.colcon_core.package_identification:_identify(src) by extensions ['ros']
[1.211s] Level 1:colcon.colcon_core.package_identification:_identify(src) by extension 'ros'
[1.212s] Level 1:colcon.colcon_core.package_identification:_identify(src) by extensions ['cmake', 'python']
[1.212s] Level 1:colcon.colcon_core.package_identification:_identify(src) by extension 'cmake'
[1.212s] Level 1:colcon.colcon_core.package_identification:_identify(src) by extension 'python'
[1.212s] Level 1:colcon.colcon_core.package_identification:_identify(src) by extensions ['python_setup_py']
[1.212s] Level 1:colcon.colcon_core.package_identification:_identify(src) by extension 'python_setup_py'
[1.213s] Level 1:colcon.colcon_core.package_identification:_identify(src/custom_msgs) by extensions ['ignore', 'ignore_ament_install']
[1.213s] Level 1:colcon.colcon_core.package_identification:_identify(src/custom_msgs) by extension 'ignore'
[1.213s] Level 1:colcon.colcon_core.package_identification:_identify(src/custom_msgs) by extension 'ignore_ament_install'
[1.214s] Level 1:colcon.colcon_core.package_identification:_identify(src/custom_msgs) by extensions ['colcon_pkg']
[1.214s] Level 1:colcon.colcon_core.package_identification:_identify(src/custom_msgs) by extension 'colcon_pkg'
[1.214s] Level 1:colcon.colcon_core.package_identification:_identify(src/custom_msgs) by extensions ['colcon_meta']
[1.214s] Level 1:colcon.colcon_core.package_identification:_identify(src/custom_msgs) by extension 'colcon_meta'
[1.214s] Level 1:colcon.colcon_core.package_identification:_identify(src/custom_msgs) by extensions ['ros']
[1.215s] Level 1:colcon.colcon_core.package_identification:_identify(src/custom_msgs) by extension 'ros'
[1.223s] DEBUG:colcon.colcon_core.package_identification:Package 'src/custom_msgs' with type 'ros.ament_cmake' and name 'custom_msgs'
[1.224s] Level 1:colcon.colcon_core.package_identification:_identify(src/estimator_pkg) by extensions ['ignore', 'ignore_ament_install']
[1.224s] Level 1:colcon.colcon_core.package_identification:_identify(src/estimator_pkg) by extension 'ignore'
[1.224s] Level 1:colcon.colcon_core.package_identification:_identify(src/estimator_pkg) by extension 'ignore_ament_install'
[1.225s] Level 1:colcon.colcon_core.package_identification:_identify(src/estimator_pkg) by extensions ['colcon_pkg']
[1.225s] Level 1:colcon.colcon_core.package_identification:_identify(src/estimator_pkg) by extension 'colcon_pkg'
[1.225s] Level 1:colcon.colcon_core.package_identification:_identify(src/estimator_pkg) by extensions ['colcon_meta']
[1.225s] Level 1:colcon.colcon_core.package_identification:_identify(src/estimator_pkg) by extension 'colcon_meta'
[1.225s] Level 1:colcon.colcon_core.package_identification:_identify(src/estimator_pkg) by extensions ['ros']
[1.225s] Level 1:colcon.colcon_core.package_identification:_identify(src/estimator_pkg) by extension 'ros'
[1.229s] DEBUG:colcon.colcon_core.package_identification:Package 'src/estimator_pkg' with type 'ros.ament_python' and name 'estimator_pkg'
[1.230s] Level 1:colcon.colcon_core.package_identification:_identify(src/flask_pkg) by extensions ['ignore', 'ignore_ament_install']
[1.230s] Level 1:colcon.colcon_core.package_identification:_identify(src/flask_pkg) by extension 'ignore'
[1.231s] Level 1:colcon.colcon_core.package_identification:_identify(src/flask_pkg) by extension 'ignore_ament_install'
[1.231s] Level 1:colcon.colcon_core.package_identification:_identify(src/flask_pkg) by extensions ['colcon_pkg']
[1.231s] Level 1:colcon.colcon_core.package_identification:_identify(src/flask_pkg) by extension 'colcon_pkg'
[1.231s] Level 1:colcon.colcon_core.package_identification:_identify(src/flask_pkg) by extensions ['colcon_meta']
[1.231s] Level 1:colcon.colcon_core.package_identification:_identify(src/flask_pkg) by extension 'colcon_meta'
[1.232s] Level 1:colcon.colcon_core.package_identification:_identify(src/flask_pkg) by extensions ['ros']
[1.232s] Level 1:colcon.colcon_core.package_identification:_identify(src/flask_pkg) by extension 'ros'
[1.236s] DEBUG:colcon.colcon_core.package_identification:Package 'src/flask_pkg' with type 'ros.ament_python' and name 'flask_pkg'
[1.237s] Level 1:colcon.colcon_core.package_identification:_identify(src/flight_controller_pkg) by extensions ['ignore', 'ignore_ament_install']
[1.237s] Level 1:colcon.colcon_core.package_identification:_identify(src/flight_controller_pkg) by extension 'ignore'
[1.237s] Level 1:colcon.colcon_core.package_identification:_identify(src/flight_controller_pkg) by extension 'ignore_ament_install'
[1.238s] Level 1:colcon.colcon_core.package_identification:_identify(src/flight_controller_pkg) by extensions ['colcon_pkg']
[1.238s] Level 1:colcon.colcon_core.package_identification:_identify(src/flight_controller_pkg) by extension 'colcon_pkg'
[1.238s] Level 1:colcon.colcon_core.package_identification:_identify(src/flight_controller_pkg) by extensions ['colcon_meta']
[1.238s] Level 1:colcon.colcon_core.package_identification:_identify(src/flight_controller_pkg) by extension 'colcon_meta'
[1.238s] Level 1:colcon.colcon_core.package_identification:_identify(src/flight_controller_pkg) by extensions ['ros']
[1.238s] Level 1:colcon.colcon_core.package_identification:_identify(src/flight_controller_pkg) by extension 'ros'
[1.241s] DEBUG:colcon.colcon_core.package_identification:Package 'src/flight_controller_pkg' with type 'ros.ament_python' and name 'flight_controller_pkg'
[1.242s] Level 1:colcon.colcon_core.package_identification:_identify(src/gs_pkg) by extensions ['ignore', 'ignore_ament_install']
[1.242s] Level 1:colcon.colcon_core.package_identification:_identify(src/gs_pkg) by extension 'ignore'
[1.243s] Level 1:colcon.colcon_core.package_identification:_identify(src/gs_pkg) by extension 'ignore_ament_install'
[1.243s] Level 1:colcon.colcon_core.package_identification:_identify(src/gs_pkg) by extensions ['colcon_pkg']
[1.243s] Level 1:colcon.colcon_core.package_identification:_identify(src/gs_pkg) by extension 'colcon_pkg'
[1.243s] Level 1:colcon.colcon_core.package_identification:_identify(src/gs_pkg) by extensions ['colcon_meta']
[1.243s] Level 1:colcon.colcon_core.package_identification:_identify(src/gs_pkg) by extension 'colcon_meta'
[1.243s] Level 1:colcon.colcon_core.package_identification:_identify(src/gs_pkg) by extensions ['ros']
[1.244s] Level 1:colcon.colcon_core.package_identification:_identify(src/gs_pkg) by extension 'ros'
[1.247s] DEBUG:colcon.colcon_core.package_identification:Package 'src/gs_pkg' with type 'ros.ament_python' and name 'gs_pkg'
[1.248s] Level 1:colcon.colcon_core.package_identification:_identify(src/log_data_pkg) by extensions ['ignore', 'ignore_ament_install']
[1.248s] Level 1:colcon.colcon_core.package_identification:_identify(src/log_data_pkg) by extension 'ignore'
[1.249s] Level 1:colcon.colcon_core.package_identification:_identify(src/log_data_pkg) by extension 'ignore_ament_install'
[1.249s] Level 1:colcon.colcon_core.package_identification:_identify(src/log_data_pkg) by extensions ['colcon_pkg']
[1.249s] Level 1:colcon.colcon_core.package_identification:_identify(src/log_data_pkg) by extension 'colcon_pkg'
[1.249s] Level 1:colcon.colcon_core.package_identification:_identify(src/log_data_pkg) by extensions ['colcon_meta']
[1.249s] Level 1:colcon.colcon_core.package_identification:_identify(src/log_data_pkg) by extension 'colcon_meta'
[1.250s] Level 1:colcon.colcon_core.package_identification:_identify(src/log_data_pkg) by extensions ['ros']
[1.250s] Level 1:colcon.colcon_core.package_identification:_identify(src/log_data_pkg) by extension 'ros'
[1.253s] DEBUG:colcon.colcon_core.package_identification:Package 'src/log_data_pkg' with type 'ros.ament_python' and name 'log_data_pkg'
[1.254s] Level 1:colcon.colcon_core.package_identification:_identify(src/my_cpp_pkg) by extensions ['ignore', 'ignore_ament_install']
[1.254s] Level 1:colcon.colcon_core.package_identification:_identify(src/my_cpp_pkg) by extension 'ignore'
[1.254s] Level 1:colcon.colcon_core.package_identification:_identify(src/my_cpp_pkg) by extension 'ignore_ament_install'
[1.255s] Level 1:colcon.colcon_core.package_identification:_identify(src/my_cpp_pkg) by extensions ['colcon_pkg']
[1.255s] Level 1:colcon.colcon_core.package_identification:_identify(src/my_cpp_pkg) by extension 'colcon_pkg'
[1.255s] Level 1:colcon.colcon_core.package_identification:_identify(src/my_cpp_pkg) by extensions ['colcon_meta']
[1.255s] Level 1:colcon.colcon_core.package_identification:_identify(src/my_cpp_pkg) by extension 'colcon_meta'
[1.255s] Level 1:colcon.colcon_core.package_identification:_identify(src/my_cpp_pkg) by extensions ['ros']
[1.256s] Level 1:colcon.colcon_core.package_identification:_identify(src/my_cpp_pkg) by extension 'ros'
[1.258s] DEBUG:colcon.colcon_core.package_identification:Package 'src/my_cpp_pkg' with type 'ros.ament_cmake' and name 'my_cpp_pkg'
[1.258s] Level 1:colcon.colcon_core.package_identification:_identify(src/my_py_pkg) by extensions ['ignore', 'ignore_ament_install']
[1.259s] Level 1:colcon.colcon_core.package_identification:_identify(src/my_py_pkg) by extension 'ignore'
[1.259s] Level 1:colcon.colcon_core.package_identification:_identify(src/my_py_pkg) by extension 'ignore_ament_install'
[1.259s] Level 1:colcon.colcon_core.package_identification:_identify(src/my_py_pkg) by extensions ['colcon_pkg']
[1.259s] Level 1:colcon.colcon_core.package_identification:_identify(src/my_py_pkg) by extension 'colcon_pkg'
[1.260s] Level 1:colcon.colcon_core.package_identification:_identify(src/my_py_pkg) by extensions ['colcon_meta']
[1.260s] Level 1:colcon.colcon_core.package_identification:_identify(src/my_py_pkg) by extension 'colcon_meta'
[1.260s] Level 1:colcon.colcon_core.package_identification:_identify(src/my_py_pkg) by extensions ['ros']
[1.260s] Level 1:colcon.colcon_core.package_identification:_identify(src/my_py_pkg) by extension 'ros'
[1.262s] DEBUG:colcon.colcon_core.package_identification:Package 'src/my_py_pkg' with type 'ros.ament_python' and name 'my_py_pkg'
[1.263s] Level 1:colcon.colcon_core.package_identification:_identify(src/um7_pkg) by extensions ['ignore', 'ignore_ament_install']
[1.264s] Level 1:colcon.colcon_core.package_identification:_identify(src/um7_pkg) by extension 'ignore'
[1.264s] Level 1:colcon.colcon_core.package_identification:_identify(src/um7_pkg) by extension 'ignore_ament_install'
[1.264s] Level 1:colcon.colcon_core.package_identification:_identify(src/um7_pkg) by extensions ['colcon_pkg']
[1.264s] Level 1:colcon.colcon_core.package_identification:_identify(src/um7_pkg) by extension 'colcon_pkg'
[1.264s] Level 1:colcon.colcon_core.package_identification:_identify(src/um7_pkg) by extensions ['colcon_meta']
[1.264s] Level 1:colcon.colcon_core.package_identification:_identify(src/um7_pkg) by extension 'colcon_meta'
[1.265s] Level 1:colcon.colcon_core.package_identification:_identify(src/um7_pkg) by extensions ['ros']
[1.265s] Level 1:colcon.colcon_core.package_identification:_identify(src/um7_pkg) by extension 'ros'
[1.268s] DEBUG:colcon.colcon_core.package_identification:Package 'src/um7_pkg' with type 'ros.ament_python' and name 'um7_pkg'
[1.269s] Level 1:colcon.colcon_core.package_identification:_identify(venv) by extensions ['ignore', 'ignore_ament_install']
[1.269s] Level 1:colcon.colcon_core.package_identification:_identify(venv) by extension 'ignore'
[1.269s] Level 1:colcon.colcon_core.package_identification:_identify(venv) ignored
[1.270s] Level 1:colcon.colcon_core.package_discovery:discover_packages(recursive) using defaults
[1.270s] Level 1:colcon.colcon_core.package_discovery:discover_packages(ignore) discover
[1.270s] Level 1:colcon.colcon_core.package_discovery:discover_packages(ignore) using defaults
[1.270s] Level 1:colcon.colcon_core.package_discovery:discover_packages(path) discover
[1.270s] Level 1:colcon.colcon_core.package_discovery:discover_packages(path) using defaults
[1.356s] Level 1:colcon.colcon_core.package_discovery:discover_packages(prefix_path) check parameters
[1.356s] Level 1:colcon.colcon_core.package_discovery:discover_packages(prefix_path) discover
[1.367s] DEBUG:colcon.colcon_installed_package_information.package_discovery:Found 8 installed packages in /home/dron/Praca-magisterska/ros2_ws/install
[1.373s] DEBUG:colcon.colcon_installed_package_information.package_discovery:Found 183 installed packages in /opt/ros/humble
[1.381s] Level 1:colcon.colcon_core.package_discovery:discover_packages(prefix_path) using defaults
[1.527s] Level 5:colcon.colcon_core.verb:set package 'custom_msgs' build argument 'cmake_args' from command line to 'None'
[1.528s] Level 5:colcon.colcon_core.verb:set package 'custom_msgs' build argument 'cmake_target' from command line to 'None'
[1.528s] Level 5:colcon.colcon_core.verb:set package 'custom_msgs' build argument 'cmake_target_skip_unavailable' from command line to 'False'
[1.528s] Level 5:colcon.colcon_core.verb:set package 'custom_msgs' build argument 'cmake_clean_cache' from command line to 'False'
[1.528s] Level 5:colcon.colcon_core.verb:set package 'custom_msgs' build argument 'cmake_clean_first' from command line to 'False'
[1.528s] Level 5:colcon.colcon_core.verb:set package 'custom_msgs' build argument 'cmake_force_configure' from command line to 'False'
[1.528s] Level 5:colcon.colcon_core.verb:set package 'custom_msgs' build argument 'ament_cmake_args' from command line to 'None'
[1.528s] Level 5:colcon.colcon_core.verb:set package 'custom_msgs' build argument 'catkin_cmake_args' from command line to 'None'
[1.528s] Level 5:colcon.colcon_core.verb:set package 'custom_msgs' build argument 'catkin_skip_building_tests' from command line to 'False'
[1.529s] DEBUG:colcon.colcon_core.verb:Building package 'custom_msgs' with the following arguments: {'ament_cmake_args': None, 'build_base': '/home/dron/Praca-magisterska/ros2_ws/build/custom_msgs', 'catkin_cmake_args': None, 'catkin_skip_building_tests': False, 'cmake_args': None, 'cmake_clean_cache': False, 'cmake_clean_first': False, 'cmake_force_configure': False, 'cmake_target': None, 'cmake_target_skip_unavailable': False, 'install_base': '/home/dron/Praca-magisterska/ros2_ws/install/custom_msgs', 'merge_install': False, 'path': '/home/dron/Praca-magisterska/ros2_ws/src/custom_msgs', 'symlink_install': False, 'test_result_base': None}
[1.530s] Level 5:colcon.colcon_core.verb:set package 'my_cpp_pkg' build argument 'cmake_args' from command line to 'None'
[1.530s] Level 5:colcon.colcon_core.verb:set package 'my_cpp_pkg' build argument 'cmake_target' from command line to 'None'
[1.530s] Level 5:colcon.colcon_core.verb:set package 'my_cpp_pkg' build argument 'cmake_target_skip_unavailable' from command line to 'False'
[1.531s] Level 5:colcon.colcon_core.verb:set package 'my_cpp_pkg' build argument 'cmake_clean_cache' from command line to 'False'
[1.531s] Level 5:colcon.colcon_core.verb:set package 'my_cpp_pkg' build argument 'cmake_clean_first' from command line to 'False'
[1.531s] Level 5:colcon.colcon_core.verb:set package 'my_cpp_pkg' build argument 'cmake_force_configure' from command line to 'False'
[1.531s] Level 5:colcon.colcon_core.verb:set package 'my_cpp_pkg' build argument 'ament_cmake_args' from command line to 'None'
[1.531s] Level 5:colcon.colcon_core.verb:set package 'my_cpp_pkg' build argument 'catkin_cmake_args' from command line to 'None'
[1.531s] Level 5:colcon.colcon_core.verb:set package 'my_cpp_pkg' build argument 'catkin_skip_building_tests' from command line to 'False'
[1.531s] DEBUG:colcon.colcon_core.verb:Building package 'my_cpp_pkg' with the following arguments: {'ament_cmake_args': None, 'build_base': '/home/dron/Praca-magisterska/ros2_ws/build/my_cpp_pkg', 'catkin_cmake_args': None, 'catkin_skip_building_tests': False, 'cmake_args': None, 'cmake_clean_cache': False, 'cmake_clean_first': False, 'cmake_force_configure': False, 'cmake_target': None, 'cmake_target_skip_unavailable': False, 'install_base': '/home/dron/Praca-magisterska/ros2_ws/install/my_cpp_pkg', 'merge_install': False, 'path': '/home/dron/Praca-magisterska/ros2_ws/src/my_cpp_pkg', 'symlink_install': False, 'test_result_base': None}
[1.533s] Level 5:colcon.colcon_core.verb:set package 'my_py_pkg' build argument 'cmake_args' from command line to 'None'
[1.533s] Level 5:colcon.colcon_core.verb:set package 'my_py_pkg' build argument 'cmake_target' from command line to 'None'
[1.533s] Level 5:colcon.colcon_core.verb:set package 'my_py_pkg' build argument 'cmake_target_skip_unavailable' from command line to 'False'
[1.533s] Level 5:colcon.colcon_core.verb:set package 'my_py_pkg' build argument 'cmake_clean_cache' from command line to 'False'
[1.533s] Level 5:colcon.colcon_core.verb:set package 'my_py_pkg' build argument 'cmake_clean_first' from command line to 'False'
[1.533s] Level 5:colcon.colcon_core.verb:set package 'my_py_pkg' build argument 'cmake_force_configure' from command line to 'False'
[1.533s] Level 5:colcon.colcon_core.verb:set package 'my_py_pkg' build argument 'ament_cmake_args' from command line to 'None'
[1.534s] Level 5:colcon.colcon_core.verb:set package 'my_py_pkg' build argument 'catkin_cmake_args' from command line to 'None'
[1.534s] Level 5:colcon.colcon_core.verb:set package 'my_py_pkg' build argument 'catkin_skip_building_tests' from command line to 'False'
[1.534s] DEBUG:colcon.colcon_core.verb:Building package 'my_py_pkg' with the following arguments: {'ament_cmake_args': None, 'build_base': '/home/dron/Praca-magisterska/ros2_ws/build/my_py_pkg', 'catkin_cmake_args': None, 'catkin_skip_building_tests': False, 'cmake_args': None, 'cmake_clean_cache': False, 'cmake_clean_first': False, 'cmake_force_configure': False, 'cmake_target': None, 'cmake_target_skip_unavailable': False, 'install_base': '/home/dron/Praca-magisterska/ros2_ws/install/my_py_pkg', 'merge_install': False, 'path': '/home/dron/Praca-magisterska/ros2_ws/src/my_py_pkg', 'symlink_install': False, 'test_result_base': None}
[1.535s] Level 5:colcon.colcon_core.verb:set package 'estimator_pkg' build argument 'cmake_args' from command line to 'None'
[1.535s] Level 5:colcon.colcon_core.verb:set package 'estimator_pkg' build argument 'cmake_target' from command line to 'None'
[1.536s] Level 5:colcon.colcon_core.verb:set package 'estimator_pkg' build argument 'cmake_target_skip_unavailable' from command line to 'False'
[1.536s] Level 5:colcon.colcon_core.verb:set package 'estimator_pkg' build argument 'cmake_clean_cache' from command line to 'False'
[1.536s] Level 5:colcon.colcon_core.verb:set package 'estimator_pkg' build argument 'cmake_clean_first' from command line to 'False'
[1.536s] Level 5:colcon.colcon_core.verb:set package 'estimator_pkg' build argument 'cmake_force_configure' from command line to 'False'
[1.536s] Level 5:colcon.colcon_core.verb:set package 'estimator_pkg' build argument 'ament_cmake_args' from command line to 'None'
[1.536s] Level 5:colcon.colcon_core.verb:set package 'estimator_pkg' build argument 'catkin_cmake_args' from command line to 'None'
[1.536s] Level 5:colcon.colcon_core.verb:set package 'estimator_pkg' build argument 'catkin_skip_building_tests' from command line to 'False'
[1.536s] DEBUG:colcon.colcon_core.verb:Building package 'estimator_pkg' with the following arguments: {'ament_cmake_args': None, 'build_base': '/home/dron/Praca-magisterska/ros2_ws/build/estimator_pkg', 'catkin_cmake_args': None, 'catkin_skip_building_tests': False, 'cmake_args': None, 'cmake_clean_cache': False, 'cmake_clean_first': False, 'cmake_force_configure': False, 'cmake_target': None, 'cmake_target_skip_unavailable': False, 'install_base': '/home/dron/Praca-magisterska/ros2_ws/install/estimator_pkg', 'merge_install': False, 'path': '/home/dron/Praca-magisterska/ros2_ws/src/estimator_pkg', 'symlink_install': False, 'test_result_base': None}
[1.538s] Level 5:colcon.colcon_core.verb:set package 'flask_pkg' build argument 'cmake_args' from command line to 'None'
[1.538s] Level 5:colcon.colcon_core.verb:set package 'flask_pkg' build argument 'cmake_target' from command line to 'None'
[1.538s] Level 5:colcon.colcon_core.verb:set package 'flask_pkg' build argument 'cmake_target_skip_unavailable' from command line to 'False'
[1.538s] Level 5:colcon.colcon_core.verb:set package 'flask_pkg' build argument 'cmake_clean_cache' from command line to 'False'
[1.538s] Level 5:colcon.colcon_core.verb:set package 'flask_pkg' build argument 'cmake_clean_first' from command line to 'False'
[1.538s] Level 5:colcon.colcon_core.verb:set package 'flask_pkg' build argument 'cmake_force_configure' from command line to 'False'
[1.539s] Level 5:colcon.colcon_core.verb:set package 'flask_pkg' build argument 'ament_cmake_args' from command line to 'None'
[1.539s] Level 5:colcon.colcon_core.verb:set package 'flask_pkg' build argument 'catkin_cmake_args' from command line to 'None'
[1.539s] Level 5:colcon.colcon_core.verb:set package 'flask_pkg' build argument 'catkin_skip_building_tests' from command line to 'False'
[1.539s] DEBUG:colcon.colcon_core.verb:Building package 'flask_pkg' with the following arguments: {'ament_cmake_args': None, 'build_base': '/home/dron/Praca-magisterska/ros2_ws/build/flask_pkg', 'catkin_cmake_args': None, 'catkin_skip_building_tests': False, 'cmake_args': None, 'cmake_clean_cache': False, 'cmake_clean_first': False, 'cmake_force_configure': False, 'cmake_target': None, 'cmake_target_skip_unavailable': False, 'install_base': '/home/dron/Praca-magisterska/ros2_ws/install/flask_pkg', 'merge_install': False, 'path': '/home/dron/Praca-magisterska/ros2_ws/src/flask_pkg', 'symlink_install': False, 'test_result_base': None}
[1.540s] Level 5:colcon.colcon_core.verb:set package 'flight_controller_pkg' build argument 'cmake_args' from command line to 'None'
[1.541s] Level 5:colcon.colcon_core.verb:set package 'flight_controller_pkg' build argument 'cmake_target' from command line to 'None'
[1.541s] Level 5:colcon.colcon_core.verb:set package 'flight_controller_pkg' build argument 'cmake_target_skip_unavailable' from command line to 'False'
[1.541s] Level 5:colcon.colcon_core.verb:set package 'flight_controller_pkg' build argument 'cmake_clean_cache' from command line to 'False'
[1.541s] Level 5:colcon.colcon_core.verb:set package 'flight_controller_pkg' build argument 'cmake_clean_first' from command line to 'False'
[1.541s] Level 5:colcon.colcon_core.verb:set package 'flight_controller_pkg' build argument 'cmake_force_configure' from command line to 'False'
[1.541s] Level 5:colcon.colcon_core.verb:set package 'flight_controller_pkg' build argument 'ament_cmake_args' from command line to 'None'
[1.541s] Level 5:colcon.colcon_core.verb:set package 'flight_controller_pkg' build argument 'catkin_cmake_args' from command line to 'None'
[1.541s] Level 5:colcon.colcon_core.verb:set package 'flight_controller_pkg' build argument 'catkin_skip_building_tests' from command line to 'False'
[1.541s] DEBUG:colcon.colcon_core.verb:Building package 'flight_controller_pkg' with the following arguments: {'ament_cmake_args': None, 'build_base': '/home/dron/Praca-magisterska/ros2_ws/build/flight_controller_pkg', 'catkin_cmake_args': None, 'catkin_skip_building_tests': False, 'cmake_args': None, 'cmake_clean_cache': False, 'cmake_clean_first': False, 'cmake_force_configure': False, 'cmake_target': None, 'cmake_target_skip_unavailable': False, 'install_base': '/home/dron/Praca-magisterska/ros2_ws/install/flight_controller_pkg', 'merge_install': False, 'path': '/home/dron/Praca-magisterska/ros2_ws/src/flight_controller_pkg', 'symlink_install': False, 'test_result_base': None}
[1.543s] Level 5:colcon.colcon_core.verb:set package 'gs_pkg' build argument 'cmake_args' from command line to 'None'
[1.543s] Level 5:colcon.colcon_core.verb:set package 'gs_pkg' build argument 'cmake_target' from command line to 'None'
[1.543s] Level 5:colcon.colcon_core.verb:set package 'gs_pkg' build argument 'cmake_target_skip_unavailable' from command line to 'False'
[1.543s] Level 5:colcon.colcon_core.verb:set package 'gs_pkg' build argument 'cmake_clean_cache' from command line to 'False'
[1.543s] Level 5:colcon.colcon_core.verb:set package 'gs_pkg' build argument 'cmake_clean_first' from command line to 'False'
[1.544s] Level 5:colcon.colcon_core.verb:set package 'gs_pkg' build argument 'cmake_force_configure' from command line to 'False'
[1.544s] Level 5:colcon.colcon_core.verb:set package 'gs_pkg' build argument 'ament_cmake_args' from command line to 'None'
[1.544s] Level 5:colcon.colcon_core.verb:set package 'gs_pkg' build argument 'catkin_cmake_args' from command line to 'None'
[1.544s] Level 5:colcon.colcon_core.verb:set package 'gs_pkg' build argument 'catkin_skip_building_tests' from command line to 'False'
[1.544s] DEBUG:colcon.colcon_core.verb:Building package 'gs_pkg' with the following arguments: {'ament_cmake_args': None, 'build_base': '/home/dron/Praca-magisterska/ros2_ws/build/gs_pkg', 'catkin_cmake_args': None, 'catkin_skip_building_tests': False, 'cmake_args': None, 'cmake_clean_cache': False, 'cmake_clean_first': False, 'cmake_force_configure': False, 'cmake_target': None, 'cmake_target_skip_unavailable': False, 'install_base': '/home/dron/Praca-magisterska/ros2_ws/install/gs_pkg', 'merge_install': False, 'path': '/home/dron/Praca-magisterska/ros2_ws/src/gs_pkg', 'symlink_install': False, 'test_result_base': None}
[1.545s] Level 5:colcon.colcon_core.verb:set package 'log_data_pkg' build argument 'cmake_args' from command line to 'None'
[1.546s] Level 5:colcon.colcon_core.verb:set package 'log_data_pkg' build argument 'cmake_target' from command line to 'None'
[1.546s] Level 5:colcon.colcon_core.verb:set package 'log_data_pkg' build argument 'cmake_target_skip_unavailable' from command line to 'False'
[1.546s] Level 5:colcon.colcon_core.verb:set package 'log_data_pkg' build argument 'cmake_clean_cache' from command line to 'False'
[1.546s] Level 5:colcon.colcon_core.verb:set package 'log_data_pkg' build argument 'cmake_clean_first' from command line to 'False'
[1.546s] Level 5:colcon.colcon_core.verb:set package 'log_data_pkg' build argument 'cmake_force_configure' from command line to 'False'
[1.546s] Level 5:colcon.colcon_core.verb:set package 'log_data_pkg' build argument 'ament_cmake_args' from command line to 'None'
[1.546s] Level 5:colcon.colcon_core.verb:set package 'log_data_pkg' build argument 'catkin_cmake_args' from command line to 'None'
[1.546s] Level 5:colcon.colcon_core.verb:set package 'log_data_pkg' build argument 'catkin_skip_building_tests' from command line to 'False'
[1.546s] DEBUG:colcon.colcon_core.verb:Building package 'log_data_pkg' with the following arguments: {'ament_cmake_args': None, 'build_base': '/home/dron/Praca-magisterska/ros2_ws/build/log_data_pkg', 'catkin_cmake_args': None, 'catkin_skip_building_tests': False, 'cmake_args': None, 'cmake_clean_cache': False, 'cmake_clean_first': False, 'cmake_force_configure': False, 'cmake_target': None, 'cmake_target_skip_unavailable': False, 'install_base': '/home/dron/Praca-magisterska/ros2_ws/install/log_data_pkg', 'merge_install': False, 'path': '/home/dron/Praca-magisterska/ros2_ws/src/log_data_pkg', 'symlink_install': False, 'test_result_base': None}
[1.548s] Level 5:colcon.colcon_core.verb:set package 'um7_pkg' build argument 'cmake_args' from command line to 'None'
[1.548s] Level 5:colcon.colcon_core.verb:set package 'um7_pkg' build argument 'cmake_target' from command line to 'None'
[1.548s] Level 5:colcon.colcon_core.verb:set package 'um7_pkg' build argument 'cmake_target_skip_unavailable' from command line to 'False'
[1.548s] Level 5:colcon.colcon_core.verb:set package 'um7_pkg' build argument 'cmake_clean_cache' from command line to 'False'
[1.548s] Level 5:colcon.colcon_core.verb:set package 'um7_pkg' build argument 'cmake_clean_first' from command line to 'False'
[1.548s] Level 5:colcon.colcon_core.verb:set package 'um7_pkg' build argument 'cmake_force_configure' from command line to 'False'
[1.549s] Level 5:colcon.colcon_core.verb:set package 'um7_pkg' build argument 'ament_cmake_args' from command line to 'None'
[1.549s] Level 5:colcon.colcon_core.verb:set package 'um7_pkg' build argument 'catkin_cmake_args' from command line to 'None'
[1.549s] Level 5:colcon.colcon_core.verb:set package 'um7_pkg' build argument 'catkin_skip_building_tests' from command line to 'False'
[1.549s] DEBUG:colcon.colcon_core.verb:Building package 'um7_pkg' with the following arguments: {'ament_cmake_args': None, 'build_base': '/home/dron/Praca-magisterska/ros2_ws/build/um7_pkg', 'catkin_cmake_args': None, 'catkin_skip_building_tests': False, 'cmake_args': None, 'cmake_clean_cache': False, 'cmake_clean_first': False, 'cmake_force_configure': False, 'cmake_target': None, 'cmake_target_skip_unavailable': False, 'install_base': '/home/dron/Praca-magisterska/ros2_ws/install/um7_pkg', 'merge_install': False, 'path': '/home/dron/Praca-magisterska/ros2_ws/src/um7_pkg', 'symlink_install': False, 'test_result_base': None}
[1.549s] INFO:colcon.colcon_core.executor:Executing jobs using 'parallel' executor
[1.553s] DEBUG:colcon.colcon_parallel_executor.executor.parallel:run_until_complete
[1.554s] INFO:colcon.colcon_ros.task.ament_cmake.build:Building ROS package in '/home/dron/Praca-magisterska/ros2_ws/src/custom_msgs' with build type 'ament_cmake'
[1.555s] INFO:colcon.colcon_cmake.task.cmake.build:Building CMake package in '/home/dron/Praca-magisterska/ros2_ws/src/custom_msgs'
[1.566s] INFO:colcon.colcon_core.plugin_system:Skipping extension 'colcon_core.shell.bat': Not used on non-Windows systems
[1.567s] INFO:colcon.colcon_core.shell:Skip shell extension 'powershell' for command environment: Not usable outside of PowerShell
[1.567s] DEBUG:colcon.colcon_core.shell:Skip shell extension 'dsv' for command environment
[1.585s] INFO:colcon.colcon_ros.task.ament_cmake.build:Building ROS package in '/home/dron/Praca-magisterska/ros2_ws/src/my_cpp_pkg' with build type 'ament_cmake'
[1.586s] INFO:colcon.colcon_cmake.task.cmake.build:Building CMake package in '/home/dron/Praca-magisterska/ros2_ws/src/my_cpp_pkg'
[1.587s] INFO:colcon.colcon_core.shell:Skip shell extension 'powershell' for command environment: Not usable outside of PowerShell
[1.588s] DEBUG:colcon.colcon_core.shell:Skip shell extension 'dsv' for command environment
[1.606s] INFO:colcon.colcon_ros.task.ament_python.build:Building ROS package in '/home/dron/Praca-magisterska/ros2_ws/src/my_py_pkg' with build type 'ament_python'
[1.607s] Level 1:colcon.colcon_core.shell:create_environment_hook('my_py_pkg', 'ament_prefix_path')
[1.608s] INFO:colcon.colcon_core.shell:Creating environment hook '/home/dron/Praca-magisterska/ros2_ws/install/my_py_pkg/share/my_py_pkg/hook/ament_prefix_path.ps1'
[1.611s] INFO:colcon.colcon_core.shell:Creating environment descriptor '/home/dron/Praca-magisterska/ros2_ws/install/my_py_pkg/share/my_py_pkg/hook/ament_prefix_path.dsv'
[1.614s] INFO:colcon.colcon_core.shell:Creating environment hook '/home/dron/Praca-magisterska/ros2_ws/install/my_py_pkg/share/my_py_pkg/hook/ament_prefix_path.sh'
[1.618s] INFO:colcon.colcon_core.shell:Skip shell extension 'powershell' for command environment: Not usable outside of PowerShell
[1.619s] DEBUG:colcon.colcon_core.shell:Skip shell extension 'dsv' for command environment
[1.654s] DEBUG:colcon.colcon_core.event_handler.log_command:Invoking command in '/home/dron/Praca-magisterska/ros2_ws/build/custom_msgs': CMAKE_PREFIX_PATH=${CMAKE_PREFIX_PATH}:/home/dron/Praca-magisterska/ros2_ws/install/um7_pkg:/home/dron/Praca-magisterska/ros2_ws/install/my_py_pkg:/home/dron/Praca-magisterska/ros2_ws/install/log_data_pkg:/home/dron/Praca-magisterska/ros2_ws/install/flight_controller_pkg:/home/dron/Praca-magisterska/ros2_ws/install/flask_pkg:/home/dron/Praca-magisterska/ros2_ws/install/estimator_pkg:/opt/ros/humble PS1=(venv) \[\e]0;\u@\h: \w\a\]${debian_chroot:+($debian_chroot)}\u@\h:\w\$ VIRTUAL_ENV_PROMPT=(venv) /usr/bin/cmake --build /home/dron/Praca-magisterska/ros2_ws/build/custom_msgs -- -j4 -l4
[1.688s] DEBUG:colcon.colcon_core.event_handler.log_command:Invoking command in '/home/dron/Praca-magisterska/ros2_ws/build/my_cpp_pkg': CMAKE_PREFIX_PATH=${CMAKE_PREFIX_PATH}:/home/dron/Praca-magisterska/ros2_ws/install/um7_pkg:/home/dron/Praca-magisterska/ros2_ws/install/my_py_pkg:/home/dron/Praca-magisterska/ros2_ws/install/log_data_pkg:/home/dron/Praca-magisterska/ros2_ws/install/flight_controller_pkg:/home/dron/Praca-magisterska/ros2_ws/install/flask_pkg:/home/dron/Praca-magisterska/ros2_ws/install/estimator_pkg:/opt/ros/humble PS1=(venv) \[\e]0;\u@\h: \w\a\]${debian_chroot:+($debian_chroot)}\u@\h:\w\$ VIRTUAL_ENV_PROMPT=(venv) /usr/bin/cmake --build /home/dron/Praca-magisterska/ros2_ws/build/my_cpp_pkg -- -j4 -l4
[3.239s] INFO:colcon.colcon_core.task.python.build:Building Python package in '/home/dron/Praca-magisterska/ros2_ws/src/my_py_pkg'
[3.241s] INFO:colcon.colcon_core.shell:Skip shell extension 'powershell' for command environment: Not usable outside of PowerShell
[3.241s] DEBUG:colcon.colcon_core.shell:Skip shell extension 'dsv' for command environment
[3.282s] DEBUG:colcon.colcon_core.event_handler.log_command:Invoked command in '/home/dron/Praca-magisterska/ros2_ws/build/my_cpp_pkg' returned '0': CMAKE_PREFIX_PATH=${CMAKE_PREFIX_PATH}:/home/dron/Praca-magisterska/ros2_ws/install/um7_pkg:/home/dron/Praca-magisterska/ros2_ws/install/my_py_pkg:/home/dron/Praca-magisterska/ros2_ws/install/log_data_pkg:/home/dron/Praca-magisterska/ros2_ws/install/flight_controller_pkg:/home/dron/Praca-magisterska/ros2_ws/install/flask_pkg:/home/dron/Praca-magisterska/ros2_ws/install/estimator_pkg:/opt/ros/humble PS1=(venv) \[\e]0;\u@\h: \w\a\]${debian_chroot:+($debian_chroot)}\u@\h:\w\$ VIRTUAL_ENV_PROMPT=(venv) /usr/bin/cmake --build /home/dron/Praca-magisterska/ros2_ws/build/my_cpp_pkg -- -j4 -l4
[3.329s] DEBUG:colcon.colcon_core.event_handler.log_command:Invoking command in '/home/dron/Praca-magisterska/ros2_ws/build/my_cpp_pkg': CMAKE_PREFIX_PATH=${CMAKE_PREFIX_PATH}:/home/dron/Praca-magisterska/ros2_ws/install/um7_pkg:/home/dron/Praca-magisterska/ros2_ws/install/my_py_pkg:/home/dron/Praca-magisterska/ros2_ws/install/log_data_pkg:/home/dron/Praca-magisterska/ros2_ws/install/flight_controller_pkg:/home/dron/Praca-magisterska/ros2_ws/install/flask_pkg:/home/dron/Praca-magisterska/ros2_ws/install/estimator_pkg:/opt/ros/humble PS1=(venv) \[\e]0;\u@\h: \w\a\]${debian_chroot:+($debian_chroot)}\u@\h:\w\$ VIRTUAL_ENV_PROMPT=(venv) /usr/bin/cmake --install /home/dron/Praca-magisterska/ros2_ws/build/my_cpp_pkg
[3.418s] Level 1:colcon.colcon_core.environment:create_environment_scripts_only(my_cpp_pkg)
[3.432s] Level 1:colcon.colcon_core.environment:checking '/home/dron/Praca-magisterska/ros2_ws/install/my_cpp_pkg' for CMake module files
[3.435s] DEBUG:colcon.colcon_core.event_handler.log_command:Invoked command in '/home/dron/Praca-magisterska/ros2_ws/build/my_cpp_pkg' returned '0': CMAKE_PREFIX_PATH=${CMAKE_PREFIX_PATH}:/home/dron/Praca-magisterska/ros2_ws/install/um7_pkg:/home/dron/Praca-magisterska/ros2_ws/install/my_py_pkg:/home/dron/Praca-magisterska/ros2_ws/install/log_data_pkg:/home/dron/Praca-magisterska/ros2_ws/install/flight_controller_pkg:/home/dron/Praca-magisterska/ros2_ws/install/flask_pkg:/home/dron/Praca-magisterska/ros2_ws/install/estimator_pkg:/opt/ros/humble PS1=(venv) \[\e]0;\u@\h: \w\a\]${debian_chroot:+($debian_chroot)}\u@\h:\w\$ VIRTUAL_ENV_PROMPT=(venv) /usr/bin/cmake --install /home/dron/Praca-magisterska/ros2_ws/build/my_cpp_pkg
[3.438s] Level 1:colcon.colcon_core.environment:checking '/home/dron/Praca-magisterska/ros2_ws/install/my_cpp_pkg' for CMake config files
[3.440s] Level 1:colcon.colcon_core.shell:create_environment_hook('my_cpp_pkg', 'cmake_prefix_path')
[3.441s] INFO:colcon.colcon_core.shell:Creating environment hook '/home/dron/Praca-magisterska/ros2_ws/install/my_cpp_pkg/share/my_cpp_pkg/hook/cmake_prefix_path.ps1'
[3.444s] INFO:colcon.colcon_core.shell:Creating environment descriptor '/home/dron/Praca-magisterska/ros2_ws/install/my_cpp_pkg/share/my_cpp_pkg/hook/cmake_prefix_path.dsv'
[3.446s] INFO:colcon.colcon_core.shell:Creating environment hook '/home/dron/Praca-magisterska/ros2_ws/install/my_cpp_pkg/share/my_cpp_pkg/hook/cmake_prefix_path.sh'
[3.451s] Level 1:colcon.colcon_core.environment:checking '/home/dron/Praca-magisterska/ros2_ws/install/my_cpp_pkg/lib'
[3.453s] Level 1:colcon.colcon_core.environment:checking '/home/dron/Praca-magisterska/ros2_ws/install/my_cpp_pkg/bin'
[3.453s] Level 1:colcon.colcon_core.environment:checking '/home/dron/Praca-magisterska/ros2_ws/install/my_cpp_pkg/lib/pkgconfig/my_cpp_pkg.pc'
[3.454s] Level 1:colcon.colcon_core.environment:checking '/home/dron/Praca-magisterska/ros2_ws/install/my_cpp_pkg/lib/python3.10/site-packages'
[3.455s] Level 1:colcon.colcon_core.environment:checking '/home/dron/Praca-magisterska/ros2_ws/install/my_cpp_pkg/bin'
[3.457s] INFO:colcon.colcon_core.shell:Creating package script '/home/dron/Praca-magisterska/ros2_ws/install/my_cpp_pkg/share/my_cpp_pkg/package.ps1'
[3.461s] INFO:colcon.colcon_core.shell:Creating package descriptor '/home/dron/Praca-magisterska/ros2_ws/install/my_cpp_pkg/share/my_cpp_pkg/package.dsv'
[3.464s] INFO:colcon.colcon_core.shell:Creating package script '/home/dron/Praca-magisterska/ros2_ws/install/my_cpp_pkg/share/my_cpp_pkg/package.sh'
[3.468s] INFO:colcon.colcon_core.shell:Creating package script '/home/dron/Praca-magisterska/ros2_ws/install/my_cpp_pkg/share/my_cpp_pkg/package.bash'
[3.473s] INFO:colcon.colcon_core.shell:Creating package script '/home/dron/Praca-magisterska/ros2_ws/install/my_cpp_pkg/share/my_cpp_pkg/package.zsh'
[3.478s] Level 1:colcon.colcon_core.environment:create_file_with_runtime_dependencies(/home/dron/Praca-magisterska/ros2_ws/install/my_cpp_pkg/share/colcon-core/packages/my_cpp_pkg)
[3.481s] Level 1:colcon.colcon_core.environment:create_environment_scripts_only(my_cpp_pkg)
[3.482s] Level 1:colcon.colcon_core.environment:checking '/home/dron/Praca-magisterska/ros2_ws/install/my_cpp_pkg' for CMake module files
[3.485s] Level 1:colcon.colcon_core.environment:checking '/home/dron/Praca-magisterska/ros2_ws/install/my_cpp_pkg' for CMake config files
[3.487s] Level 1:colcon.colcon_core.shell:create_environment_hook('my_cpp_pkg', 'cmake_prefix_path')
[3.488s] INFO:colcon.colcon_core.shell:Creating environment hook '/home/dron/Praca-magisterska/ros2_ws/install/my_cpp_pkg/share/my_cpp_pkg/hook/cmake_prefix_path.ps1'
[3.490s] INFO:colcon.colcon_core.shell:Creating environment descriptor '/home/dron/Praca-magisterska/ros2_ws/install/my_cpp_pkg/share/my_cpp_pkg/hook/cmake_prefix_path.dsv'
[3.493s] INFO:colcon.colcon_core.shell:Creating environment hook '/home/dron/Praca-magisterska/ros2_ws/install/my_cpp_pkg/share/my_cpp_pkg/hook/cmake_prefix_path.sh'
[3.496s] Level 1:colcon.colcon_core.environment:checking '/home/dron/Praca-magisterska/ros2_ws/install/my_cpp_pkg/lib'
[3.497s] Level 1:colcon.colcon_core.environment:checking '/home/dron/Praca-magisterska/ros2_ws/install/my_cpp_pkg/bin'
[3.497s] Level 1:colcon.colcon_core.environment:checking '/home/dron/Praca-magisterska/ros2_ws/install/my_cpp_pkg/lib/pkgconfig/my_cpp_pkg.pc'
[3.498s] Level 1:colcon.colcon_core.environment:checking '/home/dron/Praca-magisterska/ros2_ws/install/my_cpp_pkg/lib/python3.10/site-packages'
[3.499s] Level 1:colcon.colcon_core.environment:checking '/home/dron/Praca-magisterska/ros2_ws/install/my_cpp_pkg/bin'
[3.501s] INFO:colcon.colcon_core.shell:Creating package script '/home/dron/Praca-magisterska/ros2_ws/install/my_cpp_pkg/share/my_cpp_pkg/package.ps1'
[3.504s] INFO:colcon.colcon_core.shell:Creating package descriptor '/home/dron/Praca-magisterska/ros2_ws/install/my_cpp_pkg/share/my_cpp_pkg/package.dsv'
[3.507s] INFO:colcon.colcon_core.shell:Creating package script '/home/dron/Praca-magisterska/ros2_ws/install/my_cpp_pkg/share/my_cpp_pkg/package.sh'
[3.509s] INFO:colcon.colcon_core.shell:Creating package script '/home/dron/Praca-magisterska/ros2_ws/install/my_cpp_pkg/share/my_cpp_pkg/package.bash'
[3.512s] INFO:colcon.colcon_core.shell:Creating package script '/home/dron/Praca-magisterska/ros2_ws/install/my_cpp_pkg/share/my_cpp_pkg/package.zsh'
[3.515s] Level 1:colcon.colcon_core.environment:create_file_with_runtime_dependencies(/home/dron/Praca-magisterska/ros2_ws/install/my_cpp_pkg/share/colcon-core/packages/my_cpp_pkg)
[4.211s] DEBUG:colcon.colcon_core.event_handler.log_command:Invoked command in '/home/dron/Praca-magisterska/ros2_ws/build/custom_msgs' returned '0': CMAKE_PREFIX_PATH=${CMAKE_PREFIX_PATH}:/home/dron/Praca-magisterska/ros2_ws/install/um7_pkg:/home/dron/Praca-magisterska/ros2_ws/install/my_py_pkg:/home/dron/Praca-magisterska/ros2_ws/install/log_data_pkg:/home/dron/Praca-magisterska/ros2_ws/install/flight_controller_pkg:/home/dron/Praca-magisterska/ros2_ws/install/flask_pkg:/home/dron/Praca-magisterska/ros2_ws/install/estimator_pkg:/opt/ros/humble PS1=(venv) \[\e]0;\u@\h: \w\a\]${debian_chroot:+($debian_chroot)}\u@\h:\w\$ VIRTUAL_ENV_PROMPT=(venv) /usr/bin/cmake --build /home/dron/Praca-magisterska/ros2_ws/build/custom_msgs -- -j4 -l4
[4.220s] DEBUG:colcon.colcon_core.event_handler.log_command:Invoking command in '/home/dron/Praca-magisterska/ros2_ws/build/custom_msgs': CMAKE_PREFIX_PATH=${CMAKE_PREFIX_PATH}:/home/dron/Praca-magisterska/ros2_ws/install/um7_pkg:/home/dron/Praca-magisterska/ros2_ws/install/my_py_pkg:/home/dron/Praca-magisterska/ros2_ws/install/log_data_pkg:/home/dron/Praca-magisterska/ros2_ws/install/flight_controller_pkg:/home/dron/Praca-magisterska/ros2_ws/install/flask_pkg:/home/dron/Praca-magisterska/ros2_ws/install/estimator_pkg:/opt/ros/humble PS1=(venv) \[\e]0;\u@\h: \w\a\]${debian_chroot:+($debian_chroot)}\u@\h:\w\$ VIRTUAL_ENV_PROMPT=(venv) /usr/bin/cmake --install /home/dron/Praca-magisterska/ros2_ws/build/custom_msgs
[4.696s] Level 1:colcon.colcon_core.environment:create_environment_scripts_only(custom_msgs)
[4.698s] Level 1:colcon.colcon_core.environment:checking '/home/dron/Praca-magisterska/ros2_ws/install/custom_msgs' for CMake module files
[4.700s] DEBUG:colcon.colcon_core.event_handler.log_command:Invoked command in '/home/dron/Praca-magisterska/ros2_ws/build/custom_msgs' returned '0': CMAKE_PREFIX_PATH=${CMAKE_PREFIX_PATH}:/home/dron/Praca-magisterska/ros2_ws/install/um7_pkg:/home/dron/Praca-magisterska/ros2_ws/install/my_py_pkg:/home/dron/Praca-magisterska/ros2_ws/install/log_data_pkg:/home/dron/Praca-magisterska/ros2_ws/install/flight_controller_pkg:/home/dron/Praca-magisterska/ros2_ws/install/flask_pkg:/home/dron/Praca-magisterska/ros2_ws/install/estimator_pkg:/opt/ros/humble PS1=(venv) \[\e]0;\u@\h: \w\a\]${debian_chroot:+($debian_chroot)}\u@\h:\w\$ VIRTUAL_ENV_PROMPT=(venv) /usr/bin/cmake --install /home/dron/Praca-magisterska/ros2_ws/build/custom_msgs
[4.704s] Level 1:colcon.colcon_core.environment:checking '/home/dron/Praca-magisterska/ros2_ws/install/custom_msgs' for CMake config files
[4.709s] Level 1:colcon.colcon_core.shell:create_environment_hook('custom_msgs', 'cmake_prefix_path')
[4.710s] INFO:colcon.colcon_core.shell:Creating environment hook '/home/dron/Praca-magisterska/ros2_ws/install/custom_msgs/share/custom_msgs/hook/cmake_prefix_path.ps1'
[4.713s] INFO:colcon.colcon_core.shell:Creating environment descriptor '/home/dron/Praca-magisterska/ros2_ws/install/custom_msgs/share/custom_msgs/hook/cmake_prefix_path.dsv'
[4.715s] INFO:colcon.colcon_core.shell:Creating environment hook '/home/dron/Praca-magisterska/ros2_ws/install/custom_msgs/share/custom_msgs/hook/cmake_prefix_path.sh'
[4.718s] Level 1:colcon.colcon_core.environment:checking '/home/dron/Praca-magisterska/ros2_ws/install/custom_msgs/lib'
[4.719s] Level 1:colcon.colcon_core.shell:create_environment_hook('custom_msgs', 'ld_library_path_lib')
[4.720s] INFO:colcon.colcon_core.shell:Creating environment hook '/home/dron/Praca-magisterska/ros2_ws/install/custom_msgs/share/custom_msgs/hook/ld_library_path_lib.ps1'
[4.723s] INFO:colcon.colcon_core.shell:Creating environment descriptor '/home/dron/Praca-magisterska/ros2_ws/install/custom_msgs/share/custom_msgs/hook/ld_library_path_lib.dsv'
[4.725s] INFO:colcon.colcon_core.shell:Creating environment hook '/home/dron/Praca-magisterska/ros2_ws/install/custom_msgs/share/custom_msgs/hook/ld_library_path_lib.sh'
[4.727s] Level 1:colcon.colcon_core.environment:checking '/home/dron/Praca-magisterska/ros2_ws/install/custom_msgs/bin'
[4.728s] Level 1:colcon.colcon_core.environment:checking '/home/dron/Praca-magisterska/ros2_ws/install/custom_msgs/lib/pkgconfig/custom_msgs.pc'
[4.729s] Level 1:colcon.colcon_core.environment:checking '/home/dron/Praca-magisterska/ros2_ws/install/custom_msgs/lib/python3.10/site-packages'
[4.730s] Level 1:colcon.colcon_core.environment:checking '/home/dron/Praca-magisterska/ros2_ws/install/custom_msgs/bin'
[4.732s] INFO:colcon.colcon_core.shell:Creating package script '/home/dron/Praca-magisterska/ros2_ws/install/custom_msgs/share/custom_msgs/package.ps1'
[4.735s] INFO:colcon.colcon_core.shell:Creating package descriptor '/home/dron/Praca-magisterska/ros2_ws/install/custom_msgs/share/custom_msgs/package.dsv'
[4.737s] INFO:colcon.colcon_core.shell:Creating package script '/home/dron/Praca-magisterska/ros2_ws/install/custom_msgs/share/custom_msgs/package.sh'
[4.740s] INFO:colcon.colcon_core.shell:Creating package script '/home/dron/Praca-magisterska/ros2_ws/install/custom_msgs/share/custom_msgs/package.bash'
[4.743s] INFO:colcon.colcon_core.shell:Creating package script '/home/dron/Praca-magisterska/ros2_ws/install/custom_msgs/share/custom_msgs/package.zsh'
[4.745s] Level 1:colcon.colcon_core.environment:create_file_with_runtime_dependencies(/home/dron/Praca-magisterska/ros2_ws/install/custom_msgs/share/colcon-core/packages/custom_msgs)
[4.749s] Level 1:colcon.colcon_core.environment:create_environment_scripts_only(custom_msgs)
[4.750s] Level 1:colcon.colcon_core.environment:checking '/home/dron/Praca-magisterska/ros2_ws/install/custom_msgs' for CMake module files
[4.755s] Level 1:colcon.colcon_core.environment:checking '/home/dron/Praca-magisterska/ros2_ws/install/custom_msgs' for CMake config files
[4.760s] Level 1:colcon.colcon_core.shell:create_environment_hook('custom_msgs', 'cmake_prefix_path')
[4.761s] INFO:colcon.colcon_core.shell:Creating environment hook '/home/dron/Praca-magisterska/ros2_ws/install/custom_msgs/share/custom_msgs/hook/cmake_prefix_path.ps1'
[4.764s] INFO:colcon.colcon_core.shell:Creating environment descriptor '/home/dron/Praca-magisterska/ros2_ws/install/custom_msgs/share/custom_msgs/hook/cmake_prefix_path.dsv'
[4.766s] INFO:colcon.colcon_core.shell:Creating environment hook '/home/dron/Praca-magisterska/ros2_ws/install/custom_msgs/share/custom_msgs/hook/cmake_prefix_path.sh'
[4.769s] Level 1:colcon.colcon_core.environment:checking '/home/dron/Praca-magisterska/ros2_ws/install/custom_msgs/lib'
[4.770s] Level 1:colcon.colcon_core.shell:create_environment_hook('custom_msgs', 'ld_library_path_lib')
[4.771s] INFO:colcon.colcon_core.shell:Creating environment hook '/home/dron/Praca-magisterska/ros2_ws/install/custom_msgs/share/custom_msgs/hook/ld_library_path_lib.ps1'
[4.773s] INFO:colcon.colcon_core.shell:Creating environment descriptor '/home/dron/Praca-magisterska/ros2_ws/install/custom_msgs/share/custom_msgs/hook/ld_library_path_lib.dsv'
[4.775s] INFO:colcon.colcon_core.shell:Creating environment hook '/home/dron/Praca-magisterska/ros2_ws/install/custom_msgs/share/custom_msgs/hook/ld_library_path_lib.sh'
[4.778s] Level 1:colcon.colcon_core.environment:checking '/home/dron/Praca-magisterska/ros2_ws/install/custom_msgs/bin'
[4.778s] Level 1:colcon.colcon_core.environment:checking '/home/dron/Praca-magisterska/ros2_ws/install/custom_msgs/lib/pkgconfig/custom_msgs.pc'
[4.779s] Level 1:colcon.colcon_core.environment:checking '/home/dron/Praca-magisterska/ros2_ws/install/custom_msgs/lib/python3.10/site-packages'
[4.780s] Level 1:colcon.colcon_core.environment:checking '/home/dron/Praca-magisterska/ros2_ws/install/custom_msgs/bin'
[4.782s] INFO:colcon.colcon_core.shell:Creating package script '/home/dron/Praca-magisterska/ros2_ws/install/custom_msgs/share/custom_msgs/package.ps1'
[4.785s] INFO:colcon.colcon_core.shell:Creating package descriptor '/home/dron/Praca-magisterska/ros2_ws/install/custom_msgs/share/custom_msgs/package.dsv'
[4.788s] INFO:colcon.colcon_core.shell:Creating package script '/home/dron/Praca-magisterska/ros2_ws/install/custom_msgs/share/custom_msgs/package.sh'
[4.791s] INFO:colcon.colcon_core.shell:Creating package script '/home/dron/Praca-magisterska/ros2_ws/install/custom_msgs/share/custom_msgs/package.bash'
[4.793s] INFO:colcon.colcon_core.shell:Creating package script '/home/dron/Praca-magisterska/ros2_ws/install/custom_msgs/share/custom_msgs/package.zsh'
[4.796s] Level 1:colcon.colcon_core.environment:create_file_with_runtime_dependencies(/home/dron/Praca-magisterska/ros2_ws/install/custom_msgs/share/colcon-core/packages/custom_msgs)
[4.798s] INFO:colcon.colcon_ros.task.ament_python.build:Building ROS package in '/home/dron/Praca-magisterska/ros2_ws/src/estimator_pkg' with build type 'ament_python'
[4.799s] Level 1:colcon.colcon_core.shell:create_environment_hook('estimator_pkg', 'ament_prefix_path')
[4.800s] INFO:colcon.colcon_core.shell:Creating environment hook '/home/dron/Praca-magisterska/ros2_ws/install/estimator_pkg/share/estimator_pkg/hook/ament_prefix_path.ps1'
[4.804s] INFO:colcon.colcon_core.shell:Creating environment descriptor '/home/dron/Praca-magisterska/ros2_ws/install/estimator_pkg/share/estimator_pkg/hook/ament_prefix_path.dsv'
[4.806s] INFO:colcon.colcon_core.shell:Creating environment hook '/home/dron/Praca-magisterska/ros2_ws/install/estimator_pkg/share/estimator_pkg/hook/ament_prefix_path.sh'
[4.810s] INFO:colcon.colcon_core.shell:Skip shell extension 'powershell' for command environment: Not usable outside of PowerShell
[4.810s] DEBUG:colcon.colcon_core.shell:Skip shell extension 'dsv' for command environment
[4.828s] INFO:colcon.colcon_ros.task.ament_python.build:Building ROS package in '/home/dron/Praca-magisterska/ros2_ws/src/flask_pkg' with build type 'ament_python'
[4.830s] Level 1:colcon.colcon_core.shell:create_environment_hook('flask_pkg', 'ament_prefix_path')
[4.831s] INFO:colcon.colcon_core.shell:Creating environment hook '/home/dron/Praca-magisterska/ros2_ws/install/flask_pkg/share/flask_pkg/hook/ament_prefix_path.ps1'
[4.835s] INFO:colcon.colcon_core.shell:Creating environment descriptor '/home/dron/Praca-magisterska/ros2_ws/install/flask_pkg/share/flask_pkg/hook/ament_prefix_path.dsv'
[4.839s] INFO:colcon.colcon_core.shell:Creating environment hook '/home/dron/Praca-magisterska/ros2_ws/install/flask_pkg/share/flask_pkg/hook/ament_prefix_path.sh'
[4.843s] INFO:colcon.colcon_core.shell:Skip shell extension 'powershell' for command environment: Not usable outside of PowerShell
[4.844s] DEBUG:colcon.colcon_core.shell:Skip shell extension 'dsv' for command environment
[4.863s] INFO:colcon.colcon_ros.task.ament_python.build:Building ROS package in '/home/dron/Praca-magisterska/ros2_ws/src/flight_controller_pkg' with build type 'ament_python'
[4.864s] Level 1:colcon.colcon_core.shell:create_environment_hook('flight_controller_pkg', 'ament_prefix_path')
[4.865s] INFO:colcon.colcon_core.shell:Creating environment hook '/home/dron/Praca-magisterska/ros2_ws/install/flight_controller_pkg/share/flight_controller_pkg/hook/ament_prefix_path.ps1'
[4.869s] INFO:colcon.colcon_core.shell:Creating environment descriptor '/home/dron/Praca-magisterska/ros2_ws/install/flight_controller_pkg/share/flight_controller_pkg/hook/ament_prefix_path.dsv'
[4.873s] INFO:colcon.colcon_core.shell:Creating environment hook '/home/dron/Praca-magisterska/ros2_ws/install/flight_controller_pkg/share/flight_controller_pkg/hook/ament_prefix_path.sh'
[4.877s] INFO:colcon.colcon_core.shell:Skip shell extension 'powershell' for command environment: Not usable outside of PowerShell
[4.878s] DEBUG:colcon.colcon_core.shell:Skip shell extension 'dsv' for command environment
[6.065s] INFO:colcon.colcon_core.task.python.build:Building Python package in '/home/dron/Praca-magisterska/ros2_ws/src/estimator_pkg'
[6.066s] INFO:colcon.colcon_core.shell:Skip shell extension 'powershell' for command environment: Not usable outside of PowerShell
[6.066s] DEBUG:colcon.colcon_core.shell:Skip shell extension 'dsv' for command environment
[7.179s] INFO:colcon.colcon_core.task.python.build:Building Python package in '/home/dron/Praca-magisterska/ros2_ws/src/flask_pkg'
[7.180s] INFO:colcon.colcon_core.shell:Skip shell extension 'powershell' for command environment: Not usable outside of PowerShell
[7.180s] DEBUG:colcon.colcon_core.shell:Skip shell extension 'dsv' for command environment
[8.308s] INFO:colcon.colcon_core.task.python.build:Building Python package in '/home/dron/Praca-magisterska/ros2_ws/src/flight_controller_pkg'
[8.309s] INFO:colcon.colcon_core.shell:Skip shell extension 'powershell' for command environment: Not usable outside of PowerShell
[8.309s] DEBUG:colcon.colcon_core.shell:Skip shell extension 'dsv' for command environment
[8.338s] DEBUG:colcon.colcon_core.event_handler.log_command:Invoking command in '/home/dron/Praca-magisterska/ros2_ws/src/my_py_pkg': PS1=(venv) \[\e]0;\u@\h: \w\a\]${debian_chroot:+($debian_chroot)}\u@\h:\w\$ PYTHONPATH=/home/dron/Praca-magisterska/ros2_ws/build/my_py_pkg/prefix_override:/usr/lib/python3/dist-packages/colcon_core/task/python/colcon_distutils_commands:/home/dron/Praca-magisterska/ros2_ws/install/my_py_pkg/lib/python3.10/site-packages:${PYTHONPATH} VIRTUAL_ENV_PROMPT=(venv) /usr/bin/python3 -W ignore:setup.py install is deprecated -W ignore:easy_install command is deprecated setup.py egg_info --egg-base ../../build/my_py_pkg build --build-base /home/dron/Praca-magisterska/ros2_ws/build/my_py_pkg/build install --record /home/dron/Praca-magisterska/ros2_ws/build/my_py_pkg/install.log --single-version-externally-managed install_data
[10.138s] Level 1:colcon.colcon_core.environment:checking '/home/dron/Praca-magisterska/ros2_ws/install/my_py_pkg' for CMake module files
[10.140s] DEBUG:colcon.colcon_core.event_handler.log_command:Invoked command in '/home/dron/Praca-magisterska/ros2_ws/src/my_py_pkg' returned '0': PS1=(venv) \[\e]0;\u@\h: \w\a\]${debian_chroot:+($debian_chroot)}\u@\h:\w\$ PYTHONPATH=/home/dron/Praca-magisterska/ros2_ws/build/my_py_pkg/prefix_override:/usr/lib/python3/dist-packages/colcon_core/task/python/colcon_distutils_commands:/home/dron/Praca-magisterska/ros2_ws/install/my_py_pkg/lib/python3.10/site-packages:${PYTHONPATH} VIRTUAL_ENV_PROMPT=(venv) /usr/bin/python3 -W ignore:setup.py install is deprecated -W ignore:easy_install command is deprecated setup.py egg_info --egg-base ../../build/my_py_pkg build --build-base /home/dron/Praca-magisterska/ros2_ws/build/my_py_pkg/build install --record /home/dron/Praca-magisterska/ros2_ws/build/my_py_pkg/install.log --single-version-externally-managed install_data
[10.142s] Level 1:colcon.colcon_core.environment:checking '/home/dron/Praca-magisterska/ros2_ws/install/my_py_pkg' for CMake config files
[10.148s] Level 1:colcon.colcon_core.environment:checking '/home/dron/Praca-magisterska/ros2_ws/install/my_py_pkg/lib'
[10.150s] Level 1:colcon.colcon_core.environment:checking '/home/dron/Praca-magisterska/ros2_ws/install/my_py_pkg/bin'
[10.151s] Level 1:colcon.colcon_core.environment:checking '/home/dron/Praca-magisterska/ros2_ws/install/my_py_pkg/lib/pkgconfig/my_py_pkg.pc'
[10.153s] Level 1:colcon.colcon_core.environment:checking '/home/dron/Praca-magisterska/ros2_ws/install/my_py_pkg/lib/python3.10/site-packages'
[10.155s] Level 1:colcon.colcon_core.shell:create_environment_hook('my_py_pkg', 'pythonpath')
[10.157s] INFO:colcon.colcon_core.shell:Creating environment hook '/home/dron/Praca-magisterska/ros2_ws/install/my_py_pkg/share/my_py_pkg/hook/pythonpath.ps1'
[10.161s] INFO:colcon.colcon_core.shell:Creating environment descriptor '/home/dron/Praca-magisterska/ros2_ws/install/my_py_pkg/share/my_py_pkg/hook/pythonpath.dsv'
[10.166s] INFO:colcon.colcon_core.shell:Creating environment hook '/home/dron/Praca-magisterska/ros2_ws/install/my_py_pkg/share/my_py_pkg/hook/pythonpath.sh'
[10.172s] Level 1:colcon.colcon_core.environment:checking '/home/dron/Praca-magisterska/ros2_ws/install/my_py_pkg/bin'
[10.173s] Level 1:colcon.colcon_core.environment:create_environment_scripts_only(my_py_pkg)
[10.175s] INFO:colcon.colcon_core.shell:Creating package script '/home/dron/Praca-magisterska/ros2_ws/install/my_py_pkg/share/my_py_pkg/package.ps1'
[10.179s] INFO:colcon.colcon_core.shell:Creating package descriptor '/home/dron/Praca-magisterska/ros2_ws/install/my_py_pkg/share/my_py_pkg/package.dsv'
[10.183s] INFO:colcon.colcon_core.shell:Creating package script '/home/dron/Praca-magisterska/ros2_ws/install/my_py_pkg/share/my_py_pkg/package.sh'
[10.188s] INFO:colcon.colcon_core.shell:Creating package script '/home/dron/Praca-magisterska/ros2_ws/install/my_py_pkg/share/my_py_pkg/package.bash'
[10.192s] INFO:colcon.colcon_core.shell:Creating package script '/home/dron/Praca-magisterska/ros2_ws/install/my_py_pkg/share/my_py_pkg/package.zsh'
[10.196s] Level 1:colcon.colcon_core.environment:create_file_with_runtime_dependencies(/home/dron/Praca-magisterska/ros2_ws/install/my_py_pkg/share/colcon-core/packages/my_py_pkg)
[10.200s] INFO:colcon.colcon_ros.task.ament_python.build:Building ROS package in '/home/dron/Praca-magisterska/ros2_ws/src/gs_pkg' with build type 'ament_python'
[10.201s] Level 1:colcon.colcon_core.shell:create_environment_hook('gs_pkg', 'ament_prefix_path')
[10.203s] INFO:colcon.colcon_core.shell:Creating environment hook '/home/dron/Praca-magisterska/ros2_ws/install/gs_pkg/share/gs_pkg/hook/ament_prefix_path.ps1'
[10.211s] INFO:colcon.colcon_core.shell:Creating environment descriptor '/home/dron/Praca-magisterska/ros2_ws/install/gs_pkg/share/gs_pkg/hook/ament_prefix_path.dsv'
[10.215s] INFO:colcon.colcon_core.shell:Creating environment hook '/home/dron/Praca-magisterska/ros2_ws/install/gs_pkg/share/gs_pkg/hook/ament_prefix_path.sh'
[10.220s] INFO:colcon.colcon_core.shell:Skip shell extension 'powershell' for command environment: Not usable outside of PowerShell
[10.222s] DEBUG:colcon.colcon_core.shell:Skip shell extension 'dsv' for command environment
[11.610s] INFO:colcon.colcon_core.task.python.build:Building Python package in '/home/dron/Praca-magisterska/ros2_ws/src/gs_pkg'
[11.611s] INFO:colcon.colcon_core.shell:Skip shell extension 'powershell' for command environment: Not usable outside of PowerShell
[11.611s] DEBUG:colcon.colcon_core.shell:Skip shell extension 'dsv' for command environment
[11.657s] DEBUG:colcon.colcon_core.event_handler.log_command:Invoking command in '/home/dron/Praca-magisterska/ros2_ws/src/flask_pkg': CMAKE_PREFIX_PATH=/home/dron/Praca-magisterska/ros2_ws/install/custom_msgs:/home/dron/Praca-magisterska/ros2_ws/install/my_cpp_pkg PS1=(venv) \[\e]0;\u@\h: \w\a\]${debian_chroot:+($debian_chroot)}\u@\h:\w\$ PYTHONPATH=/home/dron/Praca-magisterska/ros2_ws/build/flask_pkg/prefix_override:/usr/lib/python3/dist-packages/colcon_core/task/python/colcon_distutils_commands:/home/dron/Praca-magisterska/ros2_ws/install/flask_pkg/lib/python3.10/site-packages:${PYTHONPATH} VIRTUAL_ENV_PROMPT=(venv) /usr/bin/python3 -W ignore:setup.py install is deprecated -W ignore:easy_install command is deprecated setup.py egg_info --egg-base ../../build/flask_pkg build --build-base /home/dron/Praca-magisterska/ros2_ws/build/flask_pkg/build install --record /home/dron/Praca-magisterska/ros2_ws/build/flask_pkg/install.log --single-version-externally-managed install_data
[11.664s] DEBUG:colcon.colcon_core.event_handler.log_command:Invoking command in '/home/dron/Praca-magisterska/ros2_ws/src/flight_controller_pkg': CMAKE_PREFIX_PATH=/home/dron/Praca-magisterska/ros2_ws/install/custom_msgs:/home/dron/Praca-magisterska/ros2_ws/install/my_cpp_pkg PS1=(venv) \[\e]0;\u@\h: \w\a\]${debian_chroot:+($debian_chroot)}\u@\h:\w\$ PYTHONPATH=/home/dron/Praca-magisterska/ros2_ws/build/flight_controller_pkg/prefix_override:/usr/lib/python3/dist-packages/colcon_core/task/python/colcon_distutils_commands:/home/dron/Praca-magisterska/ros2_ws/install/flight_controller_pkg/lib/python3.10/site-packages:${PYTHONPATH} VIRTUAL_ENV_PROMPT=(venv) /usr/bin/python3 -W ignore:setup.py install is deprecated -W ignore:easy_install command is deprecated setup.py egg_info --egg-base ../../build/flight_controller_pkg build --build-base /home/dron/Praca-magisterska/ros2_ws/build/flight_controller_pkg/build install --record /home/dron/Praca-magisterska/ros2_ws/build/flight_controller_pkg/install.log --single-version-externally-managed install_data
[11.674s] DEBUG:colcon.colcon_core.event_handler.log_command:Invoking command in '/home/dron/Praca-magisterska/ros2_ws/src/estimator_pkg': CMAKE_PREFIX_PATH=/home/dron/Praca-magisterska/ros2_ws/install/custom_msgs:/home/dron/Praca-magisterska/ros2_ws/install/my_cpp_pkg PS1=(venv) \[\e]0;\u@\h: \w\a\]${debian_chroot:+($debian_chroot)}\u@\h:\w\$ PYTHONPATH=/home/dron/Praca-magisterska/ros2_ws/build/estimator_pkg/prefix_override:/usr/lib/python3/dist-packages/colcon_core/task/python/colcon_distutils_commands:/home/dron/Praca-magisterska/ros2_ws/install/estimator_pkg/lib/python3.10/site-packages:${PYTHONPATH} VIRTUAL_ENV_PROMPT=(venv) /usr/bin/python3 -W ignore:setup.py install is deprecated -W ignore:easy_install command is deprecated setup.py egg_info --egg-base ../../build/estimator_pkg build --build-base /home/dron/Praca-magisterska/ros2_ws/build/estimator_pkg/build install --record /home/dron/Praca-magisterska/ros2_ws/build/estimator_pkg/install.log --single-version-externally-managed install_data
[13.513s] Level 1:colcon.colcon_core.environment:checking '/home/dron/Praca-magisterska/ros2_ws/install/estimator_pkg' for CMake module files
[13.517s] DEBUG:colcon.colcon_core.event_handler.log_command:Invoked command in '/home/dron/Praca-magisterska/ros2_ws/src/estimator_pkg' returned '0': CMAKE_PREFIX_PATH=/home/dron/Praca-magisterska/ros2_ws/install/custom_msgs:/home/dron/Praca-magisterska/ros2_ws/install/my_cpp_pkg PS1=(venv) \[\e]0;\u@\h: \w\a\]${debian_chroot:+($debian_chroot)}\u@\h:\w\$ PYTHONPATH=/home/dron/Praca-magisterska/ros2_ws/build/estimator_pkg/prefix_override:/usr/lib/python3/dist-packages/colcon_core/task/python/colcon_distutils_commands:/home/dron/Praca-magisterska/ros2_ws/install/estimator_pkg/lib/python3.10/site-packages:${PYTHONPATH} VIRTUAL_ENV_PROMPT=(venv) /usr/bin/python3 -W ignore:setup.py install is deprecated -W ignore:easy_install command is deprecated setup.py egg_info --egg-base ../../build/estimator_pkg build --build-base /home/dron/Praca-magisterska/ros2_ws/build/estimator_pkg/build install --record /home/dron/Praca-magisterska/ros2_ws/build/estimator_pkg/install.log --single-version-externally-managed install_data
[13.537s] Level 1:colcon.colcon_core.environment:checking '/home/dron/Praca-magisterska/ros2_ws/install/estimator_pkg' for CMake config files
[13.551s] Level 1:colcon.colcon_core.environment:checking '/home/dron/Praca-magisterska/ros2_ws/install/estimator_pkg/lib'
[13.553s] Level 1:colcon.colcon_core.environment:checking '/home/dron/Praca-magisterska/ros2_ws/install/estimator_pkg/bin'
[13.555s] Level 1:colcon.colcon_core.environment:checking '/home/dron/Praca-magisterska/ros2_ws/install/estimator_pkg/lib/pkgconfig/estimator_pkg.pc'
[13.557s] Level 1:colcon.colcon_core.environment:checking '/home/dron/Praca-magisterska/ros2_ws/install/estimator_pkg/lib/python3.10/site-packages'
[13.558s] Level 1:colcon.colcon_core.shell:create_environment_hook('estimator_pkg', 'pythonpath')
[13.560s] INFO:colcon.colcon_core.shell:Creating environment hook '/home/dron/Praca-magisterska/ros2_ws/install/estimator_pkg/share/estimator_pkg/hook/pythonpath.ps1'
[13.564s] INFO:colcon.colcon_core.shell:Creating environment descriptor '/home/dron/Praca-magisterska/ros2_ws/install/estimator_pkg/share/estimator_pkg/hook/pythonpath.dsv'
[13.567s] INFO:colcon.colcon_core.shell:Creating environment hook '/home/dron/Praca-magisterska/ros2_ws/install/estimator_pkg/share/estimator_pkg/hook/pythonpath.sh'
[13.573s] Level 1:colcon.colcon_core.environment:checking '/home/dron/Praca-magisterska/ros2_ws/install/estimator_pkg/bin'
[13.575s] Level 1:colcon.colcon_core.environment:create_environment_scripts_only(estimator_pkg)
[13.578s] INFO:colcon.colcon_core.shell:Creating package script '/home/dron/Praca-magisterska/ros2_ws/install/estimator_pkg/share/estimator_pkg/package.ps1'
[13.585s] INFO:colcon.colcon_core.shell:Creating package descriptor '/home/dron/Praca-magisterska/ros2_ws/install/estimator_pkg/share/estimator_pkg/package.dsv'
[13.591s] INFO:colcon.colcon_core.shell:Creating package script '/home/dron/Praca-magisterska/ros2_ws/install/estimator_pkg/share/estimator_pkg/package.sh'
[13.597s] INFO:colcon.colcon_core.shell:Creating package script '/home/dron/Praca-magisterska/ros2_ws/install/estimator_pkg/share/estimator_pkg/package.bash'
[13.601s] INFO:colcon.colcon_core.shell:Creating package script '/home/dron/Praca-magisterska/ros2_ws/install/estimator_pkg/share/estimator_pkg/package.zsh'
[13.607s] Level 1:colcon.colcon_core.environment:create_file_with_runtime_dependencies(/home/dron/Praca-magisterska/ros2_ws/install/estimator_pkg/share/colcon-core/packages/estimator_pkg)
[13.612s] INFO:colcon.colcon_ros.task.ament_python.build:Building ROS package in '/home/dron/Praca-magisterska/ros2_ws/src/log_data_pkg' with build type 'ament_python'
[13.614s] Level 1:colcon.colcon_core.shell:create_environment_hook('log_data_pkg', 'ament_prefix_path')
[13.617s] INFO:colcon.colcon_core.shell:Creating environment hook '/home/dron/Praca-magisterska/ros2_ws/install/log_data_pkg/share/log_data_pkg/hook/ament_prefix_path.ps1'
[13.624s] INFO:colcon.colcon_core.shell:Creating environment descriptor '/home/dron/Praca-magisterska/ros2_ws/install/log_data_pkg/share/log_data_pkg/hook/ament_prefix_path.dsv'
[13.628s] INFO:colcon.colcon_core.shell:Creating environment hook '/home/dron/Praca-magisterska/ros2_ws/install/log_data_pkg/share/log_data_pkg/hook/ament_prefix_path.sh'
[13.632s] INFO:colcon.colcon_core.shell:Skip shell extension 'powershell' for command environment: Not usable outside of PowerShell
[13.632s] DEBUG:colcon.colcon_core.shell:Skip shell extension 'dsv' for command environment
[13.658s] Level 1:colcon.colcon_core.environment:checking '/home/dron/Praca-magisterska/ros2_ws/install/flight_controller_pkg' for CMake module files
[13.660s] DEBUG:colcon.colcon_core.event_handler.log_command:Invoked command in '/home/dron/Praca-magisterska/ros2_ws/src/flight_controller_pkg' returned '0': CMAKE_PREFIX_PATH=/home/dron/Praca-magisterska/ros2_ws/install/custom_msgs:/home/dron/Praca-magisterska/ros2_ws/install/my_cpp_pkg PS1=(venv) \[\e]0;\u@\h: \w\a\]${debian_chroot:+($debian_chroot)}\u@\h:\w\$ PYTHONPATH=/home/dron/Praca-magisterska/ros2_ws/build/flight_controller_pkg/prefix_override:/usr/lib/python3/dist-packages/colcon_core/task/python/colcon_distutils_commands:/home/dron/Praca-magisterska/ros2_ws/install/flight_controller_pkg/lib/python3.10/site-packages:${PYTHONPATH} VIRTUAL_ENV_PROMPT=(venv) /usr/bin/python3 -W ignore:setup.py install is deprecated -W ignore:easy_install command is deprecated setup.py egg_info --egg-base ../../build/flight_controller_pkg build --build-base /home/dron/Praca-magisterska/ros2_ws/build/flight_controller_pkg/build install --record /home/dron/Praca-magisterska/ros2_ws/build/flight_controller_pkg/install.log --single-version-externally-managed install_data
[13.663s] Level 1:colcon.colcon_core.environment:checking '/home/dron/Praca-magisterska/ros2_ws/install/flight_controller_pkg' for CMake config files
[13.668s] Level 1:colcon.colcon_core.environment:checking '/home/dron/Praca-magisterska/ros2_ws/install/flight_controller_pkg/lib'
[13.668s] Level 1:colcon.colcon_core.environment:checking '/home/dron/Praca-magisterska/ros2_ws/install/flight_controller_pkg/bin'
[13.669s] Level 1:colcon.colcon_core.environment:checking '/home/dron/Praca-magisterska/ros2_ws/install/flight_controller_pkg/lib/pkgconfig/flight_controller_pkg.pc'
[13.670s] Level 1:colcon.colcon_core.environment:checking '/home/dron/Praca-magisterska/ros2_ws/install/flight_controller_pkg/lib/python3.10/site-packages'
[13.671s] Level 1:colcon.colcon_core.shell:create_environment_hook('flight_controller_pkg', 'pythonpath')
[13.672s] INFO:colcon.colcon_core.shell:Creating environment hook '/home/dron/Praca-magisterska/ros2_ws/install/flight_controller_pkg/share/flight_controller_pkg/hook/pythonpath.ps1'
[13.675s] INFO:colcon.colcon_core.shell:Creating environment descriptor '/home/dron/Praca-magisterska/ros2_ws/install/flight_controller_pkg/share/flight_controller_pkg/hook/pythonpath.dsv'
[13.677s] INFO:colcon.colcon_core.shell:Creating environment hook '/home/dron/Praca-magisterska/ros2_ws/install/flight_controller_pkg/share/flight_controller_pkg/hook/pythonpath.sh'
[13.681s] Level 1:colcon.colcon_core.environment:checking '/home/dron/Praca-magisterska/ros2_ws/install/flight_controller_pkg/bin'
[13.681s] Level 1:colcon.colcon_core.environment:create_environment_scripts_only(flight_controller_pkg)
[13.682s] INFO:colcon.colcon_core.shell:Creating package script '/home/dron/Praca-magisterska/ros2_ws/install/flight_controller_pkg/share/flight_controller_pkg/package.ps1'
[13.685s] INFO:colcon.colcon_core.shell:Creating package descriptor '/home/dron/Praca-magisterska/ros2_ws/install/flight_controller_pkg/share/flight_controller_pkg/package.dsv'
[13.688s] INFO:colcon.colcon_core.shell:Creating package script '/home/dron/Praca-magisterska/ros2_ws/install/flight_controller_pkg/share/flight_controller_pkg/package.sh'
[13.690s] INFO:colcon.colcon_core.shell:Creating package script '/home/dron/Praca-magisterska/ros2_ws/install/flight_controller_pkg/share/flight_controller_pkg/package.bash'
[13.693s] INFO:colcon.colcon_core.shell:Creating package script '/home/dron/Praca-magisterska/ros2_ws/install/flight_controller_pkg/share/flight_controller_pkg/package.zsh'
[13.695s] Level 1:colcon.colcon_core.environment:create_file_with_runtime_dependencies(/home/dron/Praca-magisterska/ros2_ws/install/flight_controller_pkg/share/colcon-core/packages/flight_controller_pkg)
[13.700s] Level 1:colcon.colcon_core.environment:checking '/home/dron/Praca-magisterska/ros2_ws/install/flask_pkg' for CMake module files
[13.704s] DEBUG:colcon.colcon_core.event_handler.log_command:Invoked command in '/home/dron/Praca-magisterska/ros2_ws/src/flask_pkg' returned '0': CMAKE_PREFIX_PATH=/home/dron/Praca-magisterska/ros2_ws/install/custom_msgs:/home/dron/Praca-magisterska/ros2_ws/install/my_cpp_pkg PS1=(venv) \[\e]0;\u@\h: \w\a\]${debian_chroot:+($debian_chroot)}\u@\h:\w\$ PYTHONPATH=/home/dron/Praca-magisterska/ros2_ws/build/flask_pkg/prefix_override:/usr/lib/python3/dist-packages/colcon_core/task/python/colcon_distutils_commands:/home/dron/Praca-magisterska/ros2_ws/install/flask_pkg/lib/python3.10/site-packages:${PYTHONPATH} VIRTUAL_ENV_PROMPT=(venv) /usr/bin/python3 -W ignore:setup.py install is deprecated -W ignore:easy_install command is deprecated setup.py egg_info --egg-base ../../build/flask_pkg build --build-base /home/dron/Praca-magisterska/ros2_ws/build/flask_pkg/build install --record /home/dron/Praca-magisterska/ros2_ws/build/flask_pkg/install.log --single-version-externally-managed install_data
[13.705s] Level 1:colcon.colcon_core.environment:checking '/home/dron/Praca-magisterska/ros2_ws/install/flask_pkg' for CMake config files
[13.709s] Level 1:colcon.colcon_core.environment:checking '/home/dron/Praca-magisterska/ros2_ws/install/flask_pkg/lib'
[13.710s] Level 1:colcon.colcon_core.environment:checking '/home/dron/Praca-magisterska/ros2_ws/install/flask_pkg/bin'
[13.710s] Level 1:colcon.colcon_core.environment:checking '/home/dron/Praca-magisterska/ros2_ws/install/flask_pkg/lib/pkgconfig/flask_pkg.pc'
[13.712s] Level 1:colcon.colcon_core.environment:checking '/home/dron/Praca-magisterska/ros2_ws/install/flask_pkg/lib/python3.10/site-packages'
[13.712s] Level 1:colcon.colcon_core.shell:create_environment_hook('flask_pkg', 'pythonpath')
[13.713s] INFO:colcon.colcon_core.shell:Creating environment hook '/home/dron/Praca-magisterska/ros2_ws/install/flask_pkg/share/flask_pkg/hook/pythonpath.ps1'
[13.715s] INFO:colcon.colcon_core.shell:Creating environment descriptor '/home/dron/Praca-magisterska/ros2_ws/install/flask_pkg/share/flask_pkg/hook/pythonpath.dsv'
[13.718s] INFO:colcon.colcon_core.shell:Creating environment hook '/home/dron/Praca-magisterska/ros2_ws/install/flask_pkg/share/flask_pkg/hook/pythonpath.sh'
[13.721s] Level 1:colcon.colcon_core.environment:checking '/home/dron/Praca-magisterska/ros2_ws/install/flask_pkg/bin'
[13.721s] Level 1:colcon.colcon_core.environment:create_environment_scripts_only(flask_pkg)
[13.723s] INFO:colcon.colcon_core.shell:Creating package script '/home/dron/Praca-magisterska/ros2_ws/install/flask_pkg/share/flask_pkg/package.ps1'
[13.725s] INFO:colcon.colcon_core.shell:Creating package descriptor '/home/dron/Praca-magisterska/ros2_ws/install/flask_pkg/share/flask_pkg/package.dsv'
[13.728s] INFO:colcon.colcon_core.shell:Creating package script '/home/dron/Praca-magisterska/ros2_ws/install/flask_pkg/share/flask_pkg/package.sh'
[13.731s] INFO:colcon.colcon_core.shell:Creating package script '/home/dron/Praca-magisterska/ros2_ws/install/flask_pkg/share/flask_pkg/package.bash'
[13.733s] INFO:colcon.colcon_core.shell:Creating package script '/home/dron/Praca-magisterska/ros2_ws/install/flask_pkg/share/flask_pkg/package.zsh'
[13.735s] Level 1:colcon.colcon_core.environment:create_file_with_runtime_dependencies(/home/dron/Praca-magisterska/ros2_ws/install/flask_pkg/share/colcon-core/packages/flask_pkg)
[13.737s] INFO:colcon.colcon_ros.task.ament_python.build:Building ROS package in '/home/dron/Praca-magisterska/ros2_ws/src/um7_pkg' with build type 'ament_python'
[13.737s] Level 1:colcon.colcon_core.shell:create_environment_hook('um7_pkg', 'ament_prefix_path')
[13.739s] INFO:colcon.colcon_core.shell:Creating environment hook '/home/dron/Praca-magisterska/ros2_ws/install/um7_pkg/share/um7_pkg/hook/ament_prefix_path.ps1'
[13.742s] INFO:colcon.colcon_core.shell:Creating environment descriptor '/home/dron/Praca-magisterska/ros2_ws/install/um7_pkg/share/um7_pkg/hook/ament_prefix_path.dsv'
[13.744s] INFO:colcon.colcon_core.shell:Creating environment hook '/home/dron/Praca-magisterska/ros2_ws/install/um7_pkg/share/um7_pkg/hook/ament_prefix_path.sh'
[13.748s] INFO:colcon.colcon_core.shell:Skip shell extension 'powershell' for command environment: Not usable outside of PowerShell
[13.748s] DEBUG:colcon.colcon_core.shell:Skip shell extension 'dsv' for command environment
[14.929s] INFO:colcon.colcon_core.task.python.build:Building Python package in '/home/dron/Praca-magisterska/ros2_ws/src/log_data_pkg'
[14.930s] INFO:colcon.colcon_core.shell:Skip shell extension 'powershell' for command environment: Not usable outside of PowerShell
[14.930s] DEBUG:colcon.colcon_core.shell:Skip shell extension 'dsv' for command environment
[16.033s] INFO:colcon.colcon_core.task.python.build:Building Python package in '/home/dron/Praca-magisterska/ros2_ws/src/um7_pkg'
[16.034s] INFO:colcon.colcon_core.shell:Skip shell extension 'powershell' for command environment: Not usable outside of PowerShell
[16.035s] DEBUG:colcon.colcon_core.shell:Skip shell extension 'dsv' for command environment
[16.066s] DEBUG:colcon.colcon_core.event_handler.log_command:Invoking command in '/home/dron/Praca-magisterska/ros2_ws/src/gs_pkg': CMAKE_PREFIX_PATH=/home/dron/Praca-magisterska/ros2_ws/install/custom_msgs:/home/dron/Praca-magisterska/ros2_ws/install/my_cpp_pkg PS1=(venv) \[\e]0;\u@\h: \w\a\]${debian_chroot:+($debian_chroot)}\u@\h:\w\$ PYTHONPATH=/home/dron/Praca-magisterska/ros2_ws/build/gs_pkg/prefix_override:/usr/lib/python3/dist-packages/colcon_core/task/python/colcon_distutils_commands:/home/dron/Praca-magisterska/ros2_ws/install/gs_pkg/lib/python3.10/site-packages:${PYTHONPATH} VIRTUAL_ENV_PROMPT=(venv) /usr/bin/python3 -W ignore:setup.py install is deprecated -W ignore:easy_install command is deprecated setup.py egg_info --egg-base ../../build/gs_pkg build --build-base /home/dron/Praca-magisterska/ros2_ws/build/gs_pkg/build install --record /home/dron/Praca-magisterska/ros2_ws/build/gs_pkg/install.log --single-version-externally-managed install_data
[17.710s] Level 1:colcon.colcon_core.environment:checking '/home/dron/Praca-magisterska/ros2_ws/install/gs_pkg' for CMake module files
[17.712s] DEBUG:colcon.colcon_core.event_handler.log_command:Invoked command in '/home/dron/Praca-magisterska/ros2_ws/src/gs_pkg' returned '0': CMAKE_PREFIX_PATH=/home/dron/Praca-magisterska/ros2_ws/install/custom_msgs:/home/dron/Praca-magisterska/ros2_ws/install/my_cpp_pkg PS1=(venv) \[\e]0;\u@\h: \w\a\]${debian_chroot:+($debian_chroot)}\u@\h:\w\$ PYTHONPATH=/home/dron/Praca-magisterska/ros2_ws/build/gs_pkg/prefix_override:/usr/lib/python3/dist-packages/colcon_core/task/python/colcon_distutils_commands:/home/dron/Praca-magisterska/ros2_ws/install/gs_pkg/lib/python3.10/site-packages:${PYTHONPATH} VIRTUAL_ENV_PROMPT=(venv) /usr/bin/python3 -W ignore:setup.py install is deprecated -W ignore:easy_install command is deprecated setup.py egg_info --egg-base ../../build/gs_pkg build --build-base /home/dron/Praca-magisterska/ros2_ws/build/gs_pkg/build install --record /home/dron/Praca-magisterska/ros2_ws/build/gs_pkg/install.log --single-version-externally-managed install_data
[17.714s] Level 1:colcon.colcon_core.environment:checking '/home/dron/Praca-magisterska/ros2_ws/install/gs_pkg' for CMake config files
[17.717s] Level 1:colcon.colcon_core.environment:checking '/home/dron/Praca-magisterska/ros2_ws/install/gs_pkg/lib'
[17.718s] Level 1:colcon.colcon_core.environment:checking '/home/dron/Praca-magisterska/ros2_ws/install/gs_pkg/bin'
[17.718s] Level 1:colcon.colcon_core.environment:checking '/home/dron/Praca-magisterska/ros2_ws/install/gs_pkg/lib/pkgconfig/gs_pkg.pc'
[17.720s] Level 1:colcon.colcon_core.environment:checking '/home/dron/Praca-magisterska/ros2_ws/install/gs_pkg/lib/python3.10/site-packages'
[17.720s] Level 1:colcon.colcon_core.shell:create_environment_hook('gs_pkg', 'pythonpath')
[17.722s] INFO:colcon.colcon_core.shell:Creating environment hook '/home/dron/Praca-magisterska/ros2_ws/install/gs_pkg/share/gs_pkg/hook/pythonpath.ps1'
[17.726s] INFO:colcon.colcon_core.shell:Creating environment descriptor '/home/dron/Praca-magisterska/ros2_ws/install/gs_pkg/share/gs_pkg/hook/pythonpath.dsv'
[17.729s] INFO:colcon.colcon_core.shell:Creating environment hook '/home/dron/Praca-magisterska/ros2_ws/install/gs_pkg/share/gs_pkg/hook/pythonpath.sh'
[17.732s] Level 1:colcon.colcon_core.environment:checking '/home/dron/Praca-magisterska/ros2_ws/install/gs_pkg/bin'
[17.733s] Level 1:colcon.colcon_core.environment:create_environment_scripts_only(gs_pkg)
[17.735s] INFO:colcon.colcon_core.shell:Creating package script '/home/dron/Praca-magisterska/ros2_ws/install/gs_pkg/share/gs_pkg/package.ps1'
[17.737s] INFO:colcon.colcon_core.shell:Creating package descriptor '/home/dron/Praca-magisterska/ros2_ws/install/gs_pkg/share/gs_pkg/package.dsv'
[17.740s] INFO:colcon.colcon_core.shell:Creating package script '/home/dron/Praca-magisterska/ros2_ws/install/gs_pkg/share/gs_pkg/package.sh'
[17.743s] INFO:colcon.colcon_core.shell:Creating package script '/home/dron/Praca-magisterska/ros2_ws/install/gs_pkg/share/gs_pkg/package.bash'
[17.745s] INFO:colcon.colcon_core.shell:Creating package script '/home/dron/Praca-magisterska/ros2_ws/install/gs_pkg/share/gs_pkg/package.zsh'
[17.749s] Level 1:colcon.colcon_core.environment:create_file_with_runtime_dependencies(/home/dron/Praca-magisterska/ros2_ws/install/gs_pkg/share/colcon-core/packages/gs_pkg)
[18.002s] DEBUG:colcon.colcon_core.event_handler.log_command:Invoking command in '/home/dron/Praca-magisterska/ros2_ws/src/um7_pkg': CMAKE_PREFIX_PATH=/home/dron/Praca-magisterska/ros2_ws/install/custom_msgs:/home/dron/Praca-magisterska/ros2_ws/install/my_cpp_pkg PS1=(venv) \[\e]0;\u@\h: \w\a\]${debian_chroot:+($debian_chroot)}\u@\h:\w\$ PYTHONPATH=/home/dron/Praca-magisterska/ros2_ws/build/um7_pkg/prefix_override:/usr/lib/python3/dist-packages/colcon_core/task/python/colcon_distutils_commands:/home/dron/Praca-magisterska/ros2_ws/install/um7_pkg/lib/python3.10/site-packages:${PYTHONPATH} VIRTUAL_ENV_PROMPT=(venv) /usr/bin/python3 -W ignore:setup.py install is deprecated -W ignore:easy_install command is deprecated setup.py egg_info --egg-base ../../build/um7_pkg build --build-base /home/dron/Praca-magisterska/ros2_ws/build/um7_pkg/build install --record /home/dron/Praca-magisterska/ros2_ws/build/um7_pkg/install.log --single-version-externally-managed install_data
[18.019s] DEBUG:colcon.colcon_core.event_handler.log_command:Invoking command in '/home/dron/Praca-magisterska/ros2_ws/src/log_data_pkg': CMAKE_PREFIX_PATH=/home/dron/Praca-magisterska/ros2_ws/install/custom_msgs:/home/dron/Praca-magisterska/ros2_ws/install/my_cpp_pkg PS1=(venv) \[\e]0;\u@\h: \w\a\]${debian_chroot:+($debian_chroot)}\u@\h:\w\$ PYTHONPATH=/home/dron/Praca-magisterska/ros2_ws/build/log_data_pkg/prefix_override:/usr/lib/python3/dist-packages/colcon_core/task/python/colcon_distutils_commands:/home/dron/Praca-magisterska/ros2_ws/install/log_data_pkg/lib/python3.10/site-packages:${PYTHONPATH} VIRTUAL_ENV_PROMPT=(venv) /usr/bin/python3 -W ignore:setup.py install is deprecated -W ignore:easy_install command is deprecated setup.py egg_info --egg-base ../../build/log_data_pkg build --build-base /home/dron/Praca-magisterska/ros2_ws/build/log_data_pkg/build install --record /home/dron/Praca-magisterska/ros2_ws/build/log_data_pkg/install.log --single-version-externally-managed install_data
[19.432s] Level 1:colcon.colcon_core.environment:checking '/home/dron/Praca-magisterska/ros2_ws/install/um7_pkg' for CMake module files
[19.436s] DEBUG:colcon.colcon_core.event_handler.log_command:Invoked command in '/home/dron/Praca-magisterska/ros2_ws/src/um7_pkg' returned '0': CMAKE_PREFIX_PATH=/home/dron/Praca-magisterska/ros2_ws/install/custom_msgs:/home/dron/Praca-magisterska/ros2_ws/install/my_cpp_pkg PS1=(venv) \[\e]0;\u@\h: \w\a\]${debian_chroot:+($debian_chroot)}\u@\h:\w\$ PYTHONPATH=/home/dron/Praca-magisterska/ros2_ws/build/um7_pkg/prefix_override:/usr/lib/python3/dist-packages/colcon_core/task/python/colcon_distutils_commands:/home/dron/Praca-magisterska/ros2_ws/install/um7_pkg/lib/python3.10/site-packages:${PYTHONPATH} VIRTUAL_ENV_PROMPT=(venv) /usr/bin/python3 -W ignore:setup.py install is deprecated -W ignore:easy_install command is deprecated setup.py egg_info --egg-base ../../build/um7_pkg build --build-base /home/dron/Praca-magisterska/ros2_ws/build/um7_pkg/build install --record /home/dron/Praca-magisterska/ros2_ws/build/um7_pkg/install.log --single-version-externally-managed install_data
[19.440s] Level 1:colcon.colcon_core.environment:checking '/home/dron/Praca-magisterska/ros2_ws/install/um7_pkg' for CMake config files
[19.447s] Level 1:colcon.colcon_core.environment:checking '/home/dron/Praca-magisterska/ros2_ws/install/um7_pkg/lib'
[19.448s] Level 1:colcon.colcon_core.environment:checking '/home/dron/Praca-magisterska/ros2_ws/install/um7_pkg/bin'
[19.449s] Level 1:colcon.colcon_core.environment:checking '/home/dron/Praca-magisterska/ros2_ws/install/um7_pkg/lib/pkgconfig/um7_pkg.pc'
[19.450s] Level 1:colcon.colcon_core.environment:checking '/home/dron/Praca-magisterska/ros2_ws/install/um7_pkg/lib/python3.10/site-packages'
[19.451s] Level 1:colcon.colcon_core.shell:create_environment_hook('um7_pkg', 'pythonpath')
[19.452s] INFO:colcon.colcon_core.shell:Creating environment hook '/home/dron/Praca-magisterska/ros2_ws/install/um7_pkg/share/um7_pkg/hook/pythonpath.ps1'
[19.455s] INFO:colcon.colcon_core.shell:Creating environment descriptor '/home/dron/Praca-magisterska/ros2_ws/install/um7_pkg/share/um7_pkg/hook/pythonpath.dsv'
[19.458s] INFO:colcon.colcon_core.shell:Creating environment hook '/home/dron/Praca-magisterska/ros2_ws/install/um7_pkg/share/um7_pkg/hook/pythonpath.sh'
[19.462s] Level 1:colcon.colcon_core.environment:checking '/home/dron/Praca-magisterska/ros2_ws/install/um7_pkg/bin'
[19.463s] Level 1:colcon.colcon_core.environment:create_environment_scripts_only(um7_pkg)
[19.466s] INFO:colcon.colcon_core.shell:Creating package script '/home/dron/Praca-magisterska/ros2_ws/install/um7_pkg/share/um7_pkg/package.ps1'
[19.470s] INFO:colcon.colcon_core.shell:Creating package descriptor '/home/dron/Praca-magisterska/ros2_ws/install/um7_pkg/share/um7_pkg/package.dsv'
[19.473s] INFO:colcon.colcon_core.shell:Creating package script '/home/dron/Praca-magisterska/ros2_ws/install/um7_pkg/share/um7_pkg/package.sh'
[19.476s] INFO:colcon.colcon_core.shell:Creating package script '/home/dron/Praca-magisterska/ros2_ws/install/um7_pkg/share/um7_pkg/package.bash'
[19.480s] INFO:colcon.colcon_core.shell:Creating package script '/home/dron/Praca-magisterska/ros2_ws/install/um7_pkg/share/um7_pkg/package.zsh'
[19.482s] Level 1:colcon.colcon_core.environment:create_file_with_runtime_dependencies(/home/dron/Praca-magisterska/ros2_ws/install/um7_pkg/share/colcon-core/packages/um7_pkg)
[19.488s] Level 1:colcon.colcon_core.environment:checking '/home/dron/Praca-magisterska/ros2_ws/install/log_data_pkg' for CMake module files
[19.491s] DEBUG:colcon.colcon_core.event_handler.log_command:Invoked command in '/home/dron/Praca-magisterska/ros2_ws/src/log_data_pkg' returned '0': CMAKE_PREFIX_PATH=/home/dron/Praca-magisterska/ros2_ws/install/custom_msgs:/home/dron/Praca-magisterska/ros2_ws/install/my_cpp_pkg PS1=(venv) \[\e]0;\u@\h: \w\a\]${debian_chroot:+($debian_chroot)}\u@\h:\w\$ PYTHONPATH=/home/dron/Praca-magisterska/ros2_ws/build/log_data_pkg/prefix_override:/usr/lib/python3/dist-packages/colcon_core/task/python/colcon_distutils_commands:/home/dron/Praca-magisterska/ros2_ws/install/log_data_pkg/lib/python3.10/site-packages:${PYTHONPATH} VIRTUAL_ENV_PROMPT=(venv) /usr/bin/python3 -W ignore:setup.py install is deprecated -W ignore:easy_install command is deprecated setup.py egg_info --egg-base ../../build/log_data_pkg build --build-base /home/dron/Praca-magisterska/ros2_ws/build/log_data_pkg/build install --record /home/dron/Praca-magisterska/ros2_ws/build/log_data_pkg/install.log --single-version-externally-managed install_data
[19.493s] Level 1:colcon.colcon_core.environment:checking '/home/dron/Praca-magisterska/ros2_ws/install/log_data_pkg' for CMake config files
[19.497s] Level 1:colcon.colcon_core.environment:checking '/home/dron/Praca-magisterska/ros2_ws/install/log_data_pkg/lib'
[19.497s] Level 1:colcon.colcon_core.environment:checking '/home/dron/Praca-magisterska/ros2_ws/install/log_data_pkg/bin'
[19.498s] Level 1:colcon.colcon_core.environment:checking '/home/dron/Praca-magisterska/ros2_ws/install/log_data_pkg/lib/pkgconfig/log_data_pkg.pc'
[19.499s] Level 1:colcon.colcon_core.environment:checking '/home/dron/Praca-magisterska/ros2_ws/install/log_data_pkg/lib/python3.10/site-packages'
[19.499s] Level 1:colcon.colcon_core.shell:create_environment_hook('log_data_pkg', 'pythonpath')
[19.500s] INFO:colcon.colcon_core.shell:Creating environment hook '/home/dron/Praca-magisterska/ros2_ws/install/log_data_pkg/share/log_data_pkg/hook/pythonpath.ps1'
[19.502s] INFO:colcon.colcon_core.shell:Creating environment descriptor '/home/dron/Praca-magisterska/ros2_ws/install/log_data_pkg/share/log_data_pkg/hook/pythonpath.dsv'
[19.504s] INFO:colcon.colcon_core.shell:Creating environment hook '/home/dron/Praca-magisterska/ros2_ws/install/log_data_pkg/share/log_data_pkg/hook/pythonpath.sh'
[19.507s] Level 1:colcon.colcon_core.environment:checking '/home/dron/Praca-magisterska/ros2_ws/install/log_data_pkg/bin'
[19.508s] Level 1:colcon.colcon_core.environment:create_environment_scripts_only(log_data_pkg)
[19.509s] INFO:colcon.colcon_core.shell:Creating package script '/home/dron/Praca-magisterska/ros2_ws/install/log_data_pkg/share/log_data_pkg/package.ps1'
[19.512s] INFO:colcon.colcon_core.shell:Creating package descriptor '/home/dron/Praca-magisterska/ros2_ws/install/log_data_pkg/share/log_data_pkg/package.dsv'
[19.514s] INFO:colcon.colcon_core.shell:Creating package script '/home/dron/Praca-magisterska/ros2_ws/install/log_data_pkg/share/log_data_pkg/package.sh'
[19.516s] INFO:colcon.colcon_core.shell:Creating package script '/home/dron/Praca-magisterska/ros2_ws/install/log_data_pkg/share/log_data_pkg/package.bash'
[19.518s] INFO:colcon.colcon_core.shell:Creating package script '/home/dron/Praca-magisterska/ros2_ws/install/log_data_pkg/share/log_data_pkg/package.zsh'
[19.520s] Level 1:colcon.colcon_core.environment:create_file_with_runtime_dependencies(/home/dron/Praca-magisterska/ros2_ws/install/log_data_pkg/share/colcon-core/packages/log_data_pkg)
[19.522s] DEBUG:colcon.colcon_parallel_executor.executor.parallel:closing loop
[19.523s] DEBUG:colcon.colcon_parallel_executor.executor.parallel:loop closed
[19.523s] DEBUG:colcon.colcon_parallel_executor.executor.parallel:run_until_complete finished with '0'
[19.523s] DEBUG:colcon.colcon_core.event_reactor:joining thread
[19.548s] INFO:colcon.colcon_core.plugin_system:Skipping extension 'colcon_notification.desktop_notification.notify_send': Could not find 'notify-send'
[19.549s] INFO:colcon.colcon_core.plugin_system:Skipping extension 'colcon_notification.desktop_notification.terminal_notifier': Not used on non-Darwin systems
[19.549s] INFO:colcon.colcon_core.plugin_system:Skipping extension 'colcon_notification.desktop_notification.win32': Not used on non-Windows systems
[19.549s] INFO:colcon.colcon_notification.desktop_notification:Sending desktop notification using 'notify2'
[19.552s] DEBUG:colcon.colcon_notification.desktop_notification.notify2:Failed to initialize notify2: org.freedesktop.DBus.Error.ServiceUnknown: The name org.freedesktop.Notifications was not provided by any .service files
[19.553s] DEBUG:colcon.colcon_core.event_reactor:joined thread
[19.554s] INFO:colcon.colcon_core.shell:Creating prefix script '/home/dron/Praca-magisterska/ros2_ws/install/local_setup.ps1'
[19.558s] INFO:colcon.colcon_core.shell:Creating prefix util module '/home/dron/Praca-magisterska/ros2_ws/install/_local_setup_util_ps1.py'
[19.564s] INFO:colcon.colcon_core.shell:Creating prefix chain script '/home/dron/Praca-magisterska/ros2_ws/install/setup.ps1'
[19.570s] INFO:colcon.colcon_core.shell:Creating prefix script '/home/dron/Praca-magisterska/ros2_ws/install/local_setup.sh'
[19.573s] INFO:colcon.colcon_core.shell:Creating prefix util module '/home/dron/Praca-magisterska/ros2_ws/install/_local_setup_util_sh.py'
[19.576s] INFO:colcon.colcon_core.shell:Creating prefix chain script '/home/dron/Praca-magisterska/ros2_ws/install/setup.sh'
[19.583s] INFO:colcon.colcon_core.shell:Creating prefix script '/home/dron/Praca-magisterska/ros2_ws/install/local_setup.bash'
[19.585s] INFO:colcon.colcon_core.shell:Creating prefix chain script '/home/dron/Praca-magisterska/ros2_ws/install/setup.bash'
[19.592s] INFO:colcon.colcon_core.shell:Creating prefix script '/home/dron/Praca-magisterska/ros2_ws/install/local_setup.zsh'
[19.595s] INFO:colcon.colcon_core.shell:Creating prefix chain script '/home/dron/Praca-magisterska/ros2_ws/install/setup.zsh'
