[0.071s] Invoking command in '/home/dron/Praca-magisterska/ros2_ws/build/custom_msgs': CMAKE_PREFIX_PATH=${CMAKE_PREFIX_PATH}:/home/dron/Praca-magisterska/ros2_ws/install/um7_pkg:/home/dron/Praca-magisterska/ros2_ws/install/my_py_pkg:/home/dron/Praca-magisterska/ros2_ws/install/log_data_pkg:/home/dron/Praca-magisterska/ros2_ws/install/flight_controller_pkg:/home/dron/Praca-magisterska/ros2_ws/install/flask_pkg:/home/dron/Praca-magisterska/ros2_ws/install/estimator_pkg PS1=(venv) \[\e]0;\u@\h: \w\a\]${debian_chroot:+($debian_chroot)}\u@\h:\w\$ VIRTUAL_ENV_PROMPT=(venv) /usr/bin/cmake /home/dron/Praca-magisterska/ros2_ws/src/custom_msgs -DCMAKE_INSTALL_PREFIX=/home/dron/Praca-magisterska/ros2_ws/install/custom_msgs
[0.991s] -- The C compiler identification is GNU 11.4.0
[1.808s] -- The CXX compiler identification is GNU 11.4.0
[1.860s] -- Detecting C compiler ABI info
[2.227s] -- Detecting C compiler ABI info - done
[2.258s] -- Check for working C compiler: /usr/bin/cc - skipped
[2.262s] -- Detecting C compile features
[2.266s] -- Detecting C compile features - done
[2.288s] -- Detecting CXX compiler ABI info
[2.682s] -- Detecting CXX compiler ABI info - done
[2.712s] -- Check for working CXX compiler: /usr/bin/c++ - skipped
[2.714s] -- Detecting CXX compile features
[2.718s] -- Detecting CXX compile features - done
[2.790s] -- Configuring incomplete, errors occurred!
[2.791s] See also "/home/dron/Praca-magisterska/ros2_ws/build/custom_msgs/CMakeFiles/CMakeOutput.log".
[2.819s] [31mCMake Error at CMakeLists.txt:9 (find_package):
[2.820s]   By not providing "Findament_cmake.cmake" in CMAKE_MODULE_PATH this project
[2.821s]   has asked CMake to find a package configuration file provided by
[2.821s]   "ament_cmake", but CMake did not find one.
[2.822s] 
[2.822s]   Could not find a package configuration file provided by "ament_cmake" with
[2.823s]   any of the following names:
[2.823s] 
[2.823s]     ament_cmakeConfig.cmake
[2.824s]     ament_cmake-config.cmake
[2.824s] 
[2.824s]   Add the installation prefix of "ament_cmake" to CMAKE_PREFIX_PATH or set
[2.825s]   "ament_cmake_DIR" to a directory containing one of the above files.  If
[2.825s]   "ament_cmake" provides a separate development package or SDK, be sure it
[2.826s]   has been installed.
[2.826s] 
[2.826s] [0m
[2.829s] Invoked command in '/home/dron/Praca-magisterska/ros2_ws/build/custom_msgs' returned '1': CMAKE_PREFIX_PATH=${CMAKE_PREFIX_PATH}:/home/dron/Praca-magisterska/ros2_ws/install/um7_pkg:/home/dron/Praca-magisterska/ros2_ws/install/my_py_pkg:/home/dron/Praca-magisterska/ros2_ws/install/log_data_pkg:/home/dron/Praca-magisterska/ros2_ws/install/flight_controller_pkg:/home/dron/Praca-magisterska/ros2_ws/install/flask_pkg:/home/dron/Praca-magisterska/ros2_ws/install/estimator_pkg PS1=(venv) \[\e]0;\u@\h: \w\a\]${debian_chroot:+($debian_chroot)}\u@\h:\w\$ VIRTUAL_ENV_PROMPT=(venv) /usr/bin/cmake /home/dron/Praca-magisterska/ros2_ws/src/custom_msgs -DCMAKE_INSTALL_PREFIX=/home/dron/Praca-magisterska/ros2_ws/install/custom_msgs
