[6.892s] Invoking command in '/home/dron/Praca-magisterska/ros2_ws/src/estimator_pkg': CMAKE_PREFIX_PATH=/home/dron/Praca-magisterska/ros2_ws/install/custom_msgs:/home/dron/Praca-magisterska/ros2_ws/install/my_cpp_pkg PS1=(venv) \[\e]0;\u@\h: \w\a\]${debian_chroot:+($debian_chroot)}\u@\h:\w\$ PYTHONPATH=/home/dron/Praca-magisterska/ros2_ws/build/estimator_pkg/prefix_override:/usr/lib/python3/dist-packages/colcon_core/task/python/colcon_distutils_commands:/home/dron/Praca-magisterska/ros2_ws/install/estimator_pkg/lib/python3.10/site-packages:${PYTHONPATH} VIRTUAL_ENV_PROMPT=(venv) /usr/bin/python3 -W ignore:setup.py install is deprecated -W ignore:easy_install command is deprecated setup.py egg_info --egg-base ../../build/estimator_pkg build --build-base /home/dron/Praca-magisterska/ros2_ws/build/estimator_pkg/build install --record /home/dron/Praca-magisterska/ros2_ws/build/estimator_pkg/install.log --single-version-externally-managed install_data
[8.343s] running egg_info
[8.355s] writing ../../build/estimator_pkg/estimator_pkg.egg-info/PKG-INFO
[8.358s] writing dependency_links to ../../build/estimator_pkg/estimator_pkg.egg-info/dependency_links.txt
[8.363s] writing entry points to ../../build/estimator_pkg/estimator_pkg.egg-info/entry_points.txt
[8.372s] writing requirements to ../../build/estimator_pkg/estimator_pkg.egg-info/requires.txt
[8.375s] writing top-level names to ../../build/estimator_pkg/estimator_pkg.egg-info/top_level.txt
[8.393s] reading manifest file '../../build/estimator_pkg/estimator_pkg.egg-info/SOURCES.txt'
[8.411s] writing manifest file '../../build/estimator_pkg/estimator_pkg.egg-info/SOURCES.txt'
[8.416s] running build
[8.417s] running build_py
[8.419s] running install
[8.421s] running install_lib
[8.433s] running install_data
[8.435s] running install_egg_info
[8.450s] removing '/home/dron/Praca-magisterska/ros2_ws/install/estimator_pkg/lib/python3.10/site-packages/estimator_pkg-0.0.0-py3.10.egg-info' (and everything under it)
[8.466s] Copying ../../build/estimator_pkg/estimator_pkg.egg-info to /home/dron/Praca-magisterska/ros2_ws/install/estimator_pkg/lib/python3.10/site-packages/estimator_pkg-0.0.0-py3.10.egg-info
[8.483s] running install_scripts
[8.626s] Installing estimator_node script to /home/dron/Praca-magisterska/ros2_ws/install/estimator_pkg/lib/estimator_pkg
[8.630s] writing list of installed files to '/home/dron/Praca-magisterska/ros2_ws/build/estimator_pkg/install.log'
[8.980s] Invoked command in '/home/dron/Praca-magisterska/ros2_ws/src/estimator_pkg' returned '0': CMAKE_PREFIX_PATH=/home/dron/Praca-magisterska/ros2_ws/install/custom_msgs:/home/dron/Praca-magisterska/ros2_ws/install/my_cpp_pkg PS1=(venv) \[\e]0;\u@\h: \w\a\]${debian_chroot:+($debian_chroot)}\u@\h:\w\$ PYTHONPATH=/home/dron/Praca-magisterska/ros2_ws/build/estimator_pkg/prefix_override:/usr/lib/python3/dist-packages/colcon_core/task/python/colcon_distutils_commands:/home/dron/Praca-magisterska/ros2_ws/install/estimator_pkg/lib/python3.10/site-packages:${PYTHONPATH} VIRTUAL_ENV_PROMPT=(venv) /usr/bin/python3 -W ignore:setup.py install is deprecated -W ignore:easy_install command is deprecated setup.py egg_info --egg-base ../../build/estimator_pkg build --build-base /home/dron/Praca-magisterska/ros2_ws/build/estimator_pkg/build install --record /home/dron/Praca-magisterska/ros2_ws/build/estimator_pkg/install.log --single-version-externally-managed install_data
